<?xml version="1.0" encoding="ISO-8859-1" ?>
<link_info>
   <banner>TI ARM Linker PC v18.12.4.LTS</banner>
   <copyright>Copyright (c) 1996-2018 Texas Instruments Incorporated</copyright>
   <link_time>0x5e3e89bd</link_time>
   <link_errors>0x0</link_errors>
   <output_file>Com_last_year.out</output_file>
   <entry_point>
      <name>_c_int00_noargs</name>
      <address>0x9151</address>
   </entry_point>
   <input_file_list>
      <input_file id="fl-2">
         <path>.\</path>
         <kind>object</kind>
         <file>Delay.obj</file>
         <name>Delay.obj</name>
      </input_file>
      <input_file id="fl-3">
         <path>.\</path>
         <kind>object</kind>
         <file>Dio.obj</file>
         <name>Dio.obj</name>
      </input_file>
      <input_file id="fl-4">
         <path>.\</path>
         <kind>object</kind>
         <file>LCDInit.obj</file>
         <name>LCDInit.obj</name>
      </input_file>
      <input_file id="fl-5">
         <path>.\</path>
         <kind>object</kind>
         <file>PORTF.obj</file>
         <name>PORTF.obj</name>
      </input_file>
      <input_file id="fl-6">
         <path>.\</path>
         <kind>object</kind>
         <file>RX_main.obj</file>
         <name>RX_main.obj</name>
      </input_file>
      <input_file id="fl-7">
         <path>.\</path>
         <kind>object</kind>
         <file>Timer0A.obj</file>
         <name>Timer0A.obj</name>
      </input_file>
      <input_file id="fl-8">
         <path>.\</path>
         <kind>object</kind>
         <file>main.obj</file>
         <name>main.obj</name>
      </input_file>
      <input_file id="fl-9">
         <path>.\</path>
         <kind>object</kind>
         <file>tm4c123gh6pm_startup_ccs.obj</file>
         <name>tm4c123gh6pm_startup_ccs.obj</name>
      </input_file>
      <input_file id="fl-a">
         <path>.\OS\</path>
         <kind>object</kind>
         <file>InitConsole.obj</file>
         <name>InitConsole.obj</name>
      </input_file>
      <input_file id="fl-b">
         <path>.\OS\</path>
         <kind>object</kind>
         <file>Lcfg.obj</file>
         <name>Lcfg.obj</name>
      </input_file>
      <input_file id="fl-c">
         <path>.\OS\</path>
         <kind>object</kind>
         <file>alarm.obj</file>
         <name>alarm.obj</name>
      </input_file>
      <input_file id="fl-d">
         <path>.\OS\</path>
         <kind>object</kind>
         <file>event.obj</file>
         <name>event.obj</name>
      </input_file>
      <input_file id="fl-e">
         <path>.\OS\</path>
         <kind>object</kind>
         <file>interrupt.obj</file>
         <name>interrupt.obj</name>
      </input_file>
      <input_file id="fl-f">
         <path>.\OS\</path>
         <kind>object</kind>
         <file>resource.obj</file>
         <name>resource.obj</name>
      </input_file>
      <input_file id="fl-10">
         <path>.\OS\</path>
         <kind>object</kind>
         <file>task.obj</file>
         <name>task.obj</name>
      </input_file>
      <input_file id="fl-11">
         <path>.\Rte\</path>
         <kind>object</kind>
         <file>Rte.obj</file>
         <name>Rte.obj</name>
      </input_file>
      <input_file id="fl-12">
         <path>.\Rte\</path>
         <kind>object</kind>
         <file>Rte_SeatHeater.obj</file>
         <name>Rte_SeatHeater.obj</name>
      </input_file>
      <input_file id="fl-13">
         <path>.\Rte\</path>
         <kind>object</kind>
         <file>Rte_SeatSensorLeft.obj</file>
         <name>Rte_SeatSensorLeft.obj</name>
      </input_file>
      <input_file id="fl-14">
         <path>.\Rte\</path>
         <kind>object</kind>
         <file>Rte_SeatSensorRight.obj</file>
         <name>Rte_SeatSensorRight.obj</name>
      </input_file>
      <input_file id="fl-15">
         <path>.\driverlib\</path>
         <kind>object</kind>
         <file>adc.obj</file>
         <name>adc.obj</name>
      </input_file>
      <input_file id="fl-16">
         <path>.\driverlib\</path>
         <kind>object</kind>
         <file>aes.obj</file>
         <name>aes.obj</name>
      </input_file>
      <input_file id="fl-17">
         <path>.\driverlib\</path>
         <kind>object</kind>
         <file>can.obj</file>
         <name>can.obj</name>
      </input_file>
      <input_file id="fl-18">
         <path>.\driverlib\</path>
         <kind>object</kind>
         <file>comp.obj</file>
         <name>comp.obj</name>
      </input_file>
      <input_file id="fl-19">
         <path>.\driverlib\</path>
         <kind>object</kind>
         <file>cpu.obj</file>
         <name>cpu.obj</name>
      </input_file>
      <input_file id="fl-1a">
         <path>.\driverlib\</path>
         <kind>object</kind>
         <file>crc.obj</file>
         <name>crc.obj</name>
      </input_file>
      <input_file id="fl-1b">
         <path>.\driverlib\</path>
         <kind>object</kind>
         <file>des.obj</file>
         <name>des.obj</name>
      </input_file>
      <input_file id="fl-1c">
         <path>.\driverlib\</path>
         <kind>object</kind>
         <file>eeprom.obj</file>
         <name>eeprom.obj</name>
      </input_file>
      <input_file id="fl-1d">
         <path>.\driverlib\</path>
         <kind>object</kind>
         <file>emac.obj</file>
         <name>emac.obj</name>
      </input_file>
      <input_file id="fl-1e">
         <path>.\driverlib\</path>
         <kind>object</kind>
         <file>epi.obj</file>
         <name>epi.obj</name>
      </input_file>
      <input_file id="fl-1f">
         <path>.\driverlib\</path>
         <kind>object</kind>
         <file>flash.obj</file>
         <name>flash.obj</name>
      </input_file>
      <input_file id="fl-20">
         <path>.\driverlib\</path>
         <kind>object</kind>
         <file>fpu.obj</file>
         <name>fpu.obj</name>
      </input_file>
      <input_file id="fl-21">
         <path>.\driverlib\</path>
         <kind>object</kind>
         <file>gpio.obj</file>
         <name>gpio.obj</name>
      </input_file>
      <input_file id="fl-22">
         <path>.\driverlib\</path>
         <kind>object</kind>
         <file>hibernate.obj</file>
         <name>hibernate.obj</name>
      </input_file>
      <input_file id="fl-23">
         <path>.\driverlib\</path>
         <kind>object</kind>
         <file>i2c.obj</file>
         <name>i2c.obj</name>
      </input_file>
      <input_file id="fl-24">
         <path>.\driverlib\</path>
         <kind>object</kind>
         <file>interrupt.obj</file>
         <name>interrupt.obj</name>
      </input_file>
      <input_file id="fl-25">
         <path>.\driverlib\</path>
         <kind>object</kind>
         <file>lcd.obj</file>
         <name>lcd.obj</name>
      </input_file>
      <input_file id="fl-26">
         <path>.\driverlib\</path>
         <kind>object</kind>
         <file>mpu.obj</file>
         <name>mpu.obj</name>
      </input_file>
      <input_file id="fl-27">
         <path>.\driverlib\</path>
         <kind>object</kind>
         <file>onewire.obj</file>
         <name>onewire.obj</name>
      </input_file>
      <input_file id="fl-28">
         <path>.\driverlib\</path>
         <kind>object</kind>
         <file>pwm.obj</file>
         <name>pwm.obj</name>
      </input_file>
      <input_file id="fl-29">
         <path>.\driverlib\</path>
         <kind>object</kind>
         <file>qei.obj</file>
         <name>qei.obj</name>
      </input_file>
      <input_file id="fl-2a">
         <path>.\driverlib\</path>
         <kind>object</kind>
         <file>shamd5.obj</file>
         <name>shamd5.obj</name>
      </input_file>
      <input_file id="fl-2b">
         <path>.\driverlib\</path>
         <kind>object</kind>
         <file>ssi.obj</file>
         <name>ssi.obj</name>
      </input_file>
      <input_file id="fl-2c">
         <path>.\driverlib\</path>
         <kind>object</kind>
         <file>sw_crc.obj</file>
         <name>sw_crc.obj</name>
      </input_file>
      <input_file id="fl-2d">
         <path>.\driverlib\</path>
         <kind>object</kind>
         <file>sysctl.obj</file>
         <name>sysctl.obj</name>
      </input_file>
      <input_file id="fl-2e">
         <path>.\driverlib\</path>
         <kind>object</kind>
         <file>sysexc.obj</file>
         <name>sysexc.obj</name>
      </input_file>
      <input_file id="fl-2f">
         <path>.\driverlib\</path>
         <kind>object</kind>
         <file>systick.obj</file>
         <name>systick.obj</name>
      </input_file>
      <input_file id="fl-30">
         <path>.\driverlib\</path>
         <kind>object</kind>
         <file>timer.obj</file>
         <name>timer.obj</name>
      </input_file>
      <input_file id="fl-31">
         <path>.\driverlib\</path>
         <kind>object</kind>
         <file>uart.obj</file>
         <name>uart.obj</name>
      </input_file>
      <input_file id="fl-32">
         <path>.\driverlib\</path>
         <kind>object</kind>
         <file>udma.obj</file>
         <name>udma.obj</name>
      </input_file>
      <input_file id="fl-33">
         <path>.\driverlib\</path>
         <kind>object</kind>
         <file>usb.obj</file>
         <name>usb.obj</name>
      </input_file>
      <input_file id="fl-34">
         <path>.\driverlib\</path>
         <kind>object</kind>
         <file>watchdog.obj</file>
         <name>watchdog.obj</name>
      </input_file>
      <input_file id="fl-35">
         <path>.\freertos\</path>
         <kind>object</kind>
         <file>list.obj</file>
         <name>list.obj</name>
      </input_file>
      <input_file id="fl-36">
         <path>.\portable\</path>
         <kind>object</kind>
         <file>port.obj</file>
         <name>port.obj</name>
      </input_file>
      <input_file id="fl-37">
         <path>.\portable\</path>
         <kind>object</kind>
         <file>portasm.obj</file>
         <name>portasm.obj</name>
      </input_file>
      <input_file id="fl-38">
         <path>.\source\</path>
         <kind>object</kind>
         <file>Can.obj</file>
         <name>Can.obj</name>
      </input_file>
      <input_file id="fl-39">
         <path>.\source\</path>
         <kind>object</kind>
         <file>CanIf.obj</file>
         <name>CanIf.obj</name>
      </input_file>
      <input_file id="fl-3a">
         <path>.\source\</path>
         <kind>object</kind>
         <file>CanIf_Cfg.obj</file>
         <name>CanIf_Cfg.obj</name>
      </input_file>
      <input_file id="fl-3b">
         <path>.\source\</path>
         <kind>object</kind>
         <file>CanIf_Sec_cfg.obj</file>
         <name>CanIf_Sec_cfg.obj</name>
      </input_file>
      <input_file id="fl-3c">
         <path>.\source\</path>
         <kind>object</kind>
         <file>CanTpRuntime.obj</file>
         <name>CanTpRuntime.obj</name>
      </input_file>
      <input_file id="fl-3d">
         <path>.\source\</path>
         <kind>object</kind>
         <file>CanTp_Cfg.obj</file>
         <name>CanTp_Cfg.obj</name>
      </input_file>
      <input_file id="fl-3e">
         <path>.\source\</path>
         <kind>object</kind>
         <file>Com.obj</file>
         <name>Com.obj</name>
      </input_file>
      <input_file id="fl-3f">
         <path>.\source\</path>
         <kind>object</kind>
         <file>Com_Asu_Cfg.obj</file>
         <name>Com_Asu_Cfg.obj</name>
      </input_file>
      <input_file id="fl-40">
         <path>.\source\</path>
         <kind>object</kind>
         <file>Com_Buffer.obj</file>
         <name>Com_Buffer.obj</name>
      </input_file>
      <input_file id="fl-41">
         <path>.\source\</path>
         <kind>object</kind>
         <file>Com_Cfg.obj</file>
         <name>Com_Cfg.obj</name>
      </input_file>
      <input_file id="fl-42">
         <path>.\source\</path>
         <kind>object</kind>
         <file>Com_helper.obj</file>
         <name>Com_helper.obj</name>
      </input_file>
      <input_file id="fl-43">
         <path>.\source\</path>
         <kind>object</kind>
         <file>Helper_Functions.obj</file>
         <name>Helper_Functions.obj</name>
      </input_file>
      <input_file id="fl-44">
         <path>.\source\</path>
         <kind>object</kind>
         <file>PDURmy.obj</file>
         <name>PDURmy.obj</name>
      </input_file>
      <input_file id="fl-45">
         <path>.\source\</path>
         <kind>object</kind>
         <file>PduR.obj</file>
         <name>PduR.obj</name>
      </input_file>
      <input_file id="fl-46">
         <path>.\source\</path>
         <kind>object</kind>
         <file>PduR_helper.obj</file>
         <name>PduR_helper.obj</name>
      </input_file>
      <input_file id="fl-47">
         <path>.\source\</path>
         <kind>object</kind>
         <file>cantp.obj</file>
         <name>cantp.obj</name>
      </input_file>
      <input_file id="fl-48">
         <path>.\utils\</path>
         <kind>object</kind>
         <file>uartstdio.obj</file>
         <name>uartstdio.obj</name>
      </input_file>
      <input_file id="fl-4c">
         <kind>object</kind>
         <file>&lt;internal&gt;</file>
         <name>&lt;internal&gt;</name>
      </input_file>
      <input_file id="fl-102">
         <path>C:\ti\ccs930\ccs\tools\compiler\ti-cgt-arm_18.12.4.LTS\lib\</path>
         <kind>archive</kind>
         <file>rtsv7M4_T_le_v4SPD16_eabi.lib</file>
         <name>s_ceil.c.obj</name>
      </input_file>
      <input_file id="fl-103">
         <path>C:\ti\ccs930\ccs\tools\compiler\ti-cgt-arm_18.12.4.LTS\lib\</path>
         <kind>archive</kind>
         <file>rtsv7M4_T_le_v4SPD16_eabi.lib</file>
         <name>fd_add_t2.asm.obj</name>
      </input_file>
      <input_file id="fl-104">
         <path>C:\ti\ccs930\ccs\tools\compiler\ti-cgt-arm_18.12.4.LTS\lib\</path>
         <kind>archive</kind>
         <file>rtsv7M4_T_le_v4SPD16_eabi.lib</file>
         <name>fd_cmp_t2.asm.obj</name>
      </input_file>
      <input_file id="fl-105">
         <path>C:\ti\ccs930\ccs\tools\compiler\ti-cgt-arm_18.12.4.LTS\lib\</path>
         <kind>archive</kind>
         <file>rtsv7M4_T_le_v4SPD16_eabi.lib</file>
         <name>fd_toi_t2.asm.obj</name>
      </input_file>
      <input_file id="fl-106">
         <path>C:\ti\ccs930\ccs\tools\compiler\ti-cgt-arm_18.12.4.LTS\lib\</path>
         <kind>archive</kind>
         <file>rtsv7M4_T_le_v4SPD16_eabi.lib</file>
         <name>fd_tou_t2.asm.obj</name>
      </input_file>
      <input_file id="fl-107">
         <path>C:\ti\ccs930\ccs\tools\compiler\ti-cgt-arm_18.12.4.LTS\lib\</path>
         <kind>archive</kind>
         <file>rtsv7M4_T_le_v4SPD16_eabi.lib</file>
         <name>fs_tod_t2.asm.obj</name>
      </input_file>
      <input_file id="fl-108">
         <path>C:\ti\ccs930\ccs\tools\compiler\ti-cgt-arm_18.12.4.LTS\lib\</path>
         <kind>archive</kind>
         <file>rtsv7M4_T_le_v4SPD16_eabi.lib</file>
         <name>ll_mul_t2.asm.obj</name>
      </input_file>
      <input_file id="fl-109">
         <path>C:\ti\ccs930\ccs\tools\compiler\ti-cgt-arm_18.12.4.LTS\lib\</path>
         <kind>archive</kind>
         <file>rtsv7M4_T_le_v4SPD16_eabi.lib</file>
         <name>memcpy_t2.asm.obj</name>
      </input_file>
      <input_file id="fl-10a">
         <path>C:\ti\ccs930\ccs\tools\compiler\ti-cgt-arm_18.12.4.LTS\lib\</path>
         <kind>archive</kind>
         <file>rtsv7M4_T_le_v4SPD16_eabi.lib</file>
         <name>u_divt2.asm.obj</name>
      </input_file>
      <input_file id="fl-10b">
         <path>C:\ti\ccs930\ccs\tools\compiler\ti-cgt-arm_18.12.4.LTS\lib\</path>
         <kind>archive</kind>
         <file>rtsv7M4_T_le_v4SPD16_eabi.lib</file>
         <name>memset_t2.asm.obj</name>
      </input_file>
      <input_file id="fl-10c">
         <path>C:\ti\ccs930\ccs\tools\compiler\ti-cgt-arm_18.12.4.LTS\lib\</path>
         <kind>archive</kind>
         <file>rtsv7M4_T_le_v4SPD16_eabi.lib</file>
         <name>copy_zero_init.c.obj</name>
      </input_file>
      <input_file id="fl-10d">
         <path>C:\ti\ccs930\ccs\tools\compiler\ti-cgt-arm_18.12.4.LTS\lib\</path>
         <kind>archive</kind>
         <file>rtsv7M4_T_le_v4SPD16_eabi.lib</file>
         <name>copy_decompress_none.c.obj</name>
      </input_file>
      <input_file id="fl-10e">
         <path>C:\ti\ccs930\ccs\tools\compiler\ti-cgt-arm_18.12.4.LTS\lib\</path>
         <kind>archive</kind>
         <file>rtsv7M4_T_le_v4SPD16_eabi.lib</file>
         <name>copy_decompress_lzss.c.obj</name>
      </input_file>
      <input_file id="fl-10f">
         <path>C:\ti\ccs930\ccs\tools\compiler\ti-cgt-arm_18.12.4.LTS\lib\</path>
         <kind>archive</kind>
         <file>rtsv7M4_T_le_v4SPD16_eabi.lib</file>
         <name>boot_cortex_m.c.obj</name>
      </input_file>
      <input_file id="fl-110">
         <path>C:\ti\ccs930\ccs\tools\compiler\ti-cgt-arm_18.12.4.LTS\lib\</path>
         <kind>archive</kind>
         <file>rtsv7M4_T_le_v4SPD16_eabi.lib</file>
         <name>div0.asm.obj</name>
      </input_file>
      <input_file id="fl-111">
         <path>C:\ti\ccs930\ccs\tools\compiler\ti-cgt-arm_18.12.4.LTS\lib\</path>
         <kind>archive</kind>
         <file>rtsv7M4_T_le_v4SPD16_eabi.lib</file>
         <name>autoinit.c.obj</name>
      </input_file>
      <input_file id="fl-112">
         <path>C:\ti\ccs930\ccs\tools\compiler\ti-cgt-arm_18.12.4.LTS\lib\</path>
         <kind>archive</kind>
         <file>rtsv7M4_T_le_v4SPD16_eabi.lib</file>
         <name>pre_init.c.obj</name>
      </input_file>
      <input_file id="fl-113">
         <path>C:\ti\ccs930\ccs\tools\compiler\ti-cgt-arm_18.12.4.LTS\lib\</path>
         <kind>archive</kind>
         <file>rtsv7M4_T_le_v4SPD16_eabi.lib</file>
         <name>cpy_tbl.c.obj</name>
      </input_file>
      <input_file id="fl-114">
         <path>C:\ti\ccs930\ccs\tools\compiler\ti-cgt-arm_18.12.4.LTS\lib\</path>
         <kind>archive</kind>
         <file>rtsv7M4_T_le_v4SPD16_eabi.lib</file>
         <name>exit.c.obj</name>
      </input_file>
      <input_file id="fl-115">
         <path>C:\ti\ccs930\ccs\tools\compiler\ti-cgt-arm_18.12.4.LTS\lib\</path>
         <kind>archive</kind>
         <file>rtsv7M4_T_le_v4SPD16_eabi.lib</file>
         <name>_lock.c.obj</name>
      </input_file>
      <input_file id="fl-116">
         <path>C:\ti\ccs930\ccs\tools\compiler\ti-cgt-arm_18.12.4.LTS\lib\</path>
         <kind>archive</kind>
         <file>rtsv7M4_T_le_v4SPD16_eabi.lib</file>
         <name>args_main.c.obj</name>
      </input_file>
   </input_file_list>
   <object_component_list>
      <object_component id="oc-f">
         <name>.intvecs</name>
         <load_address>0x0</load_address>
         <run_address>0x0</run_address>
         <size>0x26c</size>
         <input_file_ref idref="fl-9"/>
      </object_component>
      <object_component id="oc-d2">
         <name>.text</name>
         <load_address>0x26c</load_address>
         <run_address>0x26c</run_address>
         <size>0x1a6c</size>
         <input_file_ref idref="fl-38"/>
      </object_component>
      <object_component id="oc-16a">
         <name>.text</name>
         <load_address>0x1cd8</load_address>
         <run_address>0x1cd8</run_address>
         <size>0xf80</size>
         <input_file_ref idref="fl-2d"/>
      </object_component>
      <object_component id="oc-1bd">
         <name>.text</name>
         <load_address>0x2c58</load_address>
         <run_address>0x2c58</run_address>
         <size>0xc6c</size>
         <input_file_ref idref="fl-43"/>
      </object_component>
      <object_component id="oc-170">
         <name>.text</name>
         <load_address>0x38c4</load_address>
         <run_address>0x38c4</run_address>
         <size>0xb94</size>
         <input_file_ref idref="fl-21"/>
      </object_component>
      <object_component id="oc-177">
         <name>.text</name>
         <load_address>0x4458</load_address>
         <run_address>0x4458</run_address>
         <size>0xa28</size>
         <input_file_ref idref="fl-17"/>
      </object_component>
      <object_component id="oc-de">
         <name>.text</name>
         <load_address>0x4e80</load_address>
         <run_address>0x4e80</run_address>
         <size>0x934</size>
         <input_file_ref idref="fl-3e"/>
      </object_component>
      <object_component id="oc-d8">
         <name>.text</name>
         <load_address>0x57b4</load_address>
         <run_address>0x57b4</run_address>
         <size>0x698</size>
         <input_file_ref idref="fl-47"/>
      </object_component>
      <object_component id="oc-e4">
         <name>.text</name>
         <load_address>0x5e4c</load_address>
         <run_address>0x5e4c</run_address>
         <size>0x664</size>
         <input_file_ref idref="fl-39"/>
      </object_component>
      <object_component id="oc-ea">
         <name>.text</name>
         <load_address>0x64b0</load_address>
         <run_address>0x64b0</run_address>
         <size>0x63c</size>
         <input_file_ref idref="fl-10"/>
      </object_component>
      <object_component id="oc-1d8">
         <name>.text</name>
         <load_address>0x6aec</load_address>
         <run_address>0x6aec</run_address>
         <size>0x5ac</size>
         <input_file_ref idref="fl-40"/>
      </object_component>
      <object_component id="oc-21f">
         <name>.text</name>
         <load_address>0x7098</load_address>
         <run_address>0x7098</run_address>
         <size>0x598</size>
         <input_file_ref idref="fl-c"/>
      </object_component>
      <object_component id="oc-f6">
         <name>.text</name>
         <load_address>0x7630</load_address>
         <run_address>0x7630</run_address>
         <size>0x4b4</size>
         <input_file_ref idref="fl-12"/>
      </object_component>
      <object_component id="oc-190">
         <name>.text</name>
         <load_address>0x7ae4</load_address>
         <run_address>0x7ae4</run_address>
         <size>0x3c0</size>
         <input_file_ref idref="fl-24"/>
      </object_component>
      <object_component id="oc-f0">
         <name>.text</name>
         <load_address>0x7ea4</load_address>
         <run_address>0x7ea4</run_address>
         <size>0x1ec</size>
         <input_file_ref idref="fl-d"/>
      </object_component>
      <object_component id="oc-43b">
         <name>.text</name>
         <load_address>0x8090</load_address>
         <run_address>0x8090</run_address>
         <size>0x1b6</size>
         <input_file_ref idref="fl-103"/>
      </object_component>
      <object_component id="oc-c0">
         <name>.text</name>
         <load_address>0x8248</load_address>
         <run_address>0x8248</run_address>
         <size>0x17c</size>
         <input_file_ref idref="fl-4"/>
      </object_component>
      <object_component id="oc-341">
         <name>.text</name>
         <load_address>0x83c4</load_address>
         <run_address>0x83c4</run_address>
         <size>0x164</size>
         <input_file_ref idref="fl-46"/>
      </object_component>
      <object_component id="oc-1ea">
         <name>.text</name>
         <load_address>0x8528</load_address>
         <run_address>0x8528</run_address>
         <size>0x140</size>
         <input_file_ref idref="fl-45"/>
      </object_component>
      <object_component id="oc-219">
         <name>.text</name>
         <load_address>0x8668</load_address>
         <run_address>0x8668</run_address>
         <size>0x13c</size>
         <input_file_ref idref="fl-36"/>
      </object_component>
      <object_component id="oc-213">
         <name>.text</name>
         <load_address>0x87a4</load_address>
         <run_address>0x87a4</run_address>
         <size>0x12a</size>
         <input_file_ref idref="fl-35"/>
      </object_component>
      <object_component id="oc-327">
         <name>.text:ceil</name>
         <load_address>0x88d0</load_address>
         <run_address>0x88d0</run_address>
         <size>0xf8</size>
         <input_file_ref idref="fl-102"/>
      </object_component>
      <object_component id="oc-98">
         <name>.text</name>
         <load_address>0x89c8</load_address>
         <run_address>0x89c8</run_address>
         <size>0xf8</size>
         <input_file_ref idref="fl-8"/>
      </object_component>
      <object_component id="oc-35c">
         <name>.text</name>
         <load_address>0x8ac0</load_address>
         <run_address>0x8ac0</run_address>
         <size>0xda</size>
         <input_file_ref idref="fl-37"/>
      </object_component>
      <object_component id="oc-c6">
         <name>.text</name>
         <load_address>0x8b9c</load_address>
         <run_address>0x8b9c</run_address>
         <size>0xb0</size>
         <input_file_ref idref="fl-5"/>
      </object_component>
      <object_component id="oc-38">
         <name>.text</name>
         <load_address>0x8c4c</load_address>
         <run_address>0x8c4c</run_address>
         <size>0x9c</size>
         <input_file_ref idref="fl-109"/>
      </object_component>
      <object_component id="oc-440">
         <name>.text:__aeabi_cdrcmple</name>
         <load_address>0x8ce8</load_address>
         <run_address>0x8ce8</run_address>
         <size>0x86</size>
         <input_file_ref idref="fl-104"/>
      </object_component>
      <object_component id="oc-162">
         <name>.text</name>
         <load_address>0x8d6e</load_address>
         <run_address>0x8d6e</run_address>
         <size>0x7c</size>
         <input_file_ref idref="fl-2"/>
      </object_component>
      <object_component id="oc-8c">
         <name>.text</name>
         <load_address>0x8dea</load_address>
         <run_address>0x8dea</run_address>
         <size>0x7a</size>
         <input_file_ref idref="fl-10b"/>
      </object_component>
      <object_component id="oc-1e4">
         <name>.text</name>
         <load_address>0x8e64</load_address>
         <run_address>0x8e64</run_address>
         <size>0x72</size>
         <input_file_ref idref="fl-42"/>
      </object_component>
      <object_component id="oc-1a2">
         <name>.text</name>
         <load_address>0x8ed8</load_address>
         <run_address>0x8ed8</run_address>
         <size>0x70</size>
         <input_file_ref idref="fl-7"/>
      </object_component>
      <object_component id="oc-12">
         <name>.text:decompress:lzss:__TI_decompress_lzss</name>
         <load_address>0x8f48</load_address>
         <run_address>0x8f48</run_address>
         <size>0x68</size>
         <input_file_ref idref="fl-10e"/>
      </object_component>
      <object_component id="oc-24b">
         <name>.text</name>
         <load_address>0x8fb0</load_address>
         <run_address>0x8fb0</run_address>
         <size>0x58</size>
         <input_file_ref idref="fl-11"/>
      </object_component>
      <object_component id="oc-312">
         <name>.text</name>
         <load_address>0x9008</load_address>
         <run_address>0x9008</run_address>
         <size>0x48</size>
         <input_file_ref idref="fl-105"/>
      </object_component>
      <object_component id="oc-12e">
         <name>.text:__TI_auto_init_nobinit_nopinit:__TI_auto_init_nobinit_nopinit</name>
         <load_address>0x9050</load_address>
         <run_address>0x9050</run_address>
         <size>0x44</size>
         <input_file_ref idref="fl-111"/>
      </object_component>
      <object_component id="oc-1c3">
         <name>.text</name>
         <load_address>0x9094</load_address>
         <run_address>0x9094</run_address>
         <size>0x44</size>
         <input_file_ref idref="fl-106"/>
      </object_component>
      <object_component id="oc-2b1">
         <name>.text</name>
         <load_address>0x90d8</load_address>
         <run_address>0x90d8</run_address>
         <size>0x3e</size>
         <input_file_ref idref="fl-19"/>
      </object_component>
      <object_component id="oc-322">
         <name>.text</name>
         <load_address>0x9116</load_address>
         <run_address>0x9116</run_address>
         <size>0x38</size>
         <input_file_ref idref="fl-107"/>
      </object_component>
      <object_component id="oc-56">
         <name>.text:_c_int00_noargs:_c_int00_noargs</name>
         <load_address>0x9150</load_address>
         <run_address>0x9150</run_address>
         <size>0x34</size>
         <input_file_ref idref="fl-10f"/>
      </object_component>
      <object_component id="oc-cc">
         <name>.text</name>
         <load_address>0x9184</load_address>
         <run_address>0x9184</run_address>
         <size>0x30</size>
         <input_file_ref idref="fl-3"/>
      </object_component>
      <object_component id="oc-33b">
         <name>.text</name>
         <load_address>0x91b4</load_address>
         <run_address>0x91b4</run_address>
         <size>0x18</size>
         <input_file_ref idref="fl-108"/>
      </object_component>
      <object_component id="oc-fc">
         <name>.text</name>
         <load_address>0x91cc</load_address>
         <run_address>0x91cc</run_address>
         <size>0x14</size>
         <input_file_ref idref="fl-13"/>
      </object_component>
      <object_component id="oc-102">
         <name>.text</name>
         <load_address>0x91e0</load_address>
         <run_address>0x91e0</run_address>
         <size>0x14</size>
         <input_file_ref idref="fl-14"/>
      </object_component>
      <object_component id="oc-18">
         <name>.text:decompress:none:__TI_decompress_none</name>
         <load_address>0x91f4</load_address>
         <run_address>0x91f4</run_address>
         <size>0xe</size>
         <input_file_ref idref="fl-10d"/>
      </object_component>
      <object_component id="oc-4a">
         <name>.text:decompress:ZI:__TI_zero_init</name>
         <load_address>0x9202</load_address>
         <run_address>0x9202</run_address>
         <size>0xc</size>
         <input_file_ref idref="fl-10c"/>
      </object_component>
      <object_component id="oc-24">
         <name>.text</name>
         <load_address>0x920e</load_address>
         <run_address>0x920e</run_address>
         <size>0xc</size>
         <input_file_ref idref="fl-9"/>
      </object_component>
      <object_component id="oc-2c0">
         <name>.text:SysCtlDelay</name>
         <load_address>0x921a</load_address>
         <run_address>0x921a</run_address>
         <size>0x6</size>
         <input_file_ref idref="fl-2d"/>
      </object_component>
      <object_component id="oc-92">
         <name>.text:_system_pre_init</name>
         <load_address>0x9220</load_address>
         <run_address>0x9220</run_address>
         <size>0x4</size>
         <input_file_ref idref="fl-112"/>
      </object_component>
      <object_component id="oc-122">
         <name>.text:abort:abort</name>
         <load_address>0x9224</load_address>
         <run_address>0x9224</run_address>
         <size>0x4</size>
         <input_file_ref idref="fl-114"/>
      </object_component>
      <object_component id="oc-2bd">
         <name>.const:g_pppui32XTALtoVCO</name>
         <load_address>0x9228</load_address>
         <run_address>0x9228</run_address>
         <size>0x1b0</size>
         <input_file_ref idref="fl-2d"/>
      </object_component>
      <object_component id="oc-108">
         <name>.const:CanContainer</name>
         <load_address>0x93d8</load_address>
         <run_address>0x93d8</run_address>
         <size>0x154</size>
         <input_file_ref idref="fl-38"/>
      </object_component>
      <object_component id="oc-17d">
         <name>.const:MailboxCfg_MAP</name>
         <load_address>0x952c</load_address>
         <run_address>0x952c</run_address>
         <size>0x154</size>
         <input_file_ref idref="fl-38"/>
      </object_component>
      <object_component id="oc-2cb">
         <name>.const:g_ppui32GPIOIntMapSnowflake</name>
         <load_address>0x9680</load_address>
         <run_address>0x9680</run_address>
         <size>0xd8</size>
         <input_file_ref idref="fl-21"/>
      </object_component>
      <object_component id="oc-2c8">
         <name>.const:g_ppui32GPIOIntMapBlizzard</name>
         <load_address>0x9758</load_address>
         <run_address>0x9758</run_address>
         <size>0xc0</size>
         <input_file_ref idref="fl-21"/>
      </object_component>
      <object_component id="oc-2ef">
         <name>.const:g_pui32Regs</name>
         <load_address>0x9818</load_address>
         <run_address>0x9818</run_address>
         <size>0x9c</size>
         <input_file_ref idref="fl-24"/>
      </object_component>
      <object_component id="oc-2ce">
         <name>.const:g_pui32GPIOBaseAddrs</name>
         <load_address>0x98b4</load_address>
         <run_address>0x98b4</run_address>
         <size>0x90</size>
         <input_file_ref idref="fl-21"/>
      </object_component>
      <object_component id="oc-474">
         <name>.const</name>
         <load_address>0x9944</load_address>
         <run_address>0x9944</run_address>
         <size>0x4</size>
         <input_file_ref idref="fl-36"/>
      </object_component>
      <object_component id="oc-267">
         <name>.const:CanTp_RxNSdu</name>
         <load_address>0x9948</load_address>
         <run_address>0x9948</run_address>
         <size>0x80</size>
         <input_file_ref idref="fl-3d"/>
      </object_component>
      <object_component id="oc-2b7">
         <name>.const:g_pui32Xtals</name>
         <load_address>0x99c8</load_address>
         <run_address>0x99c8</run_address>
         <size>0x6c</size>
         <input_file_ref idref="fl-2d"/>
      </object_component>
      <object_component id="oc-274">
         <name>.const:ComSignal</name>
         <load_address>0x9a34</load_address>
         <run_address>0x9a34</run_address>
         <size>0x60</size>
         <input_file_ref idref="fl-41"/>
      </object_component>
      <object_component id="oc-26a">
         <name>.const:CanTp_TxNSdu</name>
         <load_address>0x9a98</load_address>
         <run_address>0x9a98</run_address>
         <size>0x50</size>
         <input_file_ref idref="fl-3d"/>
      </object_component>
      <object_component id="oc-271">
         <name>.const:ComIPdu</name>
         <load_address>0x9ae8</load_address>
         <run_address>0x9ae8</run_address>
         <size>0x50</size>
         <input_file_ref idref="fl-41"/>
      </object_component>
      <object_component id="oc-114">
         <name>.const</name>
         <load_address>0x9b38</load_address>
         <run_address>0x9b38</run_address>
         <size>0x34</size>
         <input_file_ref idref="fl-b"/>
      </object_component>
      <object_component id="oc-2ae">
         <name>.const:g_sXTALtoMEMTIM</name>
         <load_address>0x9b6c</load_address>
         <run_address>0x9b6c</run_address>
         <size>0x30</size>
         <input_file_ref idref="fl-2d"/>
      </object_component>
      <object_component id="oc-10b">
         <name>.const:CanTp_Config</name>
         <load_address>0x9ba0</load_address>
         <run_address>0x9ba0</run_address>
         <size>0x20</size>
         <input_file_ref idref="fl-3d"/>
      </object_component>
      <object_component id="oc-2ec">
         <name>.const:g_pui32Priority</name>
         <load_address>0x9bc0</load_address>
         <run_address>0x9bc0</run_address>
         <size>0x20</size>
         <input_file_ref idref="fl-24"/>
      </object_component>
      <object_component id="oc-2d3">
         <name>.const:g_ui16CANBitValues</name>
         <load_address>0x9be0</load_address>
         <run_address>0x9be0</run_address>
         <size>0x20</size>
         <input_file_ref idref="fl-17"/>
      </object_component>
      <object_component id="oc-262">
         <name>.const:McuPerClockConfigData</name>
         <load_address>0x9c00</load_address>
         <run_address>0x9c00</run_address>
         <size>0x18</size>
         <input_file_ref idref="fl-38"/>
      </object_component>
      <object_component id="oc-2f5">
         <name>.const:g_pui32Dii16Regs</name>
         <load_address>0x9c18</load_address>
         <run_address>0x9c18</run_address>
         <size>0x14</size>
         <input_file_ref idref="fl-24"/>
      </object_component>
      <object_component id="oc-2f2">
         <name>.const:g_pui32EnRegs</name>
         <load_address>0x9c2c</load_address>
         <run_address>0x9c2c</run_address>
         <size>0x14</size>
         <input_file_ref idref="fl-24"/>
      </object_component>
      <object_component id="oc-2f8">
         <name>.const:g_pui32PendRegs</name>
         <load_address>0x9c40</load_address>
         <run_address>0x9c40</run_address>
         <size>0x14</size>
         <input_file_ref idref="fl-24"/>
      </object_component>
      <object_component id="oc-2fb">
         <name>.const:g_pui32UnpendRegs</name>
         <load_address>0x9c54</load_address>
         <run_address>0x9c54</run_address>
         <size>0x14</size>
         <input_file_ref idref="fl-24"/>
      </object_component>
      <object_component id="oc-10e">
         <name>.const:ComConfiguration</name>
         <load_address>0x9c68</load_address>
         <run_address>0x9c68</run_address>
         <size>0xc</size>
         <input_file_ref idref="fl-41"/>
      </object_component>
      <object_component id="oc-3bd">
         <name>.const:ComIPduSignalRefs_Can_Message_1</name>
         <load_address>0x9c74</load_address>
         <run_address>0x9c74</run_address>
         <size>0xc</size>
         <input_file_ref idref="fl-41"/>
      </object_component>
      <object_component id="oc-3c1">
         <name>.const:ComIPduSignalRefs_Can_Message_2</name>
         <load_address>0x9c80</load_address>
         <run_address>0x9c80</run_address>
         <size>0xc</size>
         <input_file_ref idref="fl-41"/>
      </object_component>
      <object_component id="oc-2ba">
         <name>.const:g_pui32VCOFrequencies</name>
         <load_address>0x9c8c</load_address>
         <run_address>0x9c8c</run_address>
         <size>0x8</size>
         <input_file_ref idref="fl-2d"/>
      </object_component>
      <object_component id="oc-507">
         <name>.cinit..data.load</name>
         <load_address>0x9c98</load_address>
         <run_address>0x9c98</run_address>
         <size>0x1ba</size>
      </object_component>
      <object_component id="oc-504">
         <name>__TI_handler_table</name>
         <load_address>0x9e54</load_address>
         <run_address>0x9e54</run_address>
         <size>0xc</size>
      </object_component>
      <object_component id="oc-508">
         <name>.cinit..bss.load</name>
         <load_address>0x9e60</load_address>
         <run_address>0x9e60</run_address>
         <size>0x8</size>
      </object_component>
      <object_component id="oc-506">
         <name>.cinit..vtable.load</name>
         <load_address>0x9e68</load_address>
         <run_address>0x9e68</run_address>
         <size>0x8</size>
      </object_component>
      <object_component id="oc-505">
         <name>__TI_cinit_table</name>
         <load_address>0x9e70</load_address>
         <run_address>0x9e70</run_address>
         <size>0x18</size>
      </object_component>
      <object_component id="oc-2e9">
         <name>.vtable</name>
         <uninitialized>true</uninitialized>
         <run_address>0x20000000</run_address>
         <size>0x26c</size>
         <input_file_ref idref="fl-24"/>
      </object_component>
      <object_component id="oc-23a">
         <name>.data:EventsInTask</name>
         <load_address>0x20000738</load_address>
         <run_address>0x20000738</run_address>
         <size>0x20</size>
         <input_file_ref idref="fl-b"/>
      </object_component>
      <object_component id="oc-237">
         <name>.data:TaskStruct</name>
         <load_address>0x200005e4</load_address>
         <run_address>0x200005e4</run_address>
         <size>0xa0</size>
         <input_file_ref idref="fl-b"/>
      </object_component>
      <object_component id="oc-36b">
         <name>.data:CounterStruct</name>
         <load_address>0x200006d0</load_address>
         <run_address>0x200006d0</run_address>
         <size>0x3c</size>
         <input_file_ref idref="fl-b"/>
      </object_component>
      <object_component id="oc-284">
         <name>.data:AlarmStruct</name>
         <load_address>0x20000270</load_address>
         <run_address>0x20000270</run_address>
         <size>0x120</size>
         <input_file_ref idref="fl-b"/>
      </object_component>
      <object_component id="oc-36e">
         <name>.data</name>
         <load_address>0x20000864</load_address>
         <run_address>0x20000864</run_address>
         <size>0x8</size>
         <input_file_ref idref="fl-c"/>
      </object_component>
      <object_component id="oc-234">
         <name>.data</name>
         <load_address>0x2000070c</load_address>
         <run_address>0x2000070c</run_address>
         <size>0x2c</size>
         <input_file_ref idref="fl-10"/>
      </object_component>
      <object_component id="oc-255">
         <name>.data</name>
         <load_address>0x20000884</load_address>
         <run_address>0x20000884</run_address>
         <size>0x6</size>
         <input_file_ref idref="fl-12"/>
      </object_component>
      <object_component id="oc-25a">
         <name>.data</name>
         <load_address>0x20000883</load_address>
         <run_address>0x20000883</run_address>
         <size>0x1</size>
         <input_file_ref idref="fl-13"/>
      </object_component>
      <object_component id="oc-25e">
         <name>.data</name>
         <load_address>0x200008a5</load_address>
         <run_address>0x200008a5</run_address>
         <size>0x1</size>
         <input_file_ref idref="fl-14"/>
      </object_component>
      <object_component id="oc-361">
         <name>.data</name>
         <load_address>0x20000894</load_address>
         <run_address>0x20000894</run_address>
         <size>0x4</size>
         <input_file_ref idref="fl-36"/>
      </object_component>
      <object_component id="oc-183">
         <name>.data:state_transition_flag</name>
         <load_address>0x200008a3</load_address>
         <run_address>0x200008a3</run_address>
         <size>0x2</size>
         <input_file_ref idref="fl-38"/>
      </object_component>
      <object_component id="oc-189">
         <name>.data</name>
         <load_address>0x20000898</load_address>
         <run_address>0x20000898</run_address>
         <size>0x3</size>
         <input_file_ref idref="fl-38"/>
      </object_component>
      <object_component id="oc-1ff">
         <name>.data:canif_cantp_value</name>
         <load_address>0x2000088e</load_address>
         <run_address>0x2000088e</run_address>
         <size>0x4</size>
         <input_file_ref idref="fl-39"/>
      </object_component>
      <object_component id="oc-202">
         <name>.data:canif_PduR_Value</name>
         <load_address>0x200008a6</load_address>
         <run_address>0x200008a6</run_address>
         <size>0x1</size>
         <input_file_ref idref="fl-39"/>
      </object_component>
      <object_component id="oc-205">
         <name>.data:canif_Comfrimation_Value</name>
         <load_address>0x2000088a</load_address>
         <run_address>0x2000088a</run_address>
         <size>0x4</size>
         <input_file_ref idref="fl-39"/>
      </object_component>
      <object_component id="oc-494">
         <name>.data:try</name>
         <load_address>0x2000087c</load_address>
         <run_address>0x2000087c</run_address>
         <size>0x7</size>
         <input_file_ref idref="fl-3b"/>
      </object_component>
      <object_component id="oc-497">
         <name>.data:CanIf_hrhRangeConfigTypeInstance</name>
         <load_address>0x2000085c</load_address>
         <run_address>0x2000085c</run_address>
         <size>0x8</size>
         <input_file_ref idref="fl-3b"/>
      </object_component>
      <object_component id="oc-48f">
         <name>.data:CanIfHthCfgInstance</name>
         <load_address>0x200007f8</load_address>
         <run_address>0x200007f8</run_address>
         <size>0x10</size>
         <input_file_ref idref="fl-3b"/>
      </object_component>
      <object_component id="oc-48c">
         <name>.data:CanIfHrhCfgInstance</name>
         <load_address>0x200007e8</load_address>
         <run_address>0x200007e8</run_address>
         <size>0x10</size>
         <input_file_ref idref="fl-3b"/>
      </object_component>
      <object_component id="oc-49c">
         <name>.data:CanIfBufferCfgInstance</name>
         <load_address>0x20000790</load_address>
         <run_address>0x20000790</run_address>
         <size>0x18</size>
         <input_file_ref idref="fl-3b"/>
      </object_component>
      <object_component id="oc-3d3">
         <name>.data:CanIf_rxPduConfigTypeInstance</name>
         <load_address>0x200004a4</load_address>
         <run_address>0x200004a4</run_address>
         <size>0xa0</size>
         <input_file_ref idref="fl-3b"/>
      </object_component>
      <object_component id="oc-3d6">
         <name>.data:CanIf_txPduConfigTypeInstance</name>
         <load_address>0x20000544</load_address>
         <run_address>0x20000544</run_address>
         <size>0xa0</size>
         <input_file_ref idref="fl-3b"/>
      </object_component>
      <object_component id="oc-3d0">
         <name>.data:CanIfInitHohCfgInstance</name>
         <load_address>0x20000808</load_address>
         <run_address>0x20000808</run_address>
         <size>0x10</size>
         <input_file_ref idref="fl-3b"/>
      </object_component>
      <object_component id="oc-27e">
         <name>.data:CanIf_initConfigTypeInstance</name>
         <load_address>0x20000688</load_address>
         <run_address>0x20000688</run_address>
         <size>0x48</size>
         <input_file_ref idref="fl-3b"/>
      </object_component>
      <object_component id="oc-27b">
         <name>.data:CanIfCtrlCfgInstance</name>
         <load_address>0x200007a8</load_address>
         <run_address>0x200007a8</run_address>
         <size>0x18</size>
         <input_file_ref idref="fl-3b"/>
      </object_component>
      <object_component id="oc-111">
         <name>.data:CanIf_configTypeInstance</name>
         <load_address>0x20000854</load_address>
         <run_address>0x20000854</run_address>
         <size>0x8</size>
         <input_file_ref idref="fl-3b"/>
      </object_component>
      <object_component id="oc-1c8">
         <name>.data:CanTpRunTimeData</name>
         <load_address>0x20000390</load_address>
         <run_address>0x20000390</run_address>
         <size>0x114</size>
         <input_file_ref idref="fl-3c"/>
      </object_component>
      <object_component id="oc-1f0">
         <name>.data:com_pdur</name>
         <load_address>0x200008a1</load_address>
         <run_address>0x200008a1</run_address>
         <size>0x2</size>
         <input_file_ref idref="fl-3e"/>
      </object_component>
      <object_component id="oc-1e1">
         <name>.data</name>
         <load_address>0x20000684</load_address>
         <run_address>0x20000684</run_address>
         <size>0x4</size>
         <input_file_ref idref="fl-3e"/>
      </object_component>
      <object_component id="oc-336">
         <name>.data:ComAsuConfiguration</name>
         <load_address>0x20000848</load_address>
         <run_address>0x20000848</run_address>
         <size>0xc</size>
         <input_file_ref idref="fl-3f"/>
      </object_component>
      <object_component id="oc-309">
         <name>.data:canif_ids</name>
         <load_address>0x20000892</load_address>
         <run_address>0x20000892</run_address>
         <size>0x2</size>
         <input_file_ref idref="fl-43"/>
      </object_component>
      <object_component id="oc-317">
         <name>.data:cantp_com_copy_tx</name>
         <load_address>0x2000089d</load_address>
         <run_address>0x2000089d</run_address>
         <size>0x2</size>
         <input_file_ref idref="fl-43"/>
      </object_component>
      <object_component id="oc-30f">
         <name>.data:cantp_com_rx_or_copy</name>
         <load_address>0x2000089f</load_address>
         <run_address>0x2000089f</run_address>
         <size>0x2</size>
         <input_file_ref idref="fl-43"/>
      </object_component>
      <object_component id="oc-30c">
         <name>.data:cantp_cainf_FC</name>
         <load_address>0x2000089b</load_address>
         <run_address>0x2000089b</run_address>
         <size>0x2</size>
         <input_file_ref idref="fl-43"/>
      </object_component>
      <object_component id="oc-454">
         <name>.data:virtual_com</name>
         <load_address>0x200007d4</load_address>
         <run_address>0x200007d4</run_address>
         <size>0x14</size>
         <input_file_ref idref="fl-46"/>
      </object_component>
      <object_component id="oc-457">
         <name>.data:real_com</name>
         <load_address>0x200007c0</load_address>
         <run_address>0x200007c0</run_address>
         <size>0x14</size>
         <input_file_ref idref="fl-46"/>
      </object_component>
      <object_component id="oc-45a">
         <name>.data:virtual_CanIf</name>
         <load_address>0x20000774</load_address>
         <run_address>0x20000774</run_address>
         <size>0x1c</size>
         <input_file_ref idref="fl-46"/>
      </object_component>
      <object_component id="oc-45d">
         <name>.data:real_CanIf</name>
         <load_address>0x20000758</load_address>
         <run_address>0x20000758</run_address>
         <size>0x1c</size>
         <input_file_ref idref="fl-46"/>
      </object_component>
      <object_component id="oc-460">
         <name>.data:virtual_CanTp_rx</name>
         <load_address>0x20000838</load_address>
         <run_address>0x20000838</run_address>
         <size>0x10</size>
         <input_file_ref idref="fl-46"/>
      </object_component>
      <object_component id="oc-463">
         <name>.data:real_CanTp_rx</name>
         <load_address>0x20000828</load_address>
         <run_address>0x20000828</run_address>
         <size>0x10</size>
         <input_file_ref idref="fl-46"/>
      </object_component>
      <object_component id="oc-466">
         <name>.data:virtual_CanTp_tx</name>
         <load_address>0x20000874</load_address>
         <run_address>0x20000874</run_address>
         <size>0x8</size>
         <input_file_ref idref="fl-46"/>
      </object_component>
      <object_component id="oc-469">
         <name>.data:real_CanTp_tx</name>
         <load_address>0x2000086c</load_address>
         <run_address>0x2000086c</run_address>
         <size>0x8</size>
         <input_file_ref idref="fl-46"/>
      </object_component>
      <object_component id="oc-46c">
         <name>.data:Com_type</name>
         <load_address>0x20000818</load_address>
         <run_address>0x20000818</run_address>
         <size>0x10</size>
         <input_file_ref idref="fl-46"/>
      </object_component>
      <object_component id="oc-38c">
         <name>.bss:IdleStack</name>
         <uninitialized>true</uninitialized>
         <run_address>0x200008a8</run_address>
         <size>0x200</size>
         <input_file_ref idref="fl-b"/>
      </object_component>
      <object_component id="oc-38f">
         <name>.bss:TaskStack1</name>
         <uninitialized>true</uninitialized>
         <run_address>0x20000aa8</run_address>
         <size>0x200</size>
         <input_file_ref idref="fl-b"/>
      </object_component>
      <object_component id="oc-22e">
         <name>.bss:ReadyTasksLists</name>
         <uninitialized>true</uninitialized>
         <run_address>0x20000ca8</run_address>
         <size>0x64</size>
         <input_file_ref idref="fl-10"/>
      </object_component>
      <object_component id="oc-225">
         <name>.bss:DelayedTaskList1</name>
         <uninitialized>true</uninitialized>
         <run_address>0x20000d74</run_address>
         <size>0x14</size>
         <input_file_ref idref="fl-10"/>
      </object_component>
      <object_component id="oc-228">
         <name>.bss:DelayedTaskList2</name>
         <uninitialized>true</uninitialized>
         <run_address>0x20000d88</run_address>
         <size>0x14</size>
         <input_file_ref idref="fl-10"/>
      </object_component>
      <object_component id="oc-22b">
         <name>.bss</name>
         <uninitialized>true</uninitialized>
         <run_address>0x20000de4</run_address>
         <size>0x8</size>
         <input_file_ref idref="fl-10"/>
      </object_component>
      <object_component id="oc-231">
         <name>.bss:SuspendedTaskList</name>
         <uninitialized>true</uninitialized>
         <run_address>0x20000d9c</run_address>
         <size>0x14</size>
         <input_file_ref idref="fl-10"/>
      </object_component>
      <object_component id="oc-19c">
         <name>.bss:Int_enable_in_start_mode</name>
         <uninitialized>true</uninitialized>
         <run_address>0x20000e0b</run_address>
         <size>0x4</size>
         <input_file_ref idref="fl-38"/>
      </object_component>
      <object_component id="oc-19f">
         <name>.bss:Int_disable_in_stop_mode</name>
         <uninitialized>true</uninitialized>
         <run_address>0x20000e07</run_address>
         <size>0x4</size>
         <input_file_ref idref="fl-38"/>
      </object_component>
      <object_component id="oc-186">
         <name>.bss:Can_ControllerMode</name>
         <uninitialized>true</uninitialized>
         <run_address>0x20000d0c</run_address>
         <size>0x4</size>
         <input_file_ref idref="fl-38"/>
      </object_component>
      <object_component id="oc-18d">
         <name>.bss</name>
         <uninitialized>true</uninitialized>
         <run_address>0x20000e0f</run_address>
         <size>0x1</size>
         <input_file_ref idref="fl-38"/>
      </object_component>
      <object_component id="oc-199">
         <name>.bss:IntDisableCount</name>
         <uninitialized>true</uninitialized>
         <run_address>0x20000dff</run_address>
         <size>0x4</size>
         <input_file_ref idref="fl-38"/>
      </object_component>
      <object_component id="oc-196">
         <name>.bss:IntEnableCount</name>
         <uninitialized>true</uninitialized>
         <run_address>0x20000e03</run_address>
         <size>0x4</size>
         <input_file_ref idref="fl-38"/>
      </object_component>
      <object_component id="oc-18c">
         <name>.bss:ErrorState$3</name>
         <uninitialized>true</uninitialized>
         <run_address>0x20000dfb</run_address>
         <size>0x4</size>
         <input_file_ref idref="fl-38"/>
      </object_component>
      <object_component id="oc-347">
         <name>.bss:info$1</name>
         <uninitialized>true</uninitialized>
         <run_address>0x20000dd8</run_address>
         <size>0xc</size>
         <input_file_ref idref="fl-45"/>
      </object_component>
      <object_component id="oc-371">
         <name>.common:CounterList</name>
         <uninitialized>true</uninitialized>
         <run_address>0x20000db0</run_address>
         <size>0x14</size>
      </object_component>
      <object_component id="oc-374">
         <name>.common:DormantAlarmList</name>
         <uninitialized>true</uninitialized>
         <run_address>0x20000dc4</run_address>
         <size>0x14</size>
      </object_component>
      <object_component id="oc-258">
         <name>.common:controlright</name>
         <uninitialized>true</uninitialized>
         <run_address>0x20000e39</run_address>
         <size>0x1</size>
      </object_component>
      <object_component id="oc-251">
         <name>.common:controlleft</name>
         <uninitialized>true</uninitialized>
         <run_address>0x20000e38</run_address>
         <size>0x1</size>
      </object_component>
      <object_component id="oc-254">
         <name>.common:l</name>
         <uninitialized>true</uninitialized>
         <run_address>0x20000e34</run_address>
         <size>0x4</size>
      </object_component>
      <object_component id="oc-180">
         <name>.common:Message_Confirmation</name>
         <uninitialized>true</uninitialized>
         <run_address>0x20000d50</run_address>
         <size>0x24</size>
      </object_component>
      <object_component id="oc-1f9">
         <name>.common:CanIf_ConfigPtr</name>
         <uninitialized>true</uninitialized>
         <run_address>0x20000e18</run_address>
         <size>0x4</size>
      </object_component>
      <object_component id="oc-1fe">
         <name>.common:CanIfPrivateCfgInst</name>
         <uninitialized>true</uninitialized>
         <run_address>0x20000e10</run_address>
         <size>0x4</size>
      </object_component>
      <object_component id="oc-1fc">
         <name>.common:CanIf_Global</name>
         <uninitialized>true</uninitialized>
         <run_address>0x20000df4</run_address>
         <size>0x7</size>
      </object_component>
      <object_component id="oc-1fd">
         <name>.common:CanIfRxPduCfg_Arr</name>
         <uninitialized>true</uninitialized>
         <run_address>0x20000e14</run_address>
         <size>0x4</size>
      </object_component>
      <object_component id="oc-1de">
         <name>.common:ComConfig</name>
         <uninitialized>true</uninitialized>
         <run_address>0x20000e1c</run_address>
         <size>0x4</size>
      </object_component>
      <object_component id="oc-44e">
         <name>.common:Com_Asu_IPdu</name>
         <uninitialized>true</uninitialized>
         <run_address>0x20000d10</run_address>
         <size>0x40</size>
      </object_component>
      <object_component id="oc-3c6">
         <name>.common:ComSignalBuffer_1</name>
         <uninitialized>true</uninitialized>
         <run_address>0x20000e24</run_address>
         <size>0x4</size>
      </object_component>
      <object_component id="oc-3c7">
         <name>.common:ComSignalBuffer_2</name>
         <uninitialized>true</uninitialized>
         <run_address>0x20000e28</run_address>
         <size>0x4</size>
      </object_component>
      <object_component id="oc-3c8">
         <name>.common:ComSignalBuffer_3</name>
         <uninitialized>true</uninitialized>
         <run_address>0x20000e2c</run_address>
         <size>0x4</size>
      </object_component>
      <object_component id="oc-3c9">
         <name>.common:ComSignalBuffer_4</name>
         <uninitialized>true</uninitialized>
         <run_address>0x20000e30</run_address>
         <size>0x4</size>
      </object_component>
      <object_component id="oc-3bc">
         <name>.common:ComIPduBuffer_1</name>
         <uninitialized>true</uninitialized>
         <run_address>0x20000e20</run_address>
         <size>0x4</size>
      </object_component>
      <object_component id="oc-3c0">
         <name>.common:ComIPduBuffer_2</name>
         <uninitialized>true</uninitialized>
         <run_address>0x20000dec</run_address>
         <size>0x8</size>
      </object_component>
      <object_component id="oc-21">
         <name>.stack</name>
         <uninitialized>true</uninitialized>
         <run_address>0x20000e40</run_address>
         <size>0x4</size>
         <input_file_ref idref="fl-10f"/>
      </object_component>
      <object_component id="oc-509">
         <name>.stack</name>
         <uninitialized>true</uninitialized>
         <run_address>0x20000e40</run_address>
         <size>0x0</size>
      </object_component>
      <object_component id="oc-164">
         <name>.debug_info</name>
         <load_address>0x0</load_address>
         <run_address>0x0</run_address>
         <size>0x1a4</size>
         <input_file_ref idref="fl-2"/>
      </object_component>
      <object_component id="oc-33">
         <name>.debug_info</name>
         <load_address>0x1a4</load_address>
         <run_address>0x1a4</run_address>
         <size>0x84</size>
         <input_file_ref idref="fl-2"/>
      </object_component>
      <object_component id="oc-af">
         <name>.debug_info</name>
         <load_address>0x228</load_address>
         <run_address>0x228</run_address>
         <size>0x302</size>
         <input_file_ref idref="fl-3"/>
      </object_component>
      <object_component id="oc-cd">
         <name>.debug_info</name>
         <load_address>0x52a</load_address>
         <run_address>0x52a</run_address>
         <size>0x15b</size>
         <input_file_ref idref="fl-3"/>
      </object_component>
      <object_component id="oc-6d">
         <name>.debug_info</name>
         <load_address>0x685</load_address>
         <run_address>0x685</run_address>
         <size>0x26b</size>
         <input_file_ref idref="fl-3"/>
      </object_component>
      <object_component id="oc-aa">
         <name>.debug_info</name>
         <load_address>0x8f0</load_address>
         <run_address>0x8f0</run_address>
         <size>0x297</size>
         <input_file_ref idref="fl-3"/>
      </object_component>
      <object_component id="oc-2c2">
         <name>.debug_info</name>
         <load_address>0xb87</load_address>
         <run_address>0xb87</run_address>
         <size>0xef</size>
         <input_file_ref idref="fl-3"/>
      </object_component>
      <object_component id="oc-72">
         <name>.debug_info</name>
         <load_address>0xc76</load_address>
         <run_address>0xc76</run_address>
         <size>0xbb</size>
         <input_file_ref idref="fl-3"/>
      </object_component>
      <object_component id="oc-c1">
         <name>.debug_info</name>
         <load_address>0xd31</load_address>
         <run_address>0xd31</run_address>
         <size>0x2a2</size>
         <input_file_ref idref="fl-4"/>
      </object_component>
      <object_component id="oc-ca">
         <name>.debug_info</name>
         <load_address>0xfd3</load_address>
         <run_address>0xfd3</run_address>
         <size>0x1d3</size>
         <input_file_ref idref="fl-5"/>
      </object_component>
      <object_component id="oc-1a4">
         <name>.debug_info</name>
         <load_address>0x11a6</load_address>
         <run_address>0x11a6</run_address>
         <size>0x17c</size>
         <input_file_ref idref="fl-7"/>
      </object_component>
      <object_component id="oc-28b">
         <name>.debug_info</name>
         <load_address>0x1322</load_address>
         <run_address>0x1322</run_address>
         <size>0xad2</size>
         <input_file_ref idref="fl-8"/>
      </object_component>
      <object_component id="oc-99">
         <name>.debug_info</name>
         <load_address>0x1df4</load_address>
         <run_address>0x1df4</run_address>
         <size>0x322</size>
         <input_file_ref idref="fl-8"/>
      </object_component>
      <object_component id="oc-20e">
         <name>.debug_info</name>
         <load_address>0x2116</load_address>
         <run_address>0x2116</run_address>
         <size>0x1ce</size>
         <input_file_ref idref="fl-8"/>
      </object_component>
      <object_component id="oc-209">
         <name>.debug_info</name>
         <load_address>0x22e4</load_address>
         <run_address>0x22e4</run_address>
         <size>0x8fc</size>
         <input_file_ref idref="fl-8"/>
      </object_component>
      <object_component id="oc-1ce">
         <name>.debug_info</name>
         <load_address>0x2be0</load_address>
         <run_address>0x2be0</run_address>
         <size>0x676</size>
         <input_file_ref idref="fl-8"/>
      </object_component>
      <object_component id="oc-1f4">
         <name>.debug_info</name>
         <load_address>0x3256</load_address>
         <run_address>0x3256</run_address>
         <size>0x55b</size>
         <input_file_ref idref="fl-8"/>
      </object_component>
      <object_component id="oc-1b8">
         <name>.debug_info</name>
         <load_address>0x37b1</load_address>
         <run_address>0x37b1</run_address>
         <size>0x175</size>
         <input_file_ref idref="fl-8"/>
      </object_component>
      <object_component id="oc-1a9">
         <name>.debug_info</name>
         <load_address>0x3926</load_address>
         <run_address>0x3926</run_address>
         <size>0x9ad</size>
         <input_file_ref idref="fl-8"/>
      </object_component>
      <object_component id="oc-1d3">
         <name>.debug_info</name>
         <load_address>0x42d3</load_address>
         <run_address>0x42d3</run_address>
         <size>0x306</size>
         <input_file_ref idref="fl-8"/>
      </object_component>
      <object_component id="oc-1b3">
         <name>.debug_info</name>
         <load_address>0x45d9</load_address>
         <run_address>0x45d9</run_address>
         <size>0x1a2</size>
         <input_file_ref idref="fl-8"/>
      </object_component>
      <object_component id="oc-244">
         <name>.debug_info</name>
         <load_address>0x477b</load_address>
         <run_address>0x477b</run_address>
         <size>0xda</size>
         <input_file_ref idref="fl-8"/>
      </object_component>
      <object_component id="oc-34b">
         <name>.debug_info</name>
         <load_address>0x4855</load_address>
         <run_address>0x4855</run_address>
         <size>0x6c</size>
         <input_file_ref idref="fl-8"/>
      </object_component>
      <object_component id="oc-2dc">
         <name>.debug_info</name>
         <load_address>0x48c1</load_address>
         <run_address>0x48c1</run_address>
         <size>0x190</size>
         <input_file_ref idref="fl-8"/>
      </object_component>
      <object_component id="oc-39d">
         <name>.debug_info</name>
         <load_address>0x4a51</load_address>
         <run_address>0x4a51</run_address>
         <size>0x468</size>
         <input_file_ref idref="fl-8"/>
      </object_component>
      <object_component id="oc-376">
         <name>.debug_info</name>
         <load_address>0x4eb9</load_address>
         <run_address>0x4eb9</run_address>
         <size>0xc4</size>
         <input_file_ref idref="fl-8"/>
      </object_component>
      <object_component id="oc-398">
         <name>.debug_info</name>
         <load_address>0x4f7d</load_address>
         <run_address>0x4f7d</run_address>
         <size>0x480</size>
         <input_file_ref idref="fl-8"/>
      </object_component>
      <object_component id="oc-118">
         <name>.debug_info</name>
         <load_address>0x53fd</load_address>
         <run_address>0x53fd</run_address>
         <size>0x8b</size>
         <input_file_ref idref="fl-8"/>
      </object_component>
      <object_component id="oc-11d">
         <name>.debug_info</name>
         <load_address>0x5488</load_address>
         <run_address>0x5488</run_address>
         <size>0x53</size>
         <input_file_ref idref="fl-8"/>
      </object_component>
      <object_component id="oc-366">
         <name>.debug_info</name>
         <load_address>0x54db</load_address>
         <run_address>0x54db</run_address>
         <size>0x2c</size>
         <input_file_ref idref="fl-8"/>
      </object_component>
      <object_component id="oc-3a9">
         <name>.debug_info</name>
         <load_address>0x5507</load_address>
         <run_address>0x5507</run_address>
         <size>0xa1</size>
         <input_file_ref idref="fl-8"/>
      </object_component>
      <object_component id="oc-23e">
         <name>.debug_info</name>
         <load_address>0x55a8</load_address>
         <run_address>0x55a8</run_address>
         <size>0x53</size>
         <input_file_ref idref="fl-8"/>
      </object_component>
      <object_component id="oc-37d">
         <name>.debug_info</name>
         <load_address>0x55fb</load_address>
         <run_address>0x55fb</run_address>
         <size>0x14c</size>
         <input_file_ref idref="fl-8"/>
      </object_component>
      <object_component id="oc-2c">
         <name>.debug_info</name>
         <load_address>0x5747</load_address>
         <run_address>0x5747</run_address>
         <size>0x2b1</size>
         <input_file_ref idref="fl-9"/>
      </object_component>
      <object_component id="oc-10">
         <name>.debug_info</name>
         <load_address>0x59f8</load_address>
         <run_address>0x59f8</run_address>
         <size>0xf0</size>
         <input_file_ref idref="fl-9"/>
      </object_component>
      <object_component id="oc-25">
         <name>.debug_info</name>
         <load_address>0x5ae8</load_address>
         <run_address>0x5ae8</run_address>
         <size>0x26c</size>
         <input_file_ref idref="fl-9"/>
      </object_component>
      <object_component id="oc-289">
         <name>.debug_info</name>
         <load_address>0x5d54</load_address>
         <run_address>0x5d54</run_address>
         <size>0x2ac</size>
         <input_file_ref idref="fl-b"/>
      </object_component>
      <object_component id="oc-115">
         <name>.debug_info</name>
         <load_address>0x6000</load_address>
         <run_address>0x6000</run_address>
         <size>0x3c5</size>
         <input_file_ref idref="fl-b"/>
      </object_component>
      <object_component id="oc-23b">
         <name>.debug_info</name>
         <load_address>0x63c5</load_address>
         <run_address>0x63c5</run_address>
         <size>0xdf</size>
         <input_file_ref idref="fl-b"/>
      </object_component>
      <object_component id="oc-38d">
         <name>.debug_info</name>
         <load_address>0x64a4</load_address>
         <run_address>0x64a4</run_address>
         <size>0xd8</size>
         <input_file_ref idref="fl-b"/>
      </object_component>
      <object_component id="oc-390">
         <name>.debug_info</name>
         <load_address>0x657c</load_address>
         <run_address>0x657c</run_address>
         <size>0xda</size>
         <input_file_ref idref="fl-b"/>
      </object_component>
      <object_component id="oc-238">
         <name>.debug_info</name>
         <load_address>0x6656</load_address>
         <run_address>0x6656</run_address>
         <size>0xdb</size>
         <input_file_ref idref="fl-b"/>
      </object_component>
      <object_component id="oc-36c">
         <name>.debug_info</name>
         <load_address>0x6731</load_address>
         <run_address>0x6731</run_address>
         <size>0xe1</size>
         <input_file_ref idref="fl-b"/>
      </object_component>
      <object_component id="oc-285">
         <name>.debug_info</name>
         <load_address>0x6812</load_address>
         <run_address>0x6812</run_address>
         <size>0xdd</size>
         <input_file_ref idref="fl-b"/>
      </object_component>
      <object_component id="oc-372">
         <name>.debug_info</name>
         <load_address>0x68ef</load_address>
         <run_address>0x68ef</run_address>
         <size>0x5e8</size>
         <input_file_ref idref="fl-c"/>
      </object_component>
      <object_component id="oc-36f">
         <name>.debug_info</name>
         <load_address>0x6ed7</load_address>
         <run_address>0x6ed7</run_address>
         <size>0x12f</size>
         <input_file_ref idref="fl-c"/>
      </object_component>
      <object_component id="oc-222">
         <name>.debug_info</name>
         <load_address>0x7006</load_address>
         <run_address>0x7006</run_address>
         <size>0xcee</size>
         <input_file_ref idref="fl-c"/>
      </object_component>
      <object_component id="oc-24a">
         <name>.debug_info</name>
         <load_address>0x7cf4</load_address>
         <run_address>0x7cf4</run_address>
         <size>0x44a</size>
         <input_file_ref idref="fl-d"/>
      </object_component>
      <object_component id="oc-f1">
         <name>.debug_info</name>
         <load_address>0x813e</load_address>
         <run_address>0x813e</run_address>
         <size>0x55b</size>
         <input_file_ref idref="fl-d"/>
      </object_component>
      <object_component id="oc-243">
         <name>.debug_info</name>
         <load_address>0x8699</load_address>
         <run_address>0x8699</run_address>
         <size>0x632</size>
         <input_file_ref idref="fl-10"/>
      </object_component>
      <object_component id="oc-235">
         <name>.debug_info</name>
         <load_address>0x8ccb</load_address>
         <run_address>0x8ccb</run_address>
         <size>0x2a7</size>
         <input_file_ref idref="fl-10"/>
      </object_component>
      <object_component id="oc-22f">
         <name>.debug_info</name>
         <load_address>0x8f72</load_address>
         <run_address>0x8f72</run_address>
         <size>0xe4</size>
         <input_file_ref idref="fl-10"/>
      </object_component>
      <object_component id="oc-226">
         <name>.debug_info</name>
         <load_address>0x9056</load_address>
         <run_address>0x9056</run_address>
         <size>0xe6</size>
         <input_file_ref idref="fl-10"/>
      </object_component>
      <object_component id="oc-229">
         <name>.debug_info</name>
         <load_address>0x913c</load_address>
         <run_address>0x913c</run_address>
         <size>0xe6</size>
         <input_file_ref idref="fl-10"/>
      </object_component>
      <object_component id="oc-22c">
         <name>.debug_info</name>
         <load_address>0x9222</load_address>
         <run_address>0x9222</run_address>
         <size>0x126</size>
         <input_file_ref idref="fl-10"/>
      </object_component>
      <object_component id="oc-232">
         <name>.debug_info</name>
         <load_address>0x9348</load_address>
         <run_address>0x9348</run_address>
         <size>0xe8</size>
         <input_file_ref idref="fl-10"/>
      </object_component>
      <object_component id="oc-ee">
         <name>.debug_info</name>
         <load_address>0x9430</load_address>
         <run_address>0x9430</run_address>
         <size>0xde2</size>
         <input_file_ref idref="fl-10"/>
      </object_component>
      <object_component id="oc-3a5">
         <name>.debug_info</name>
         <load_address>0xa212</load_address>
         <run_address>0xa212</run_address>
         <size>0x506</size>
         <input_file_ref idref="fl-11"/>
      </object_component>
      <object_component id="oc-24c">
         <name>.debug_info</name>
         <load_address>0xa718</load_address>
         <run_address>0xa718</run_address>
         <size>0x602</size>
         <input_file_ref idref="fl-11"/>
      </object_component>
      <object_component id="oc-252">
         <name>.debug_info</name>
         <load_address>0xad1a</load_address>
         <run_address>0xad1a</run_address>
         <size>0x46f</size>
         <input_file_ref idref="fl-12"/>
      </object_component>
      <object_component id="oc-256">
         <name>.debug_info</name>
         <load_address>0xb189</load_address>
         <run_address>0xb189</run_address>
         <size>0xfe</size>
         <input_file_ref idref="fl-12"/>
      </object_component>
      <object_component id="oc-f7">
         <name>.debug_info</name>
         <load_address>0xb287</load_address>
         <run_address>0xb287</run_address>
         <size>0xa7a</size>
         <input_file_ref idref="fl-12"/>
      </object_component>
      <object_component id="oc-25b">
         <name>.debug_info</name>
         <load_address>0xbd01</load_address>
         <run_address>0xbd01</run_address>
         <size>0xea</size>
         <input_file_ref idref="fl-13"/>
      </object_component>
      <object_component id="oc-100">
         <name>.debug_info</name>
         <load_address>0xbdeb</load_address>
         <run_address>0xbdeb</run_address>
         <size>0x1cf</size>
         <input_file_ref idref="fl-13"/>
      </object_component>
      <object_component id="oc-25f">
         <name>.debug_info</name>
         <load_address>0xbfba</load_address>
         <run_address>0xbfba</run_address>
         <size>0xed</size>
         <input_file_ref idref="fl-14"/>
      </object_component>
      <object_component id="oc-105">
         <name>.debug_info</name>
         <load_address>0xc0a7</load_address>
         <run_address>0xc0a7</run_address>
         <size>0x1da</size>
         <input_file_ref idref="fl-14"/>
      </object_component>
      <object_component id="oc-2d7">
         <name>.debug_info</name>
         <load_address>0xc281</load_address>
         <run_address>0xc281</run_address>
         <size>0x33e</size>
         <input_file_ref idref="fl-17"/>
      </object_component>
      <object_component id="oc-2d4">
         <name>.debug_info</name>
         <load_address>0xc5bf</load_address>
         <run_address>0xc5bf</run_address>
         <size>0xf0</size>
         <input_file_ref idref="fl-17"/>
      </object_component>
      <object_component id="oc-17a">
         <name>.debug_info</name>
         <load_address>0xc6af</load_address>
         <run_address>0xc6af</run_address>
         <size>0x1849</size>
         <input_file_ref idref="fl-17"/>
      </object_component>
      <object_component id="oc-1ae">
         <name>.debug_info</name>
         <load_address>0xdef8</load_address>
         <run_address>0xdef8</run_address>
         <size>0x1b3</size>
         <input_file_ref idref="fl-17"/>
      </object_component>
      <object_component id="oc-2b5">
         <name>.debug_info</name>
         <load_address>0xe0ab</load_address>
         <run_address>0xe0ab</run_address>
         <size>0x33d</size>
         <input_file_ref idref="fl-19"/>
      </object_component>
      <object_component id="oc-2d2">
         <name>.debug_info</name>
         <load_address>0xe3e8</load_address>
         <run_address>0xe3e8</run_address>
         <size>0x361</size>
         <input_file_ref idref="fl-21"/>
      </object_component>
      <object_component id="oc-2c9">
         <name>.debug_info</name>
         <load_address>0xe749</load_address>
         <run_address>0xe749</run_address>
         <size>0x101</size>
         <input_file_ref idref="fl-21"/>
      </object_component>
      <object_component id="oc-2cc">
         <name>.debug_info</name>
         <load_address>0xe84a</load_address>
         <run_address>0xe84a</run_address>
         <size>0x103</size>
         <input_file_ref idref="fl-21"/>
      </object_component>
      <object_component id="oc-2cf">
         <name>.debug_info</name>
         <load_address>0xe94d</load_address>
         <run_address>0xe94d</run_address>
         <size>0xf5</size>
         <input_file_ref idref="fl-21"/>
      </object_component>
      <object_component id="oc-171">
         <name>.debug_info</name>
         <load_address>0xea42</load_address>
         <run_address>0xea42</run_address>
         <size>0x3124</size>
         <input_file_ref idref="fl-21"/>
      </object_component>
      <object_component id="oc-2ff">
         <name>.debug_info</name>
         <load_address>0x11b66</load_address>
         <run_address>0x11b66</run_address>
         <size>0x33e</size>
         <input_file_ref idref="fl-24"/>
      </object_component>
      <object_component id="oc-2ed">
         <name>.debug_info</name>
         <load_address>0x11ea4</load_address>
         <run_address>0x11ea4</run_address>
         <size>0xf0</size>
         <input_file_ref idref="fl-24"/>
      </object_component>
      <object_component id="oc-2f0">
         <name>.debug_info</name>
         <load_address>0x11f94</load_address>
         <run_address>0x11f94</run_address>
         <size>0xe8</size>
         <input_file_ref idref="fl-24"/>
      </object_component>
      <object_component id="oc-2f3">
         <name>.debug_info</name>
         <load_address>0x1207c</load_address>
         <run_address>0x1207c</run_address>
         <size>0xec</size>
         <input_file_ref idref="fl-24"/>
      </object_component>
      <object_component id="oc-2f6">
         <name>.debug_info</name>
         <load_address>0x12168</load_address>
         <run_address>0x12168</run_address>
         <size>0xf2</size>
         <input_file_ref idref="fl-24"/>
      </object_component>
      <object_component id="oc-2f9">
[...]
         <name>CanIfHthCfgInstance</name>
         <value>0x200007f8</value>
         <object_component_ref idref="oc-48f"/>
      </symbol>
      <symbol id="sm-a24">
         <name>CanIf_txPduConfigTypeInstance</name>
         <value>0x20000544</value>
         <object_component_ref idref="oc-3d6"/>
      </symbol>
      <symbol id="sm-a25">
         <name>CanIfBufferCfgInstance</name>
         <value>0x20000790</value>
         <object_component_ref idref="oc-49c"/>
      </symbol>
      <symbol id="sm-a26">
         <name>CanIf_hrhRangeConfigTypeInstance</name>
         <value>0x2000085c</value>
         <object_component_ref idref="oc-497"/>
      </symbol>
      <symbol id="sm-a27">
         <name>CanIfInitHohCfgInstance</name>
         <value>0x20000808</value>
         <object_component_ref idref="oc-3d0"/>
      </symbol>
      <symbol id="sm-a28">
         <name>CanIfHrhCfgInstance</name>
         <value>0x200007e8</value>
         <object_component_ref idref="oc-48c"/>
      </symbol>
      <symbol id="sm-a29">
         <name>try</name>
         <value>0x2000087c</value>
         <object_component_ref idref="oc-494"/>
      </symbol>
      <symbol id="sm-a2a">
         <name>CanIf_rxPduConfigTypeInstance</name>
         <value>0x200004a4</value>
         <object_component_ref idref="oc-3d3"/>
      </symbol>
      <symbol id="sm-a2b">
         <name>CanIf_initConfigTypeInstance</name>
         <value>0x20000688</value>
         <object_component_ref idref="oc-27e"/>
      </symbol>
      <symbol id="sm-a2c">
         <name>CanIf_configTypeInstance</name>
         <value>0x20000854</value>
         <object_component_ref idref="oc-111"/>
      </symbol>
      <symbol id="sm-a2d">
         <name>CanIfCtrlCfgInstance</name>
         <value>0x200007a8</value>
         <object_component_ref idref="oc-27b"/>
      </symbol>
      <symbol id="sm-a35">
         <name>CanTpRunTimeData</name>
         <value>0x20000390</value>
         <object_component_ref idref="oc-1c8"/>
      </symbol>
      <symbol id="sm-a4d">
         <name>CanTp_TxNSdu</name>
         <value>0x9a98</value>
         <object_component_ref idref="oc-26a"/>
      </symbol>
      <symbol id="sm-a4e">
         <name>CanTp_RxNSdu</name>
         <value>0x9948</value>
         <object_component_ref idref="oc-267"/>
      </symbol>
      <symbol id="sm-a4f">
         <name>CanTp_Config</name>
         <value>0x9ba0</value>
         <object_component_ref idref="oc-10b"/>
      </symbol>
      <symbol id="sm-ad6">
         <name>ComConfig</name>
         <value>0x20000e1c</value>
      </symbol>
      <symbol id="sm-ad7">
         <name>Com_TpRxIndication</name>
         <value>0x56a7</value>
         <object_component_ref idref="oc-de"/>
      </symbol>
      <symbol id="sm-ad8">
         <name>Com_MainFunctionRx</name>
         <value>0x501f</value>
         <object_component_ref idref="oc-de"/>
      </symbol>
      <symbol id="sm-ad9">
         <name>Com_MainFunctionTx</name>
         <value>0x5151</value>
         <object_component_ref idref="oc-de"/>
      </symbol>
      <symbol id="sm-ada">
         <name>Com_StartOfReception</name>
         <value>0x561f</value>
         <object_component_ref idref="oc-de"/>
      </symbol>
      <symbol id="sm-adb">
         <name>Com_ReceiveSignal</name>
         <value>0x537d</value>
         <object_component_ref idref="oc-de"/>
      </symbol>
      <symbol id="sm-adc">
         <name>Com_TriggerIPDUSend</name>
         <value>0x54fd</value>
         <object_component_ref idref="oc-de"/>
      </symbol>
      <symbol id="sm-add">
         <name>Com_RxIndication</name>
         <value>0x55ef</value>
         <object_component_ref idref="oc-de"/>
      </symbol>
      <symbol id="sm-ade">
         <name>Com_TpTxConfirmation</name>
         <value>0x5707</value>
         <object_component_ref idref="oc-de"/>
      </symbol>
      <symbol id="sm-adf">
         <name>Com_SendSignal</name>
         <value>0x5273</value>
         <object_component_ref idref="oc-de"/>
      </symbol>
      <symbol id="sm-ae0">
         <name>Com_Init</name>
         <value>0x4e81</value>
         <object_component_ref idref="oc-de"/>
      </symbol>
      <symbol id="sm-ae1">
         <name>Com_CopyTxData</name>
         <value>0x53db</value>
         <object_component_ref idref="oc-de"/>
      </symbol>
      <symbol id="sm-ae2">
         <name>Com_CopyRxData</name>
         <value>0x546d</value>
         <object_component_ref idref="oc-de"/>
      </symbol>
      <symbol id="sm-ae3">
         <name>com_pdur</name>
         <value>0x200008a1</value>
         <object_component_ref idref="oc-1f0"/>
      </symbol>
      <symbol id="sm-aef">
         <name>Com_Asu_IPdu</name>
         <value>0x20000d10</value>
      </symbol>
      <symbol id="sm-af0">
         <name>ComAsuConfiguration</name>
         <value>0x20000848</value>
         <object_component_ref idref="oc-336"/>
      </symbol>
      <symbol id="sm-b14">
         <name>Com_ReadSignalDataFromPduBuffer</name>
         <value>0x6e25</value>
         <object_component_ref idref="oc-1d8"/>
      </symbol>
      <symbol id="sm-b15">
         <name>Com_WriteSignalDataToPduBuffer</name>
         <value>0x6bb5</value>
         <object_component_ref idref="oc-1d8"/>
      </symbol>
      <symbol id="sm-b16">
         <name>Com_UnPackSignalsFromPdu</name>
         <value>0x6b51</value>
         <object_component_ref idref="oc-1d8"/>
      </symbol>
      <symbol id="sm-b17">
         <name>Com_WriteSignalDataToSignalBuffer</name>
         <value>0x7011</value>
         <object_component_ref idref="oc-1d8"/>
      </symbol>
      <symbol id="sm-b18">
         <name>Com_PackSignalsToPdu</name>
         <value>0x6aed</value>
         <object_component_ref idref="oc-1d8"/>
      </symbol>
      <symbol id="sm-b19">
         <name>Com_ReadSignalDataFromSignalBuffer</name>
         <value>0x705f</value>
         <object_component_ref idref="oc-1d8"/>
      </symbol>
      <symbol id="sm-b3d">
         <name>ComSignalBuffer_1</name>
         <value>0x20000e24</value>
      </symbol>
      <symbol id="sm-b3e">
         <name>ComSignalBuffer_2</name>
         <value>0x20000e28</value>
      </symbol>
      <symbol id="sm-b3f">
         <name>ComSignalBuffer_3</name>
         <value>0x20000e2c</value>
      </symbol>
      <symbol id="sm-b40">
         <name>ComSignalBuffer_4</name>
         <value>0x20000e30</value>
      </symbol>
      <symbol id="sm-b41">
         <name>ComIPduBuffer_1</name>
         <value>0x20000e20</value>
      </symbol>
      <symbol id="sm-b42">
         <name>ComIPduBuffer_2</name>
         <value>0x20000dec</value>
      </symbol>
      <symbol id="sm-b43">
         <name>ComConfiguration</name>
         <value>0x9c68</value>
         <object_component_ref idref="oc-10e"/>
      </symbol>
      <symbol id="sm-b44">
         <name>ComIPduSignalRefs_Can_Message_1</name>
         <value>0x9c74</value>
         <object_component_ref idref="oc-3bd"/>
      </symbol>
      <symbol id="sm-b45">
         <name>ComIPduSignalRefs_Can_Message_2</name>
         <value>0x9c80</value>
         <object_component_ref idref="oc-3c1"/>
      </symbol>
      <symbol id="sm-b46">
         <name>ComSignal</name>
         <value>0x9a34</value>
         <object_component_ref idref="oc-274"/>
      </symbol>
      <symbol id="sm-b47">
         <name>ComIPdu</name>
         <value>0x9ae8</value>
         <object_component_ref idref="oc-271"/>
      </symbol>
      <symbol id="sm-b58">
         <name>power</name>
         <value>0x8e7f</value>
         <object_component_ref idref="oc-1e4"/>
      </symbol>
      <symbol id="sm-b59">
         <name>validateSignalID</name>
         <value>0x8e65</value>
         <object_component_ref idref="oc-1e4"/>
      </symbol>
      <symbol id="sm-bf8">
         <name>cantp_cainf_FC</name>
         <value>0x2000089b</value>
         <object_component_ref idref="oc-30c"/>
      </symbol>
      <symbol id="sm-bf9">
         <name>cantp_com_rx_or_copy</name>
         <value>0x2000089f</value>
         <object_component_ref idref="oc-30f"/>
      </symbol>
      <symbol id="sm-bfa">
         <name>getPduLength</name>
         <value>0x2eb5</value>
         <object_component_ref idref="oc-1bd"/>
      </symbol>
      <symbol id="sm-bfb">
         <name>sendFlowControlFrame</name>
         <value>0x35f9</value>
         <object_component_ref idref="oc-1bd"/>
      </symbol>
      <symbol id="sm-bfc">
         <name>handleNextTxFrameSent</name>
         <value>0x34cf</value>
         <object_component_ref idref="oc-1bd"/>
      </symbol>
      <symbol id="sm-bfd">
         <name>getFrameType</name>
         <value>0x2e17</value>
         <object_component_ref idref="oc-1bd"/>
      </symbol>
      <symbol id="sm-bfe">
         <name>copySegmentToPduRRxBuffer</name>
         <value>0x2d51</value>
         <object_component_ref idref="oc-1bd"/>
      </symbol>
      <symbol id="sm-bff">
         <name>copySegmentToLocalRxBuffer</name>
         <value>0x2db5</value>
         <object_component_ref idref="oc-1bd"/>
      </symbol>
      <symbol id="sm-c00">
         <name>handleConsecutiveFrame</name>
         <value>0x32e3</value>
         <object_component_ref idref="oc-1bd"/>
      </symbol>
      <symbol id="sm-c01">
         <name>handleFlowControlFrame</name>
         <value>0x3217</value>
         <object_component_ref idref="oc-1bd"/>
      </symbol>
      <symbol id="sm-c02">
         <name>cantp_com_copy_tx</name>
         <value>0x2000089d</value>
         <object_component_ref idref="oc-317"/>
      </symbol>
      <symbol id="sm-c03">
         <name>sendNextTxFrame</name>
         <value>0x3747</value>
         <object_component_ref idref="oc-1bd"/>
      </symbol>
      <symbol id="sm-c04">
         <name>handleFirstFrame</name>
         <value>0x30ab</value>
         <object_component_ref idref="oc-1bd"/>
      </symbol>
      <symbol id="sm-c05">
         <name>canReceivePaddingHelper</name>
         <value>0x2cd3</value>
         <object_component_ref idref="oc-1bd"/>
      </symbol>
      <symbol id="sm-c06">
         <name>calcRequiredProtocolFrameType</name>
         <value>0x2f3d</value>
         <object_component_ref idref="oc-1bd"/>
      </symbol>
      <symbol id="sm-c07">
         <name>handleSingleFrame</name>
         <value>0x2fa5</value>
         <object_component_ref idref="oc-1bd"/>
      </symbol>
      <symbol id="sm-c08">
         <name>canTansmitPaddingHelper</name>
         <value>0x2c59</value>
         <object_component_ref idref="oc-1bd"/>
      </symbol>
      <symbol id="sm-c09">
         <name>canif_ids</name>
         <value>0x20000892</value>
         <object_component_ref idref="oc-309"/>
      </symbol>
      <symbol id="sm-c25">
         <name>PduR_ComTransmit</name>
         <value>0x8529</value>
         <object_component_ref idref="oc-1ea"/>
      </symbol>
      <symbol id="sm-c26">
         <name>PduR_CanTpRxIndication</name>
         <value>0x85c5</value>
         <object_component_ref idref="oc-1ea"/>
      </symbol>
      <symbol id="sm-c27">
         <name>PduR_CanIfRxIndication</name>
         <value>0x857f</value>
         <object_component_ref idref="oc-1ea"/>
      </symbol>
      <symbol id="sm-c28">
         <name>PduR_CanTpCopyTxData</name>
         <value>0x8611</value>
         <object_component_ref idref="oc-1ea"/>
      </symbol>
      <symbol id="sm-c29">
         <name>PduR_CanTpTxConfirmation</name>
         <value>0x863d</value>
         <object_component_ref idref="oc-1ea"/>
      </symbol>
      <symbol id="sm-c2a">
         <name>PduR_CanTpCopyRxData</name>
         <value>0x859d</value>
         <object_component_ref idref="oc-1ea"/>
      </symbol>
      <symbol id="sm-c2b">
         <name>PduR_CanTpStartOfReception</name>
         <value>0x85e5</value>
         <object_component_ref idref="oc-1ea"/>
      </symbol>
      <symbol id="sm-c8a">
         <name>real_com</name>
         <value>0x200007c0</value>
         <object_component_ref idref="oc-457"/>
      </symbol>
      <symbol id="sm-c8b">
         <name>real_CanTp_rx</name>
         <value>0x20000828</value>
         <object_component_ref idref="oc-463"/>
      </symbol>
      <symbol id="sm-c8c">
         <name>real_CanTp_tx</name>
         <value>0x2000086c</value>
         <object_component_ref idref="oc-469"/>
      </symbol>
      <symbol id="sm-c8d">
         <name>Com_type</name>
         <value>0x20000818</value>
         <object_component_ref idref="oc-46c"/>
      </symbol>
      <symbol id="sm-c8e">
         <name>real_CanIf</name>
         <value>0x20000758</value>
         <object_component_ref idref="oc-45d"/>
      </symbol>
      <symbol id="sm-c8f">
         <name>virtual_CanTp_rx</name>
         <value>0x20000838</value>
         <object_component_ref idref="oc-460"/>
      </symbol>
      <symbol id="sm-c90">
         <name>virtual_CanTp_tx</name>
         <value>0x20000874</value>
         <object_component_ref idref="oc-466"/>
      </symbol>
      <symbol id="sm-c91">
         <name>get_type</name>
         <value>0x84bb</value>
         <object_component_ref idref="oc-341"/>
      </symbol>
      <symbol id="sm-c92">
         <name>virtual_CanIf</name>
         <value>0x20000774</value>
         <object_component_ref idref="oc-45a"/>
      </symbol>
      <symbol id="sm-c93">
         <name>virtual_com</name>
         <value>0x200007d4</value>
         <object_component_ref idref="oc-454"/>
      </symbol>
      <symbol id="sm-c94">
         <name>get_ID</name>
         <value>0x83c5</value>
         <object_component_ref idref="oc-341"/>
      </symbol>
      <symbol id="sm-ceb">
         <name>CanTp_Shutdown</name>
         <value>0x5b5b</value>
         <object_component_ref idref="oc-d8"/>
      </symbol>
      <symbol id="sm-cec">
         <name>CanTp_Init</name>
         <value>0x5935</value>
         <object_component_ref idref="oc-d8"/>
      </symbol>
      <symbol id="sm-ced">
         <name>initRx15765RuntimeData</name>
         <value>0x57f7</value>
         <object_component_ref idref="oc-d8"/>
      </symbol>
      <symbol id="sm-cee">
         <name>CanTp_RxIndication</name>
         <value>0x583f</value>
         <object_component_ref idref="oc-d8"/>
      </symbol>
      <symbol id="sm-cef">
         <name>CanTp_MainFunction</name>
         <value>0x5b71</value>
         <object_component_ref idref="oc-d8"/>
      </symbol>
      <symbol id="sm-cf0">
         <name>CanTp_TxConfirmation</name>
         <value>0x5dcd</value>
         <object_component_ref idref="oc-d8"/>
      </symbol>
      <symbol id="sm-cf1">
         <name>initTx15765RuntimeData</name>
         <value>0x57b5</value>
         <object_component_ref idref="oc-d8"/>
      </symbol>
      <symbol id="sm-cf2">
         <name>CanTp_Transmit</name>
         <value>0x5a01</value>
         <object_component_ref idref="oc-d8"/>
      </symbol>
      <symbol id="sm-d1a">
         <name>ceil</name>
         <value>0x88d1</value>
         <object_component_ref idref="oc-327"/>
      </symbol>
      <symbol id="sm-d1b">
         <name>ceill</name>
         <value>0x88d1</value>
         <object_component_ref idref="oc-327"/>
      </symbol>
      <symbol id="sm-d32">
         <name>__aeabi_dsub</name>
         <value>0x8091</value>
         <object_component_ref idref="oc-43b"/>
      </symbol>
      <symbol id="sm-d33">
         <name>__aeabi_dadd</name>
         <value>0x809b</value>
         <object_component_ref idref="oc-43b"/>
      </symbol>
      <symbol id="sm-d45">
         <name>__aeabi_cdrcmple</name>
         <value>0x8ce9</value>
         <object_component_ref idref="oc-440"/>
      </symbol>
      <symbol id="sm-d4f">
         <name>__aeabi_d2iz</name>
         <value>0x9009</value>
         <object_component_ref idref="oc-312"/>
      </symbol>
      <symbol id="sm-d59">
         <name>__aeabi_d2uiz</name>
         <value>0x9095</value>
         <object_component_ref idref="oc-1c3"/>
      </symbol>
      <symbol id="sm-d64">
         <name>__aeabi_f2d</name>
         <value>0x9117</value>
         <object_component_ref idref="oc-322"/>
      </symbol>
      <symbol id="sm-d6d">
         <name>__aeabi_lmul</name>
         <value>0x91b5</value>
         <object_component_ref idref="oc-33b"/>
      </symbol>
      <symbol id="sm-d88">
         <name>memcpy</name>
         <value>0x8c4d</value>
         <object_component_ref idref="oc-38"/>
      </symbol>
      <symbol id="sm-d89">
         <name>__aeabi_memcpy</name>
         <value>0x8c4d</value>
         <object_component_ref idref="oc-38"/>
      </symbol>
      <symbol id="sm-d8a">
         <name>__aeabi_memcpy8</name>
         <value>0x8c4d</value>
         <object_component_ref idref="oc-38"/>
      </symbol>
      <symbol id="sm-d8b">
         <name>__aeabi_memcpy4</name>
         <value>0x8c4d</value>
         <object_component_ref idref="oc-38"/>
      </symbol>
      <symbol id="sm-d9b">
         <name>__aeabi_memset</name>
         <value>0x8ded</value>
         <object_component_ref idref="oc-8c"/>
      </symbol>
      <symbol id="sm-d9c">
         <name>memset</name>
         <value>0x8df3</value>
         <object_component_ref idref="oc-8c"/>
      </symbol>
      <symbol id="sm-d9d">
         <name>__aeabi_memset8</name>
         <value>0x8ded</value>
         <object_component_ref idref="oc-8c"/>
      </symbol>
      <symbol id="sm-d9e">
         <name>__aeabi_memset4</name>
         <value>0x8ded</value>
         <object_component_ref idref="oc-8c"/>
      </symbol>
      <symbol id="sm-d9f">
         <name>__aeabi_memclr8</name>
         <value>0x8deb</value>
         <object_component_ref idref="oc-8c"/>
      </symbol>
      <symbol id="sm-da0">
         <name>__aeabi_memclr4</name>
         <value>0x8deb</value>
         <object_component_ref idref="oc-8c"/>
      </symbol>
      <symbol id="sm-da1">
         <name>__aeabi_memclr</name>
         <value>0x8deb</value>
         <object_component_ref idref="oc-8c"/>
      </symbol>
      <symbol id="sm-db8">
         <name>__TI_zero_init</name>
         <value>0x9203</value>
         <object_component_ref idref="oc-4a"/>
      </symbol>
      <symbol id="sm-dcf">
         <name>__TI_decompress_none</name>
         <value>0x91f5</value>
         <object_component_ref idref="oc-18"/>
      </symbol>
      <symbol id="sm-df2">
         <name>__TI_decompress_lzss</name>
         <value>0x8f49</value>
         <object_component_ref idref="oc-12"/>
      </symbol>
      <symbol id="sm-e05">
         <name>__stack</name>
         <value>0x20000e40</value>
         <object_component_ref idref="oc-21"/>
      </symbol>
      <symbol id="sm-e06">
         <name>_c_int00_noargs</name>
         <value>0x9151</value>
         <object_component_ref idref="oc-56"/>
      </symbol>
      <symbol id="sm-e2f">
         <name>__TI_auto_init_nobinit_nopinit</name>
         <value>0x9051</value>
         <object_component_ref idref="oc-12e"/>
      </symbol>
      <symbol id="sm-e39">
         <name>_system_pre_init</name>
         <value>0x9221</value>
         <object_component_ref idref="oc-92"/>
      </symbol>
      <symbol id="sm-e45">
         <name>C$$EXIT</name>
         <value>0x9225</value>
         <object_component_ref idref="oc-122"/>
      </symbol>
      <symbol id="sm-e46">
         <name>abort</name>
         <value>0x9225</value>
         <object_component_ref idref="oc-122"/>
      </symbol>
      <symbol id="sm-e49">
         <name>__TI_static_base__</name>
         <value>0x0</value>
      </symbol>
      <symbol id="sm-e4c">
         <name>__mpu_init</name>
         <value>0x0</value>
      </symbol>
      <symbol id="sm-e4d">
         <name>_system_post_cinit</name>
         <value>0x0</value>
      </symbol>
   </symbol_table>
   <title>Link successful</title>
</link_info>
