******************************************************************************
                  TI ARM Linker PC v18.12.4                    
******************************************************************************
>> Linked Sat Feb  8 12:13:17 2020

OUTPUT FILE NAME:   <Com_last_year.out>
ENTRY POINT SYMBOL: "_c_int00_noargs"  address: 00009151


MEMORY CONFIGURATION

         name            origin    length      used     unused   attr    fill
----------------------  --------  ---------  --------  --------  ----  --------
  FLASH                 00000000   00040000  00009e84  0003617c  R  X
  SRAM                  20000000   00008000  00001035  00006fcb  RW X


SEGMENT ALLOCATION MAP

run origin  load origin   length   init length attrs members
----------  ----------- ---------- ----------- ----- -------
00000000    00000000    00009e88   00009e88    r-x
  00000000    00000000    0000026c   0000026c    r-- .intvecs
  0000026c    0000026c    00008fbc   00008fbc    r-x .text
  00009228    00009228    00000a6c   00000a6c    r-- .const
  00009c98    00009c98    000001f0   000001f0    r-- .cinit
20000000    20000000    00001040   00000000    rw-
  20000000    20000000    0000026c   00000000    rw- .vtable
  20000270    20000270    00000637   00000000    rw- .data
  200008a8    200008a8    00000592   00000000    rw- .bss
  20000e40    20000e40    00000200   00000000    rw- .stack


SECTION ALLOCATION MAP

 output                                  attributes/
section   page    origin      length       input sections
--------  ----  ----------  ----------   ----------------
.intvecs   0    00000000    0000026c     
                  00000000    0000026c     tm4c123gh6pm_startup_ccs.obj (.intvecs)

.text      0    0000026c    00008fbc     
                  0000026c    00001a6c     Can.obj (.text)
                  00001cd8    00000f80     sysctl.obj (.text)
                  00002c58    00000c6c     Helper_Functions.obj (.text)
                  000038c4    00000b94     gpio.obj (.text)
                  00004458    00000a28     can.obj (.text)
                  00004e80    00000934     Com.obj (.text)
                  000057b4    00000698     cantp.obj (.text)
                  00005e4c    00000664     CanIf.obj (.text)
                  000064b0    0000063c     task.obj (.text)
                  00006aec    000005ac     Com_Buffer.obj (.text)
                  00007098    00000598     alarm.obj (.text)
                  00007630    000004b4     Rte_SeatHeater.obj (.text)
                  00007ae4    000003c0     interrupt.obj (.text)
                  00007ea4    000001ec     event.obj (.text)
                  00008090    000001b6     rtsv7M4_T_le_v4SPD16_eabi.lib : fd_add_t2.asm.obj (.text)
                  00008246    00000002     --HOLE-- [fill = 0]
                  00008248    0000017c     LCDInit.obj (.text)
                  000083c4    00000164     PduR_helper.obj (.text)
                  00008528    00000140     PduR.obj (.text)
                  00008668    0000013c     port.obj (.text)
                  000087a4    0000012a     list.obj (.text)
                  000088ce    00000002     --HOLE-- [fill = 0]
                  000088d0    000000f8     rtsv7M4_T_le_v4SPD16_eabi.lib : s_ceil.c.obj (.text:ceil)
                  000089c8    000000f8     main.obj (.text)
                  00008ac0    000000da     portasm.obj (.text)
                  00008b9a    00000002     --HOLE-- [fill = 0]
                  00008b9c    000000b0     PORTF.obj (.text)
                  00008c4c    0000009c     rtsv7M4_T_le_v4SPD16_eabi.lib : memcpy_t2.asm.obj (.text)
                  00008ce8    00000086                                   : fd_cmp_t2.asm.obj (.text:__aeabi_cdrcmple)
                  00008d6e    0000007c     Delay.obj (.text)
                  00008dea    0000007a     rtsv7M4_T_le_v4SPD16_eabi.lib : memset_t2.asm.obj (.text)
                  00008e64    00000072     Com_helper.obj (.text)
                  00008ed6    00000002     --HOLE-- [fill = 0]
                  00008ed8    00000070     Timer0A.obj (.text)
                  00008f48    00000068     rtsv7M4_T_le_v4SPD16_eabi.lib : copy_decompress_lzss.c.obj (.text:decompress:lzss:__TI_decompress_lzss)
                  00008fb0    00000058     Rte.obj (.text)
                  00009008    00000048     rtsv7M4_T_le_v4SPD16_eabi.lib : fd_toi_t2.asm.obj (.text)
                  00009050    00000044                                   : autoinit.c.obj (.text:__TI_auto_init_nobinit_nopinit:__TI_auto_init_nobinit_nopinit)
                  00009094    00000044                                   : fd_tou_t2.asm.obj (.text)
                  000090d8    0000003e     cpu.obj (.text)
                  00009116    00000038     rtsv7M4_T_le_v4SPD16_eabi.lib : fs_tod_t2.asm.obj (.text)
                  0000914e    00000002     --HOLE-- [fill = 0]
                  00009150    00000034                                   : boot_cortex_m.c.obj (.text:_c_int00_noargs:_c_int00_noargs)
                  00009184    00000030     Dio.obj (.text)
                  000091b4    00000018     rtsv7M4_T_le_v4SPD16_eabi.lib : ll_mul_t2.asm.obj (.text)
                  000091cc    00000014     Rte_SeatSensorLeft.obj (.text)
                  000091e0    00000014     Rte_SeatSensorRight.obj (.text)
                  000091f4    0000000e     rtsv7M4_T_le_v4SPD16_eabi.lib : copy_decompress_none.c.obj (.text:decompress:none:__TI_decompress_none)
                  00009202    0000000c                                   : copy_zero_init.c.obj (.text:decompress:ZI:__TI_zero_init)
                  0000920e    0000000c     tm4c123gh6pm_startup_ccs.obj (.text)
                  0000921a    00000006     sysctl.obj (.text:SysCtlDelay)
                  00009220    00000004     rtsv7M4_T_le_v4SPD16_eabi.lib : pre_init.c.obj (.text:_system_pre_init)
                  00009224    00000004                                   : exit.c.obj (.text:abort:abort)

.const     0    00009228    00000a6c     
                  00009228    000001b0     sysctl.obj (.const:g_pppui32XTALtoVCO)
                  000093d8    00000154     Can.obj (.const:CanContainer)
                  0000952c    00000154     Can.obj (.const:MailboxCfg_MAP)
                  00009680    000000d8     gpio.obj (.const:g_ppui32GPIOIntMapSnowflake)
                  00009758    000000c0     gpio.obj (.const:g_ppui32GPIOIntMapBlizzard)
                  00009818    0000009c     interrupt.obj (.const:g_pui32Regs)
                  000098b4    00000090     gpio.obj (.const:g_pui32GPIOBaseAddrs)
                  00009944    00000004     port.obj (.const)
                  00009948    00000080     CanTp_Cfg.obj (.const:CanTp_RxNSdu)
                  000099c8    0000006c     sysctl.obj (.const:g_pui32Xtals)
                  00009a34    00000060     Com_Cfg.obj (.const:ComSignal)
                  00009a94    00000004     --HOLE-- [fill = 0]
                  00009a98    00000050     CanTp_Cfg.obj (.const:CanTp_TxNSdu)
                  00009ae8    00000050     Com_Cfg.obj (.const:ComIPdu)
                  00009b38    00000034     Lcfg.obj (.const)
                  00009b6c    00000030     sysctl.obj (.const:g_sXTALtoMEMTIM)
                  00009b9c    00000004     --HOLE-- [fill = 0]
                  00009ba0    00000020     CanTp_Cfg.obj (.const:CanTp_Config)
                  00009bc0    00000020     interrupt.obj (.const:g_pui32Priority)
                  00009be0    00000020     can.obj (.const:g_ui16CANBitValues)
                  00009c00    00000018     Can.obj (.const:McuPerClockConfigData)
                  00009c18    00000014     interrupt.obj (.const:g_pui32Dii16Regs)
                  00009c2c    00000014     interrupt.obj (.const:g_pui32EnRegs)
                  00009c40    00000014     interrupt.obj (.const:g_pui32PendRegs)
                  00009c54    00000014     interrupt.obj (.const:g_pui32UnpendRegs)
                  00009c68    0000000c     Com_Cfg.obj (.const:ComConfiguration)
                  00009c74    0000000c     Com_Cfg.obj (.const:ComIPduSignalRefs_Can_Message_1)
                  00009c80    0000000c     Com_Cfg.obj (.const:ComIPduSignalRefs_Can_Message_2)
                  00009c8c    00000008     sysctl.obj (.const:g_pui32VCOFrequencies)

.cinit     0    00009c98    000001f0     
                  00009c98    000001ba     (.cinit..data.load) [load image, compression = lzss]
                  00009e52    00000002     --HOLE-- [fill = 0]
                  00009e54    0000000c     (__TI_handler_table)
                  00009e60    00000008     (.cinit..bss.load) [load image, compression = zero_init]
                  00009e68    00000008     (.cinit..vtable.load) [load image, compression = zero_init]
                  00009e70    00000018     (__TI_cinit_table)

.init_array 
*          0    00000000    00000000     UNINITIALIZED

.vtable    0    20000000    0000026c     UNINITIALIZED
                  20000000    0000026c     interrupt.obj (.vtable)

.data      0    20000270    00000637     UNINITIALIZED
                  20000270    00000120     Lcfg.obj (.data:AlarmStruct)
                  20000390    00000114     CanTpRuntime.obj (.data:CanTpRunTimeData)
                  200004a4    000000a0     CanIf_Sec_cfg.obj (.data:CanIf_rxPduConfigTypeInstance)
                  20000544    000000a0     CanIf_Sec_cfg.obj (.data:CanIf_txPduConfigTypeInstance)
                  200005e4    000000a0     Lcfg.obj (.data:TaskStruct)
                  20000684    00000004     Com.obj (.data)
                  20000688    00000048     CanIf_Sec_cfg.obj (.data:CanIf_initConfigTypeInstance)
                  200006d0    0000003c     Lcfg.obj (.data:CounterStruct)
                  2000070c    0000002c     task.obj (.data)
                  20000738    00000020     Lcfg.obj (.data:EventsInTask)
                  20000758    0000001c     PduR_helper.obj (.data:real_CanIf)
                  20000774    0000001c     PduR_helper.obj (.data:virtual_CanIf)
                  20000790    00000018     CanIf_Sec_cfg.obj (.data:CanIfBufferCfgInstance)
                  200007a8    00000018     CanIf_Sec_cfg.obj (.data:CanIfCtrlCfgInstance)
                  200007c0    00000014     PduR_helper.obj (.data:real_com)
                  200007d4    00000014     PduR_helper.obj (.data:virtual_com)
                  200007e8    00000010     CanIf_Sec_cfg.obj (.data:CanIfHrhCfgInstance)
                  200007f8    00000010     CanIf_Sec_cfg.obj (.data:CanIfHthCfgInstance)
                  20000808    00000010     CanIf_Sec_cfg.obj (.data:CanIfInitHohCfgInstance)
                  20000818    00000010     PduR_helper.obj (.data:Com_type)
                  20000828    00000010     PduR_helper.obj (.data:real_CanTp_rx)
                  20000838    00000010     PduR_helper.obj (.data:virtual_CanTp_rx)
                  20000848    0000000c     Com_Asu_Cfg.obj (.data:ComAsuConfiguration)
                  20000854    00000008     CanIf_Sec_cfg.obj (.data:CanIf_configTypeInstance)
                  2000085c    00000008     CanIf_Sec_cfg.obj (.data:CanIf_hrhRangeConfigTypeInstance)
                  20000864    00000008     alarm.obj (.data)
                  2000086c    00000008     PduR_helper.obj (.data:real_CanTp_tx)
                  20000874    00000008     PduR_helper.obj (.data:virtual_CanTp_tx)
                  2000087c    00000007     CanIf_Sec_cfg.obj (.data:try)
                  20000883    00000001     Rte_SeatSensorLeft.obj (.data)
                  20000884    00000006     Rte_SeatHeater.obj (.data)
                  2000088a    00000004     CanIf.obj (.data:canif_Comfrimation_Value)
                  2000088e    00000004     CanIf.obj (.data:canif_cantp_value)
                  20000892    00000002     Helper_Functions.obj (.data:canif_ids)
                  20000894    00000004     port.obj (.data)
                  20000898    00000003     Can.obj (.data)
                  2000089b    00000002     Helper_Functions.obj (.data:cantp_cainf_FC)
                  2000089d    00000002     Helper_Functions.obj (.data:cantp_com_copy_tx)
                  2000089f    00000002     Helper_Functions.obj (.data:cantp_com_rx_or_copy)
                  200008a1    00000002     Com.obj (.data:com_pdur)
                  200008a3    00000002     Can.obj (.data:state_transition_flag)
                  200008a5    00000001     Rte_SeatSensorRight.obj (.data)
                  200008a6    00000001     CanIf.obj (.data:canif_PduR_Value)

.bss       0    200008a8    00000592     UNINITIALIZED
                  200008a8    00000200     Lcfg.obj (.bss:IdleStack)
                  20000aa8    00000200     Lcfg.obj (.bss:TaskStack1)
                  20000ca8    00000064     task.obj (.bss:ReadyTasksLists)
                  20000d0c    00000004     Can.obj (.bss:Can_ControllerMode)
                  20000d10    00000040     (.common:Com_Asu_IPdu)
                  20000d50    00000024     (.common:Message_Confirmation)
                  20000d74    00000014     task.obj (.bss:DelayedTaskList1)
                  20000d88    00000014     task.obj (.bss:DelayedTaskList2)
                  20000d9c    00000014     task.obj (.bss:SuspendedTaskList)
                  20000db0    00000014     (.common:CounterList)
                  20000dc4    00000014     (.common:DormantAlarmList)
                  20000dd8    0000000c     PduR.obj (.bss:info$1)
                  20000de4    00000008     task.obj (.bss)
                  20000dec    00000008     (.common:ComIPduBuffer_2)
                  20000df4    00000007     (.common:CanIf_Global)
                  20000dfb    00000004     Can.obj (.bss:ErrorState$3)
                  20000dff    00000004     Can.obj (.bss:IntDisableCount)
                  20000e03    00000004     Can.obj (.bss:IntEnableCount)
                  20000e07    00000004     Can.obj (.bss:Int_disable_in_stop_mode)
                  20000e0b    00000004     Can.obj (.bss:Int_enable_in_start_mode)
                  20000e0f    00000001     Can.obj (.bss)
                  20000e10    00000004     (.common:CanIfPrivateCfgInst)
                  20000e14    00000004     (.common:CanIfRxPduCfg_Arr)
                  20000e18    00000004     (.common:CanIf_ConfigPtr)
                  20000e1c    00000004     (.common:ComConfig)
                  20000e20    00000004     (.common:ComIPduBuffer_1)
                  20000e24    00000004     (.common:ComSignalBuffer_1)
                  20000e28    00000004     (.common:ComSignalBuffer_2)
                  20000e2c    00000004     (.common:ComSignalBuffer_3)
                  20000e30    00000004     (.common:ComSignalBuffer_4)
                  20000e34    00000004     (.common:l)
                  20000e38    00000001     (.common:controlleft)
                  20000e39    00000001     (.common:controlright)

.stack     0    20000e40    00000200     UNINITIALIZED
                  20000e40    00000004     rtsv7M4_T_le_v4SPD16_eabi.lib : boot_cortex_m.c.obj (.stack)
                  20000e44    000001fc     --HOLE--

MODULE SUMMARY

       Module                         code    ro data   rw data
       ------                         ----    -------   -------
    .\
       tm4c123gh6pm_startup_ccs.obj   12      620       0      
       LCDInit.obj                    380     0         0      
       main.obj                       248     0         0      
       PORTF.obj                      176     0         0      
       Delay.obj                      124     0         0      
       Timer0A.obj                    112     0         0      
       Dio.obj                        48      0         0      
    +--+------------------------------+-------+---------+---------+
       Total:                         1100    620       0      
                                                               
    .\OS\
       task.obj                       1596    0         212    
       Lcfg.obj                       0       52        1564   
       alarm.obj                      1432    0         48     
       event.obj                      492     0         0      
    +--+------------------------------+-------+---------+---------+
       Total:                         3520    52        1824   
                                                               
    .\Rte\
       Rte_SeatHeater.obj             1204    0         12     
       Rte.obj                        88      0         0      
       Rte_SeatSensorLeft.obj         20      0         1      
       Rte_SeatSensorRight.obj        20      0         1      
    +--+------------------------------+-------+---------+---------+
       Total:                         1332    0         14     
                                                               
    .\driverlib\
       sysctl.obj                     3974    596       0      
       gpio.obj                       2964    552       0      
       can.obj                        2600    32        0      
       interrupt.obj                  960     268       620    
       cpu.obj                        62      0         0      
    +--+------------------------------+-------+---------+---------+
       Total:                         10560   1448      620    
                                                               
    .\freertos\
       list.obj                       298     0         0      
    +--+------------------------------+-------+---------+---------+
       Total:                         298     0         0      
                                                               
    .\portable\
       port.obj                       316     4         4      
       portasm.obj                    218     0         0      
    +--+------------------------------+-------+---------+---------+
       Total:                         534     4         4      
                                                               
    .\source\
       Can.obj                        6764    704       66     
       Helper_Functions.obj           3180    0         8      
       Com.obj                        2356    0         10     
       cantp.obj                      1688    0         0      
       CanIf.obj                      1636    0         28     
       Com_Buffer.obj                 1452    0         0      
       PduR_helper.obj                356     0         160    
       CanIf_Sec_cfg.obj              0       0         511    
       PduR.obj                       320     0         12     
       CanTpRuntime.obj               0       0         276    
       CanTp_Cfg.obj                  0       240       0      
       Com_Cfg.obj                    0       212       28     
       Com_helper.obj                 114     0         0      
       Com_Asu_Cfg.obj                0       0         76     
    +--+------------------------------+-------+---------+---------+
       Total:                         17866   1156      1175   
                                                               
    C:\ti\ccs930\ccs\tools\compiler\ti-cgt-arm_18.12.4.LTS\lib\rtsv7M4_T_le_v4SPD16_eabi.lib
       fd_add_t2.asm.obj              438     0         0      
       s_ceil.c.obj                   248     0         0      
       memcpy_t2.asm.obj              156     0         0      
       fd_cmp_t2.asm.obj              134     0         0      
       memset_t2.asm.obj              122     0         0      
       copy_decompress_lzss.c.obj     104     0         0      
       fd_toi_t2.asm.obj              72      0         0      
       autoinit.c.obj                 68      0         0      
       fd_tou_t2.asm.obj              68      0         0      
       fs_tod_t2.asm.obj              56      0         0      
       boot_cortex_m.c.obj            52      0         0      
       ll_mul_t2.asm.obj              24      0         0      
       copy_decompress_none.c.obj     14      0         0      
       copy_zero_init.c.obj           12      0         0      
       exit.c.obj                     4       0         0      
       pre_init.c.obj                 4       0         0      
    +--+------------------------------+-------+---------+---------+
       Total:                         1576    0         0      
                                                               
       Stack:                         0       0         512    
       Linker Generated:              0       494       0      
    +--+------------------------------+-------+---------+---------+
       Grand Total:                   36786   3774      4149   


LINKER GENERATED COPY TABLES

__TI_cinit_table @ 00009e70 records: 3, size/record: 8, table size: 24
	.data: load addr=00009c98, load size=000001ba bytes, run addr=20000270, run size=00000637 bytes, compression=lzss
	.bss: load addr=00009e60, load size=00000008 bytes, run addr=200008a8, run size=00000592 bytes, compression=zero_init
	.vtable: load addr=00009e68, load size=00000008 bytes, run addr=20000000, run size=0000026c bytes, compression=zero_init


LINKER GENERATED HANDLER TABLE

__TI_handler_table @ 00009e54 records: 3, size/record: 4, table size: 12
	index: 0, handler: __TI_zero_init
	index: 1, handler: __TI_decompress_lzss
	index: 2, handler: __TI_decompress_none


GLOBAL SYMBOLS: SORTED ALPHABETICALLY BY Name 

address   name                                                                         
-------   ----                                                                         
00006915  ActivateTask                                                                 
00006619  AddTaskToReadyList                                                           
00007255  AlarmHook                                                                    
20000270  AlarmStruct                                                                  
00009b60  BSW_Alarm_alarm4                                                             
00009b64  BSW_Alarm_alarm5                                                             
00009b68  BSW_Alarm_alarm6                                                             
00009b4c  BSW_Event_CanTp_MainFunction                                                 
00009b44  BSW_Event_Com_MainFunctionRx                                                 
00009b48  BSW_Event_Com_MainFunctionTx                                                 
00006667  BlockTask                                                                    
00009225  C$$EXIT                                                                      
00004669  CANBitRateSet                                                                
00004601  CANBitTimingGet                                                              
00004735  CANBitTimingSet                                                              
000045ed  CANDisable                                                                   
000045d9  CANEnable                                                                    
0000497f  CANErrCntrGet                                                                
0000455d  CANInit                                                                      
00004871  CANIntClear                                                                  
00004811  CANIntDisable                                                                
000047fb  CANIntEnable                                                                 
000047c3  CANIntRegister                                                               
00004827  CANIntStatus                                                                 
000047e1  CANIntUnregister                                                             
00004e51  CANMessageClear                                                              
00004c47  CANMessageGet                                                                
000049b5  CANMessageSet                                                                
000048dd  CANRetryGet                                                                  
000048ab  CANRetrySet                                                                  
000048f9  CANStatusGet                                                                 
0000910d  CPUbasepriGet                                                                
000090ff  CPUbasepriSet                                                                
000090d9  CPUcpsid                                                                     
000090ef  CPUcpsie                                                                     
000090e5  CPUprimask                                                                   
000090fb  CPUwfi                                                                       
0000166d  Can0_InterruptHandler                                                        
00001865  Can1_InterruptHandler                                                        
000093d8  CanContainer                                                                 
20000790  CanIfBufferCfgInstance                                                       
200007a8  CanIfCtrlCfgInstance                                                         
200007e8  CanIfHrhCfgInstance                                                          
200007f8  CanIfHthCfgInstance                                                          
20000808  CanIfInitHohCfgInstance                                                      
20000e10  CanIfPrivateCfgInst                                                          
20000e14  CanIfRxPduCfg_Arr                                                            
20000e18  CanIf_ConfigPtr                                                              
00006155  CanIf_FindHrhChannel                                                         
000061cb  CanIf_FindRxPduEntry                                                         
00006025  CanIf_FindTxPduEntry                                                         
00005fd9  CanIf_GetControllerMode                                                      
00005f13  CanIf_GetPduMode                                                             
20000df4  CanIf_Global                                                                 
00005e4d  CanIf_Init                                                                   
000062a1  CanIf_RxIndication                                                           
00005f57  CanIf_SetControllerMode                                                      
00005ea1  CanIf_SetPduMode                                                             
0000608d  CanIf_Transmit                                                               
00006431  CanIf_TxConfirmation                                                         
20000854  CanIf_configTypeInstance                                                     
2000085c  CanIf_hrhRangeConfigTypeInstance                                             
20000688  CanIf_initConfigTypeInstance                                                 
200004a4  CanIf_rxPduConfigTypeInstance                                                
20000544  CanIf_txPduConfigTypeInstance                                                
20000390  CanTpRunTimeData                                                             
00009ba0  CanTp_Config                                                                 
00005935  CanTp_Init                                                                   
00005b71  CanTp_MainFunction                                                           
0000583f  CanTp_RxIndication                                                           
00009948  CanTp_RxNSdu                                                                 
00005b5b  CanTp_Shutdown                                                               
00005a01  CanTp_Transmit                                                               
00005dcd  CanTp_TxConfirmation                                                         
00009a98  CanTp_TxNSdu                                                                 
00001c19  Can_DeInit                                                                   
00000fbd  Can_DisableControllerInterrupts                                              
00001065  Can_EnableControllerInterrupts                                               
00000691  Can_GetControllerErrorState                                                  
000015f5  Can_GetControllerMode                                                        
00001a65  Can_Init                                                                     
00000581  Can_MainFunction_Mode                                                        
00000e5d  Can_SetBaudrate                                                              
00001119  Can_SetControllerMode                                                        
000007a5  Can_Write                                                                    
000075dd  CancelAlarm                                                                  
00006a0d  ChainTask                                                                    
00007ea5  CheckEventTask                                                               
00008047  ClearEvent                                                                   
20000848  ComAsuConfiguration                                                          
20000e1c  ComConfig                                                                    
00009c68  ComConfiguration                                                             
00009ae8  ComIPdu                                                                      
20000e20  ComIPduBuffer_1                                                              
20000dec  ComIPduBuffer_2                                                              
00009c74  ComIPduSignalRefs_Can_Message_1                                              
00009c80  ComIPduSignalRefs_Can_Message_2                                              
00009a34  ComSignal                                                                    
20000e24  ComSignalBuffer_1                                                            
20000e28  ComSignalBuffer_2                                                            
20000e2c  ComSignalBuffer_3                                                            
20000e30  ComSignalBuffer_4                                                            
20000d10  Com_Asu_IPdu                                                                 
0000546d  Com_CopyRxData                                                               
000053db  Com_CopyTxData                                                               
00004e81  Com_Init                                                                     
0000501f  Com_MainFunctionRx                                                           
00005151  Com_MainFunctionTx                                                           
00006aed  Com_PackSignalsToPdu                                                         
00006e25  Com_ReadSignalDataFromPduBuffer                                              
0000705f  Com_ReadSignalDataFromSignalBuffer                                           
0000537d  Com_ReceiveSignal                                                            
000055ef  Com_RxIndication                                                             
00005273  Com_SendSignal                                                               
0000561f  Com_StartOfReception                                                         
000056a7  Com_TpRxIndication                                                           
00005707  Com_TpTxConfirmation                                                         
000054fd  Com_TriggerIPDUSend                                                          
00006b51  Com_UnPackSignalsFromPdu                                                     
00006bb5  Com_WriteSignalDataToPduBuffer                                               
00007011  Com_WriteSignalDataToSignalBuffer                                            
20000818  Com_type                                                                     
0000710b  CounterIncrementHook                                                         
20000db0  CounterList                                                                  
200006d0  CounterStruct                                                                
00008d6f  Delay_Us                                                                     
00008da9  Delay_ms                                                                     
20000dc4  DormantAlarmList                                                             
20000738  EventsInTask                                                                 
00004431  GPIOADCTriggerDisable                                                        
00004413  GPIOADCTriggerEnable                                                         
000043f5  GPIODMATriggerDisable                                                        
000043d7  GPIODMATriggerEnable                                                         
0000397f  GPIODirModeGet                                                               
00003923  GPIODirModeSet                                                               
00003ee7  GPIOIntClear                                                                 
00003eab  GPIOIntDisable                                                               
00003e91  GPIOIntEnable                                                                
00003efb  GPIOIntRegister                                                              
00003f33  GPIOIntRegisterPin                                                           
00003ec5  GPIOIntStatus                                                                
00003a6f  GPIOIntTypeGet                                                               
000039cb  GPIOIntTypeSet                                                               
00003f19  GPIOIntUnregister                                                            
00003f61  GPIOIntUnregisterPin                                                         
00003d3f  GPIOPadConfigGet                                                             
00003b05  GPIOPadConfigSet                                                             
00004379  GPIOPinConfigure                                                             
00003f85  GPIOPinRead                                                                  
00003fbd  GPIOPinTypeADC                                                               
00003fe1  GPIOPinTypeCAN                                                               
00004005  GPIOPinTypeComparator                                                        
00004029  GPIOPinTypeComparatorOutput                                                  
0000404d  GPIOPinTypeDIVSCLK                                                           
00004071  GPIOPinTypeEPI                                                               
00004095  GPIOPinTypeEthernetLED                                                       
000040b9  GPIOPinTypeEthernetMII                                                       
000040dd  GPIOPinTypeGPIOInput                                                         
00004101  GPIOPinTypeGPIOOutput                                                        
00004125  GPIOPinTypeGPIOOutputOD                                                      
00004149  GPIOPinTypeHibernateRTCCLK                                                   
0000416d  GPIOPinTypeI2C                                                               
00004191  GPIOPinTypeI2CSCL                                                            
000041b5  GPIOPinTypeLCD                                                               
000041d9  GPIOPinTypeOneWire                                                           
000041fd  GPIOPinTypePWM                                                               
00004221  GPIOPinTypeQEI                                                               
00004245  GPIOPinTypeSSI                                                               
00004269  GPIOPinTypeTimer                                                             
0000428d  GPIOPinTypeTrace                                                             
000042b1  GPIOPinTypeUART                                                              
000042d5  GPIOPinTypeUSBAnalog                                                         
000042f9  GPIOPinTypeUSBDigital                                                        
0000431d  GPIOPinTypeWakeHigh                                                          
00004343  GPIOPinTypeWakeLow                                                           
00004369  GPIOPinWakeStatus                                                            
00003f9d  GPIOPinWrite                                                                 
000073e1  GetAlarm                                                                     
00007461  GetAlarmBase                                                                 
00007fd9  GetEvent                                                                     
00006a49  GetTaskID                                                                    
00006a6d  GetTaskState                                                                 
00006255  Get_User_RxIndication                                                        
0000622f  Get_User_RxIndication_Name                                                   
00008a19  INTERNAL_OS_T1                                                               
000064b1  IdleTask                                                                     
00007231  InitAlarm                                                                    
000070ed  InitCounter                                                                  
00009185  InitGPIO                                                                     
00006691  InitTask                                                                     
00007ca5  IntDisable                                                                   
00007c33  IntEnable                                                                    
00007d17  IntIsEnabled                                                                 
00007af7  IntMasterDisable                                                             
00007ae7  IntMasterEnable                                                              
00007e0d  IntPendClear                                                                 
00007d9d  IntPendSet                                                                   
00007c0f  IntPriorityGet                                                               
00007b87  IntPriorityGroupingGet                                                       
00007b6d  IntPriorityGroupingSet                                                       
00007e67  IntPriorityMaskGet                                                           
00007e5b  IntPriorityMaskSet                                                           
00007bbf  IntPrioritySet                                                               
00007b07  IntRegister                                                                  
00007e6f  IntTrigger                                                                   
00007b59  IntUnregister                                                                
000082c9  LCD_INIT                                                                     
00008249  LCD_command                                                                  
0000828f  LCD_data                                                                     
0000952c  MailboxCfg_MAP                                                               
00009c00  McuPerClockConfigData                                                        
20000d50  Message_Confirmation                                                         
00008a11  OS_T1                                                                        
00008b9d  PORTF_Init                                                                   
00008c07  PORTF_SSL                                                                    
00008be5  PORTF_SSR                                                                    
0000857f  PduR_CanIfRxIndication                                                       
0000859d  PduR_CanTpCopyRxData                                                         
00008611  PduR_CanTpCopyTxData                                                         
000085c5  PduR_CanTpRxIndication                                                       
000085e5  PduR_CanTpStartOfReception                                                   
0000863d  PduR_CanTpTxConfirmation                                                     
00008529  PduR_ComTransmit                                                             
00009b54  RTE_Alarm_alarm1                                                             
00009b58  RTE_Alarm_alarm2                                                             
00009b5c  RTE_Alarm_alarm3                                                             
00009b38  RTE_Event_SeatHeaterEvent                                                    
00009b3c  RTE_Event_SeatSensorLeftUpdateTimer                                          
00009b40  RTE_Event_SeatSensorRightUpdateTimer                                         
0000920f  ResetISR                                                                     
00008fb1  Rte_Read_LeftLevelReceiver_Left_Level_Heater                                 
00008fbf  Rte_Read_RightLevelReceiver_Right_Level_Interface                            
00008fe9  Rte_Read_SeatSensorLeft_SeatSensorRunnableLeft_SensorLeft_LeftSensorValue    
00008ff9  Rte_Read_SeatSensorRight_SeatSensorRunnableRight_SensorRight_RightSensorValue
00008fcd  Rte_Write_StatusLeft_PassengerOnLeftSeat                                     
00008fdb  Rte_Write_StatusRight_PassengerOnRightSeat                                   
00007631  SeatHeaterRunnable                                                           
000091cd  SeatSensorRunnableLeft                                                       
000091e1  SeatSensorRunnableRight                                                      
00007559  SetAbsAlarm                                                                  
00007ee5  SetEvent                                                                     
00007499  SetRelAlarm                                                                  
000067a9  StartOS                                                                      
00002c15  SysCtlAltClkConfig                                                           
0000233d  SysCtlClockFreqSet                                                           
00002805  SysCtlClockGet                                                               
00002bf9  SysCtlClockOutConfig                                                         
00002635  SysCtlClockSet                                                               
00002241  SysCtlDeepSleep                                                              
000029c9  SysCtlDeepSleepClockConfigSet                                                
000029ab  SysCtlDeepSleepClockSet                                                      
00002221  SysCtlDeepSleepPowerSet                                                      
0000921b  SysCtlDelay                                                                  
00001dcf  SysCtlFlashSectorSizeGet                                                     
00001da3  SysCtlFlashSizeGet                                                           
00002a9f  SysCtlGPIOAHBDisable                                                         
00002a83  SysCtlGPIOAHBEnable                                                          
000021b5  SysCtlIntClear                                                               
0000219d  SysCtlIntDisable                                                             
00002189  SysCtlIntEnable                                                              
00002161  SysCtlIntRegister                                                            
000021c5  SysCtlIntStatus                                                              
00002179  SysCtlIntUnregister                                                          
00002207  SysCtlLDODeepSleepGet                                                        
000021f7  SysCtlLDODeepSleepSet                                                        
000021f1  SysCtlLDOSleepGet                                                            
000021e1  SysCtlLDOSleepSet                                                            
00002277  SysCtlMOSCConfigSet                                                          
00002bdd  SysCtlNMIClear                                                               
00002bc9  SysCtlNMIStatus                                                              
0000228d  SysCtlPIOSCCalibrate                                                         
00002a6d  SysCtlPWMClockGet                                                            
00002a53  SysCtlPWMClockSet                                                            
0000210d  SysCtlPeripheralClockGating                                                  
000020c5  SysCtlPeripheralDeepSleepDisable                                             
00002075  SysCtlPeripheralDeepSleepEnable                                              
00001fb1  SysCtlPeripheralDisable                                                      
00001f75  SysCtlPeripheralEnable                                                       
00001eb1  SysCtlPeripheralPowerOff                                                     
00001e75  SysCtlPeripheralPowerOn                                                      
00001df5  SysCtlPeripheralPresent                                                      
00001e35  SysCtlPeripheralReady                                                        
00001eed  SysCtlPeripheralReset                                                        
00002039  SysCtlPeripheralSleepDisable                                                 
00001ff5  SysCtlPeripheralSleepEnable                                                  
00002231  SysCtlReset                                                                  
000022ed  SysCtlResetBehaviorGet                                                       
000022dd  SysCtlResetBehaviorSet                                                       
00002263  SysCtlResetCauseClear                                                        
0000225d  SysCtlResetCauseGet                                                          
00001d99  SysCtlSRAMSizeGet                                                            
00002239  SysCtlSleep                                                                  
0000220d  SysCtlSleepPowerSet                                                          
00002ac7  SysCtlUSBPLLDisable                                                          
00002abb  SysCtlUSBPLLEnable                                                           
00002b0d  SysCtlVCOGet                                                                 
00002af5  SysCtlVoltageEventClear                                                      
00002ad9  SysCtlVoltageEventConfig                                                     
00002ae9  SysCtlVoltageEventStatus                                                     
00009b50  T1                                                                           
200005e4  TaskStruct                                                                   
00006961  TerminateTask                                                                
00008f1f  Timer0A_Handler                                                              
00008ed9  Timer0A_Init                                                                 
00007f79  WaitEvent                                                                    
20001040  __STACK_END                                                                  
00000200  __STACK_SIZE                                                                 
20001040  __STACK_TOP                                                                  
00009e70  __TI_CINIT_Base                                                              
00009e88  __TI_CINIT_Limit                                                             
00009e54  __TI_Handler_Table_Base                                                      
00009e60  __TI_Handler_Table_Limit                                                     
00009051  __TI_auto_init_nobinit_nopinit                                               
00008f49  __TI_decompress_lzss                                                         
000091f5  __TI_decompress_none                                                         
ffffffff  __TI_pprof_out_hndl                                                          
ffffffff  __TI_prof_data_size                                                          
ffffffff  __TI_prof_data_start                                                         
00000000  __TI_static_base__                                                           
00009203  __TI_zero_init                                                               
00008ce9  __aeabi_cdrcmple                                                             
00009009  __aeabi_d2iz                                                                 
00009095  __aeabi_d2uiz                                                                
0000809b  __aeabi_dadd                                                                 
00008091  __aeabi_dsub                                                                 
00009117  __aeabi_f2d                                                                  
000091b5  __aeabi_lmul                                                                 
00008deb  __aeabi_memclr                                                               
00008deb  __aeabi_memclr4                                                              
00008deb  __aeabi_memclr8                                                              
00008c4d  __aeabi_memcpy                                                               
00008c4d  __aeabi_memcpy4                                                              
00008c4d  __aeabi_memcpy8                                                              
00008ded  __aeabi_memset                                                               
00008ded  __aeabi_memset4                                                              
00008ded  __aeabi_memset8                                                              
ffffffff  __binit__                                                                    
ffffffff  __c_args__                                                                   
UNDEFED   __mpu_init                                                                   
20000e40  __stack                                                                      
00009151  _c_int00_noargs                                                              
UNDEFED   _system_post_cinit                                                           
00009221  _system_pre_init                                                             
00009225  abort                                                                        
ffffffff  binit                                                                        
00002f3d  calcRequiredProtocolFrameType                                                
00002cd3  canReceivePaddingHelper                                                      
00002c59  canTansmitPaddingHelper                                                      
2000088a  canif_Comfrimation_Value                                                     
200008a6  canif_PduR_Value                                                             
2000088e  canif_cantp_value                                                            
20000892  canif_ids                                                                    
2000089b  cantp_cainf_FC                                                               
2000089d  cantp_com_copy_tx                                                            
2000089f  cantp_com_rx_or_copy                                                         
000088d1  ceil                                                                         
000088d1  ceill                                                                        
200008a1  com_pdur                                                                     
20000e38  controlleft                                                                  
20000e39  controlright                                                                 
00002db5  copySegmentToLocalRxBuffer                                                   
00002d51  copySegmentToPduRRxBuffer                                                    
20000000  g_pfnRAMVectors                                                              
00000000  g_pfnVectors                                                                 
00002e17  getFrameType                                                                 
00002eb5  getPduLength                                                                 
000083c5  get_ID                                                                       
000084bb  get_type                                                                     
000032e3  handleConsecutiveFrame                                                       
000030ab  handleFirstFrame                                                             
00003217  handleFlowControlFrame                                                       
000034cf  handleNextTxFrameSent                                                        
00002fa5  handleSingleFrame                                                            
000057f7  initRx15765RuntimeData                                                       
000057b5  initTx15765RuntimeData                                                       
20000e34  l                                                                            
20000883  leftsensor                                                                   
000089c9  main                                                                         
00008c4d  memcpy                                                                       
00008df3  memset                                                                       
00008e7f  power                                                                        
2000070c  pxCurrentTCB                                                                 
00008669  pxPortInitialiseStack                                                        
20000758  real_CanIf                                                                   
20000828  real_CanTp_rx                                                                
2000086c  real_CanTp_tx                                                                
200007c0  real_com                                                                     
200008a5  rightsensor                                                                  
20000884  s                                                                            
000035f9  sendFlowControlFrame                                                         
00003747  sendNextTxFrame                                                              
20000888  si                                                                           
20000889  su                                                                           
2000087c  try                                                                          
00009944  ulMaxSyscallInterruptPriority                                                
00008ad1  ulPortGetIPSR                                                                
00008887  uxListRemove                                                                 
000087a5  vListInitialise                                                              
000087d5  vListInitialiseItem                                                          
00008821  vListInsert                                                                  
000087e5  vListInsertEnd                                                               
00008b8d  vPortEnableVFP                                                               
00008709  vPortEndScheduler                                                            
0000870b  vPortEnterCritical                                                           
0000872b  vPortExitCritical                                                            
00008b49  vPortSVCHandler                                                              
00008767  vPortSetupTimerInterrupt                                                     
00008b69  vPortStartFirstTask                                                          
000066fd  vTaskSwitchContext                                                           
00008e65  validateSignalID                                                             
20000774  virtual_CanIf                                                                
20000838  virtual_CanTp_rx                                                             
20000874  virtual_CanTp_tx                                                             
200007d4  virtual_com                                                                  
00008ae9  xPortPendSVHandler                                                           
000086d3  xPortStartScheduler                                                          
00008741  xPortSysTickHandler                                                          
000066b1  xTaskIncrementTick                                                           


GLOBAL SYMBOLS: SORTED BY Symbol Address 

address   name                                                                         
-------   ----                                                                         
00000000  __TI_static_base__                                                           
00000000  g_pfnVectors                                                                 
00000200  __STACK_SIZE                                                                 
00000581  Can_MainFunction_Mode                                                        
00000691  Can_GetControllerErrorState                                                  
000007a5  Can_Write                                                                    
00000e5d  Can_SetBaudrate                                                              
00000fbd  Can_DisableControllerInterrupts                                              
00001065  Can_EnableControllerInterrupts                                               
00001119  Can_SetControllerMode                                                        
000015f5  Can_GetControllerMode                                                        
0000166d  Can0_InterruptHandler                                                        
00001865  Can1_InterruptHandler                                                        
00001a65  Can_Init                                                                     
00001c19  Can_DeInit                                                                   
00001d99  SysCtlSRAMSizeGet                                                            
00001da3  SysCtlFlashSizeGet                                                           
00001dcf  SysCtlFlashSectorSizeGet                                                     
00001df5  SysCtlPeripheralPresent                                                      
00001e35  SysCtlPeripheralReady                                                        
00001e75  SysCtlPeripheralPowerOn                                                      
00001eb1  SysCtlPeripheralPowerOff                                                     
00001eed  SysCtlPeripheralReset                                                        
00001f75  SysCtlPeripheralEnable                                                       
00001fb1  SysCtlPeripheralDisable                                                      
00001ff5  SysCtlPeripheralSleepEnable                                                  
00002039  SysCtlPeripheralSleepDisable                                                 
00002075  SysCtlPeripheralDeepSleepEnable                                              
000020c5  SysCtlPeripheralDeepSleepDisable                                             
0000210d  SysCtlPeripheralClockGating                                                  
00002161  SysCtlIntRegister                                                            
00002179  SysCtlIntUnregister                                                          
00002189  SysCtlIntEnable                                                              
0000219d  SysCtlIntDisable                                                             
000021b5  SysCtlIntClear                                                               
000021c5  SysCtlIntStatus                                                              
000021e1  SysCtlLDOSleepSet                                                            
000021f1  SysCtlLDOSleepGet                                                            
000021f7  SysCtlLDODeepSleepSet                                                        
00002207  SysCtlLDODeepSleepGet                                                        
0000220d  SysCtlSleepPowerSet                                                          
00002221  SysCtlDeepSleepPowerSet                                                      
00002231  SysCtlReset                                                                  
00002239  SysCtlSleep                                                                  
00002241  SysCtlDeepSleep                                                              
0000225d  SysCtlResetCauseGet                                                          
00002263  SysCtlResetCauseClear                                                        
00002277  SysCtlMOSCConfigSet                                                          
0000228d  SysCtlPIOSCCalibrate                                                         
000022dd  SysCtlResetBehaviorSet                                                       
000022ed  SysCtlResetBehaviorGet                                                       
0000233d  SysCtlClockFreqSet                                                           
00002635  SysCtlClockSet                                                               
00002805  SysCtlClockGet                                                               
000029ab  SysCtlDeepSleepClockSet                                                      
000029c9  SysCtlDeepSleepClockConfigSet                                                
00002a53  SysCtlPWMClockSet                                                            
00002a6d  SysCtlPWMClockGet                                                            
00002a83  SysCtlGPIOAHBEnable                                                          
00002a9f  SysCtlGPIOAHBDisable                                                         
00002abb  SysCtlUSBPLLEnable                                                           
00002ac7  SysCtlUSBPLLDisable                                                          
00002ad9  SysCtlVoltageEventConfig                                                     
00002ae9  SysCtlVoltageEventStatus                                                     
00002af5  SysCtlVoltageEventClear                                                      
00002b0d  SysCtlVCOGet                                                                 
00002bc9  SysCtlNMIStatus                                                              
00002bdd  SysCtlNMIClear                                                               
00002bf9  SysCtlClockOutConfig                                                         
00002c15  SysCtlAltClkConfig                                                           
00002c59  canTansmitPaddingHelper                                                      
00002cd3  canReceivePaddingHelper                                                      
00002d51  copySegmentToPduRRxBuffer                                                    
00002db5  copySegmentToLocalRxBuffer                                                   
00002e17  getFrameType                                                                 
00002eb5  getPduLength                                                                 
00002f3d  calcRequiredProtocolFrameType                                                
00002fa5  handleSingleFrame                                                            
000030ab  handleFirstFrame                                                             
00003217  handleFlowControlFrame                                                       
000032e3  handleConsecutiveFrame                                                       
000034cf  handleNextTxFrameSent                                                        
000035f9  sendFlowControlFrame                                                         
00003747  sendNextTxFrame                                                              
00003923  GPIODirModeSet                                                               
0000397f  GPIODirModeGet                                                               
000039cb  GPIOIntTypeSet                                                               
00003a6f  GPIOIntTypeGet                                                               
00003b05  GPIOPadConfigSet                                                             
00003d3f  GPIOPadConfigGet                                                             
00003e91  GPIOIntEnable                                                                
00003eab  GPIOIntDisable                                                               
00003ec5  GPIOIntStatus                                                                
00003ee7  GPIOIntClear                                                                 
00003efb  GPIOIntRegister                                                              
00003f19  GPIOIntUnregister                                                            
00003f33  GPIOIntRegisterPin                                                           
00003f61  GPIOIntUnregisterPin                                                         
00003f85  GPIOPinRead                                                                  
00003f9d  GPIOPinWrite                                                                 
00003fbd  GPIOPinTypeADC                                                               
00003fe1  GPIOPinTypeCAN                                                               
00004005  GPIOPinTypeComparator                                                        
00004029  GPIOPinTypeComparatorOutput                                                  
0000404d  GPIOPinTypeDIVSCLK                                                           
00004071  GPIOPinTypeEPI                                                               
00004095  GPIOPinTypeEthernetLED                                                       
000040b9  GPIOPinTypeEthernetMII                                                       
000040dd  GPIOPinTypeGPIOInput                                                         
00004101  GPIOPinTypeGPIOOutput                                                        
00004125  GPIOPinTypeGPIOOutputOD                                                      
00004149  GPIOPinTypeHibernateRTCCLK                                                   
0000416d  GPIOPinTypeI2C                                                               
00004191  GPIOPinTypeI2CSCL                                                            
000041b5  GPIOPinTypeLCD                                                               
000041d9  GPIOPinTypeOneWire                                                           
000041fd  GPIOPinTypePWM                                                               
00004221  GPIOPinTypeQEI                                                               
00004245  GPIOPinTypeSSI                                                               
00004269  GPIOPinTypeTimer                                                             
0000428d  GPIOPinTypeTrace                                                             
000042b1  GPIOPinTypeUART                                                              
000042d5  GPIOPinTypeUSBAnalog                                                         
000042f9  GPIOPinTypeUSBDigital                                                        
0000431d  GPIOPinTypeWakeHigh                                                          
00004343  GPIOPinTypeWakeLow                                                           
00004369  GPIOPinWakeStatus                                                            
00004379  GPIOPinConfigure                                                             
000043d7  GPIODMATriggerEnable                                                         
000043f5  GPIODMATriggerDisable                                                        
00004413  GPIOADCTriggerEnable                                                         
00004431  GPIOADCTriggerDisable                                                        
0000455d  CANInit                                                                      
000045d9  CANEnable                                                                    
000045ed  CANDisable                                                                   
00004601  CANBitTimingGet                                                              
00004669  CANBitRateSet                                                                
00004735  CANBitTimingSet                                                              
000047c3  CANIntRegister                                                               
000047e1  CANIntUnregister                                                             
000047fb  CANIntEnable                                                                 
00004811  CANIntDisable                                                                
00004827  CANIntStatus                                                                 
00004871  CANIntClear                                                                  
000048ab  CANRetrySet                                                                  
000048dd  CANRetryGet                                                                  
000048f9  CANStatusGet                                                                 
0000497f  CANErrCntrGet                                                                
000049b5  CANMessageSet                                                                
00004c47  CANMessageGet                                                                
00004e51  CANMessageClear                                                              
00004e81  Com_Init                                                                     
0000501f  Com_MainFunctionRx                                                           
00005151  Com_MainFunctionTx                                                           
00005273  Com_SendSignal                                                               
0000537d  Com_ReceiveSignal                                                            
000053db  Com_CopyTxData                                                               
0000546d  Com_CopyRxData                                                               
000054fd  Com_TriggerIPDUSend                                                          
000055ef  Com_RxIndication                                                             
0000561f  Com_StartOfReception                                                         
000056a7  Com_TpRxIndication                                                           
00005707  Com_TpTxConfirmation                                                         
000057b5  initTx15765RuntimeData                                                       
000057f7  initRx15765RuntimeData                                                       
0000583f  CanTp_RxIndication                                                           
00005935  CanTp_Init                                                                   
00005a01  CanTp_Transmit                                                               
00005b5b  CanTp_Shutdown                                                               
00005b71  CanTp_MainFunction                                                           
00005dcd  CanTp_TxConfirmation                                                         
00005e4d  CanIf_Init                                                                   
00005ea1  CanIf_SetPduMode                                                             
00005f13  CanIf_GetPduMode                                                             
00005f57  CanIf_SetControllerMode                                                      
00005fd9  CanIf_GetControllerMode                                                      
00006025  CanIf_FindTxPduEntry                                                         
0000608d  CanIf_Transmit                                                               
00006155  CanIf_FindHrhChannel                                                         
000061cb  CanIf_FindRxPduEntry                                                         
0000622f  Get_User_RxIndication_Name                                                   
00006255  Get_User_RxIndication                                                        
000062a1  CanIf_RxIndication                                                           
00006431  CanIf_TxConfirmation                                                         
000064b1  IdleTask                                                                     
00006619  AddTaskToReadyList                                                           
00006667  BlockTask                                                                    
00006691  InitTask                                                                     
000066b1  xTaskIncrementTick                                                           
000066fd  vTaskSwitchContext                                                           
000067a9  StartOS                                                                      
00006915  ActivateTask                                                                 
00006961  TerminateTask                                                                
00006a0d  ChainTask                                                                    
00006a49  GetTaskID                                                                    
00006a6d  GetTaskState                                                                 
00006aed  Com_PackSignalsToPdu                                                         
00006b51  Com_UnPackSignalsFromPdu                                                     
00006bb5  Com_WriteSignalDataToPduBuffer                                               
00006e25  Com_ReadSignalDataFromPduBuffer                                              
00007011  Com_WriteSignalDataToSignalBuffer                                            
0000705f  Com_ReadSignalDataFromSignalBuffer                                           
000070ed  InitCounter                                                                  
0000710b  CounterIncrementHook                                                         
00007231  InitAlarm                                                                    
00007255  AlarmHook                                                                    
000073e1  GetAlarm                                                                     
00007461  GetAlarmBase                                                                 
00007499  SetRelAlarm                                                                  
00007559  SetAbsAlarm                                                                  
000075dd  CancelAlarm                                                                  
00007631  SeatHeaterRunnable                                                           
00007ae7  IntMasterEnable                                                              
00007af7  IntMasterDisable                                                             
00007b07  IntRegister                                                                  
00007b59  IntUnregister                                                                
00007b6d  IntPriorityGroupingSet                                                       
00007b87  IntPriorityGroupingGet                                                       
00007bbf  IntPrioritySet                                                               
00007c0f  IntPriorityGet                                                               
00007c33  IntEnable                                                                    
00007ca5  IntDisable                                                                   
00007d17  IntIsEnabled                                                                 
00007d9d  IntPendSet                                                                   
00007e0d  IntPendClear                                                                 
00007e5b  IntPriorityMaskSet                                                           
00007e67  IntPriorityMaskGet                                                           
00007e6f  IntTrigger                                                                   
00007ea5  CheckEventTask                                                               
00007ee5  SetEvent                                                                     
00007f79  WaitEvent                                                                    
00007fd9  GetEvent                                                                     
00008047  ClearEvent                                                                   
00008091  __aeabi_dsub                                                                 
0000809b  __aeabi_dadd                                                                 
00008249  LCD_command                                                                  
0000828f  LCD_data                                                                     
000082c9  LCD_INIT                                                                     
000083c5  get_ID                                                                       
000084bb  get_type                                                                     
00008529  PduR_ComTransmit                                                             
0000857f  PduR_CanIfRxIndication                                                       
0000859d  PduR_CanTpCopyRxData                                                         
000085c5  PduR_CanTpRxIndication                                                       
000085e5  PduR_CanTpStartOfReception                                                   
00008611  PduR_CanTpCopyTxData                                                         
0000863d  PduR_CanTpTxConfirmation                                                     
00008669  pxPortInitialiseStack                                                        
000086d3  xPortStartScheduler                                                          
00008709  vPortEndScheduler                                                            
0000870b  vPortEnterCritical                                                           
0000872b  vPortExitCritical                                                            
00008741  xPortSysTickHandler                                                          
00008767  vPortSetupTimerInterrupt                                                     
000087a5  vListInitialise                                                              
000087d5  vListInitialiseItem                                                          
000087e5  vListInsertEnd                                                               
00008821  vListInsert                                                                  
00008887  uxListRemove                                                                 
000088d1  ceil                                                                         
000088d1  ceill                                                                        
000089c9  main                                                                         
00008a11  OS_T1                                                                        
00008a19  INTERNAL_OS_T1                                                               
00008ad1  ulPortGetIPSR                                                                
00008ae9  xPortPendSVHandler                                                           
00008b49  vPortSVCHandler                                                              
00008b69  vPortStartFirstTask                                                          
00008b8d  vPortEnableVFP                                                               
00008b9d  PORTF_Init                                                                   
00008be5  PORTF_SSR                                                                    
00008c07  PORTF_SSL                                                                    
00008c4d  __aeabi_memcpy                                                               
00008c4d  __aeabi_memcpy4                                                              
00008c4d  __aeabi_memcpy8                                                              
00008c4d  memcpy                                                                       
00008ce9  __aeabi_cdrcmple                                                             
00008d6f  Delay_Us                                                                     
00008da9  Delay_ms                                                                     
00008deb  __aeabi_memclr                                                               
00008deb  __aeabi_memclr4                                                              
00008deb  __aeabi_memclr8                                                              
00008ded  __aeabi_memset                                                               
00008ded  __aeabi_memset4                                                              
00008ded  __aeabi_memset8                                                              
00008df3  memset                                                                       
00008e65  validateSignalID                                                             
00008e7f  power                                                                        
00008ed9  Timer0A_Init                                                                 
00008f1f  Timer0A_Handler                                                              
00008f49  __TI_decompress_lzss                                                         
00008fb1  Rte_Read_LeftLevelReceiver_Left_Level_Heater                                 
00008fbf  Rte_Read_RightLevelReceiver_Right_Level_Interface                            
00008fcd  Rte_Write_StatusLeft_PassengerOnLeftSeat                                     
00008fdb  Rte_Write_StatusRight_PassengerOnRightSeat                                   
00008fe9  Rte_Read_SeatSensorLeft_SeatSensorRunnableLeft_SensorLeft_LeftSensorValue    
00008ff9  Rte_Read_SeatSensorRight_SeatSensorRunnableRight_SensorRight_RightSensorValue
00009009  __aeabi_d2iz                                                                 
00009051  __TI_auto_init_nobinit_nopinit                                               
00009095  __aeabi_d2uiz                                                                
000090d9  CPUcpsid                                                                     
000090e5  CPUprimask                                                                   
000090ef  CPUcpsie                                                                     
000090fb  CPUwfi                                                                       
000090ff  CPUbasepriSet                                                                
0000910d  CPUbasepriGet                                                                
00009117  __aeabi_f2d                                                                  
00009151  _c_int00_noargs                                                              
00009185  InitGPIO                                                                     
000091b5  __aeabi_lmul                                                                 
000091cd  SeatSensorRunnableLeft                                                       
000091e1  SeatSensorRunnableRight                                                      
000091f5  __TI_decompress_none                                                         
00009203  __TI_zero_init                                                               
0000920f  ResetISR                                                                     
0000921b  SysCtlDelay                                                                  
00009221  _system_pre_init                                                             
00009225  C$$EXIT                                                                      
00009225  abort                                                                        
000093d8  CanContainer                                                                 
0000952c  MailboxCfg_MAP                                                               
00009944  ulMaxSyscallInterruptPriority                                                
00009948  CanTp_RxNSdu                                                                 
00009a34  ComSignal                                                                    
00009a98  CanTp_TxNSdu                                                                 
00009ae8  ComIPdu                                                                      
00009b38  RTE_Event_SeatHeaterEvent                                                    
00009b3c  RTE_Event_SeatSensorLeftUpdateTimer                                          
00009b40  RTE_Event_SeatSensorRightUpdateTimer                                         
00009b44  BSW_Event_Com_MainFunctionRx                                                 
00009b48  BSW_Event_Com_MainFunctionTx                                                 
00009b4c  BSW_Event_CanTp_MainFunction                                                 
00009b50  T1                                                                           
00009b54  RTE_Alarm_alarm1                                                             
00009b58  RTE_Alarm_alarm2                                                             
00009b5c  RTE_Alarm_alarm3                                                             
00009b60  BSW_Alarm_alarm4                                                             
00009b64  BSW_Alarm_alarm5                                                             
00009b68  BSW_Alarm_alarm6                                                             
00009ba0  CanTp_Config                                                                 
00009c00  McuPerClockConfigData                                                        
00009c68  ComConfiguration                                                             
00009c74  ComIPduSignalRefs_Can_Message_1                                              
00009c80  ComIPduSignalRefs_Can_Message_2                                              
00009e54  __TI_Handler_Table_Base                                                      
00009e60  __TI_Handler_Table_Limit                                                     
00009e70  __TI_CINIT_Base                                                              
00009e88  __TI_CINIT_Limit                                                             
20000000  g_pfnRAMVectors                                                              
20000270  AlarmStruct                                                                  
20000390  CanTpRunTimeData                                                             
200004a4  CanIf_rxPduConfigTypeInstance                                                
20000544  CanIf_txPduConfigTypeInstance                                                
200005e4  TaskStruct                                                                   
20000688  CanIf_initConfigTypeInstance                                                 
200006d0  CounterStruct                                                                
2000070c  pxCurrentTCB                                                                 
20000738  EventsInTask                                                                 
20000758  real_CanIf                                                                   
20000774  virtual_CanIf                                                                
20000790  CanIfBufferCfgInstance                                                       
200007a8  CanIfCtrlCfgInstance                                                         
200007c0  real_com                                                                     
200007d4  virtual_com                                                                  
200007e8  CanIfHrhCfgInstance                                                          
200007f8  CanIfHthCfgInstance                                                          
20000808  CanIfInitHohCfgInstance                                                      
20000818  Com_type                                                                     
20000828  real_CanTp_rx                                                                
20000838  virtual_CanTp_rx                                                             
20000848  ComAsuConfiguration                                                          
20000854  CanIf_configTypeInstance                                                     
2000085c  CanIf_hrhRangeConfigTypeInstance                                             
2000086c  real_CanTp_tx                                                                
20000874  virtual_CanTp_tx                                                             
2000087c  try                                                                          
20000883  leftsensor                                                                   
20000884  s                                                                            
20000888  si                                                                           
20000889  su                                                                           
2000088a  canif_Comfrimation_Value                                                     
2000088e  canif_cantp_value                                                            
20000892  canif_ids                                                                    
2000089b  cantp_cainf_FC                                                               
2000089d  cantp_com_copy_tx                                                            
2000089f  cantp_com_rx_or_copy                                                         
200008a1  com_pdur                                                                     
200008a5  rightsensor                                                                  
200008a6  canif_PduR_Value                                                             
20000d10  Com_Asu_IPdu                                                                 
20000d50  Message_Confirmation                                                         
20000db0  CounterList                                                                  
20000dc4  DormantAlarmList                                                             
20000dec  ComIPduBuffer_2                                                              
20000df4  CanIf_Global                                                                 
20000e10  CanIfPrivateCfgInst                                                          
20000e14  CanIfRxPduCfg_Arr                                                            
20000e18  CanIf_ConfigPtr                                                              
20000e1c  ComConfig                                                                    
20000e20  ComIPduBuffer_1                                                              
20000e24  ComSignalBuffer_1                                                            
20000e28  ComSignalBuffer_2                                                            
20000e2c  ComSignalBuffer_3                                                            
20000e30  ComSignalBuffer_4                                                            
20000e34  l                                                                            
20000e38  controlleft                                                                  
20000e39  controlright                                                                 
20000e40  __stack                                                                      
20001040  __STACK_END                                                                  
20001040  __STACK_TOP                                                                  
ffffffff  __TI_pprof_out_hndl                                                          
ffffffff  __TI_prof_data_size                                                          
ffffffff  __TI_prof_data_start                                                         
ffffffff  __binit__                                                                    
ffffffff  __c_args__                                                                   
ffffffff  binit                                                                        
UNDEFED   __mpu_init                                                                   
UNDEFED   _system_post_cinit                                                           

[418 symbols]
