<?xml version="1.0" encoding="ISO-8859-1" ?>
<link_info>
   <banner>TI ARM Linker PC v18.12.4.LTS</banner>
   <copyright>Copyright (c) 1996-2018 Texas Instruments Incorporated</copyright>
   <link_time>0x5e3efe91</link_time>
   <link_errors>0x0</link_errors>
   <output_file>Com_last_year.out</output_file>
   <entry_point>
      <name>_c_int00_noargs</name>
      <address>0x901d</address>
   </entry_point>
   <input_file_list>
      <input_file id="fl-2">
         <path>.\</path>
         <kind>object</kind>
         <file>Delay.obj</file>
         <name>Delay.obj</name>
      </input_file>
      <input_file id="fl-3">
         <path>.\</path>
         <kind>object</kind>
         <file>Dio.obj</file>
         <name>Dio.obj</name>
      </input_file>
      <input_file id="fl-4">
         <path>.\</path>
         <kind>object</kind>
         <file>LCDInit.obj</file>
         <name>LCDInit.obj</name>
      </input_file>
      <input_file id="fl-5">
         <path>.\</path>
         <kind>object</kind>
         <file>PORTF.obj</file>
         <name>PORTF.obj</name>
      </input_file>
      <input_file id="fl-6">
         <path>.\</path>
         <kind>object</kind>
         <file>RX_main.obj</file>
         <name>RX_main.obj</name>
      </input_file>
      <input_file id="fl-7">
         <path>.\</path>
         <kind>object</kind>
         <file>Timer0A.obj</file>
         <name>Timer0A.obj</name>
      </input_file>
      <input_file id="fl-8">
         <path>.\</path>
         <kind>object</kind>
         <file>main.obj</file>
         <name>main.obj</name>
      </input_file>
      <input_file id="fl-9">
         <path>.\</path>
         <kind>object</kind>
         <file>tm4c123gh6pm_startup_ccs.obj</file>
         <name>tm4c123gh6pm_startup_ccs.obj</name>
      </input_file>
      <input_file id="fl-a">
         <path>.\OS\</path>
         <kind>object</kind>
         <file>InitConsole.obj</file>
         <name>InitConsole.obj</name>
      </input_file>
      <input_file id="fl-b">
         <path>.\OS\</path>
         <kind>object</kind>
         <file>Lcfg.obj</file>
         <name>Lcfg.obj</name>
      </input_file>
      <input_file id="fl-c">
         <path>.\OS\</path>
         <kind>object</kind>
         <file>alarm.obj</file>
         <name>alarm.obj</name>
      </input_file>
      <input_file id="fl-d">
         <path>.\OS\</path>
         <kind>object</kind>
         <file>event.obj</file>
         <name>event.obj</name>
      </input_file>
      <input_file id="fl-e">
         <path>.\OS\</path>
         <kind>object</kind>
         <file>interrupt.obj</file>
         <name>interrupt.obj</name>
      </input_file>
      <input_file id="fl-f">
         <path>.\OS\</path>
         <kind>object</kind>
         <file>resource.obj</file>
         <name>resource.obj</name>
      </input_file>
      <input_file id="fl-10">
         <path>.\OS\</path>
         <kind>object</kind>
         <file>task.obj</file>
         <name>task.obj</name>
      </input_file>
      <input_file id="fl-11">
         <path>.\Rte\</path>
         <kind>object</kind>
         <file>Rte.obj</file>
         <name>Rte.obj</name>
      </input_file>
      <input_file id="fl-12">
         <path>.\Rte\</path>
         <kind>object</kind>
         <file>Rte_SeatHeater.obj</file>
         <name>Rte_SeatHeater.obj</name>
      </input_file>
      <input_file id="fl-13">
         <path>.\Rte\</path>
         <kind>object</kind>
         <file>Rte_SeatSensorLeft.obj</file>
         <name>Rte_SeatSensorLeft.obj</name>
      </input_file>
      <input_file id="fl-14">
         <path>.\Rte\</path>
         <kind>object</kind>
         <file>Rte_SeatSensorRight.obj</file>
         <name>Rte_SeatSensorRight.obj</name>
      </input_file>
      <input_file id="fl-15">
         <path>.\driverlib\</path>
         <kind>object</kind>
         <file>adc.obj</file>
         <name>adc.obj</name>
      </input_file>
      <input_file id="fl-16">
         <path>.\driverlib\</path>
         <kind>object</kind>
         <file>aes.obj</file>
         <name>aes.obj</name>
      </input_file>
      <input_file id="fl-17">
         <path>.\driverlib\</path>
         <kind>object</kind>
         <file>can.obj</file>
         <name>can.obj</name>
      </input_file>
      <input_file id="fl-18">
         <path>.\driverlib\</path>
         <kind>object</kind>
         <file>comp.obj</file>
         <name>comp.obj</name>
      </input_file>
      <input_file id="fl-19">
         <path>.\driverlib\</path>
         <kind>object</kind>
         <file>cpu.obj</file>
         <name>cpu.obj</name>
      </input_file>
      <input_file id="fl-1a">
         <path>.\driverlib\</path>
         <kind>object</kind>
         <file>crc.obj</file>
         <name>crc.obj</name>
      </input_file>
      <input_file id="fl-1b">
         <path>.\driverlib\</path>
         <kind>object</kind>
         <file>des.obj</file>
         <name>des.obj</name>
      </input_file>
      <input_file id="fl-1c">
         <path>.\driverlib\</path>
         <kind>object</kind>
         <file>eeprom.obj</file>
         <name>eeprom.obj</name>
      </input_file>
      <input_file id="fl-1d">
         <path>.\driverlib\</path>
         <kind>object</kind>
         <file>emac.obj</file>
         <name>emac.obj</name>
      </input_file>
      <input_file id="fl-1e">
         <path>.\driverlib\</path>
         <kind>object</kind>
         <file>epi.obj</file>
         <name>epi.obj</name>
      </input_file>
      <input_file id="fl-1f">
         <path>.\driverlib\</path>
         <kind>object</kind>
         <file>flash.obj</file>
         <name>flash.obj</name>
      </input_file>
      <input_file id="fl-20">
         <path>.\driverlib\</path>
         <kind>object</kind>
         <file>fpu.obj</file>
         <name>fpu.obj</name>
      </input_file>
      <input_file id="fl-21">
         <path>.\driverlib\</path>
         <kind>object</kind>
         <file>gpio.obj</file>
         <name>gpio.obj</name>
      </input_file>
      <input_file id="fl-22">
         <path>.\driverlib\</path>
         <kind>object</kind>
         <file>hibernate.obj</file>
         <name>hibernate.obj</name>
      </input_file>
      <input_file id="fl-23">
         <path>.\driverlib\</path>
         <kind>object</kind>
         <file>i2c.obj</file>
         <name>i2c.obj</name>
      </input_file>
      <input_file id="fl-24">
         <path>.\driverlib\</path>
         <kind>object</kind>
         <file>interrupt.obj</file>
         <name>interrupt.obj</name>
      </input_file>
      <input_file id="fl-25">
         <path>.\driverlib\</path>
         <kind>object</kind>
         <file>lcd.obj</file>
         <name>lcd.obj</name>
      </input_file>
      <input_file id="fl-26">
         <path>.\driverlib\</path>
         <kind>object</kind>
         <file>mpu.obj</file>
         <name>mpu.obj</name>
      </input_file>
      <input_file id="fl-27">
         <path>.\driverlib\</path>
         <kind>object</kind>
         <file>onewire.obj</file>
         <name>onewire.obj</name>
      </input_file>
      <input_file id="fl-28">
         <path>.\driverlib\</path>
         <kind>object</kind>
         <file>pwm.obj</file>
         <name>pwm.obj</name>
      </input_file>
      <input_file id="fl-29">
         <path>.\driverlib\</path>
         <kind>object</kind>
         <file>qei.obj</file>
         <name>qei.obj</name>
      </input_file>
      <input_file id="fl-2a">
         <path>.\driverlib\</path>
         <kind>object</kind>
         <file>shamd5.obj</file>
         <name>shamd5.obj</name>
      </input_file>
      <input_file id="fl-2b">
         <path>.\driverlib\</path>
         <kind>object</kind>
         <file>ssi.obj</file>
         <name>ssi.obj</name>
      </input_file>
      <input_file id="fl-2c">
         <path>.\driverlib\</path>
         <kind>object</kind>
         <file>sw_crc.obj</file>
         <name>sw_crc.obj</name>
      </input_file>
      <input_file id="fl-2d">
         <path>.\driverlib\</path>
         <kind>object</kind>
         <file>sysctl.obj</file>
         <name>sysctl.obj</name>
      </input_file>
      <input_file id="fl-2e">
         <path>.\driverlib\</path>
         <kind>object</kind>
         <file>sysexc.obj</file>
         <name>sysexc.obj</name>
      </input_file>
      <input_file id="fl-2f">
         <path>.\driverlib\</path>
         <kind>object</kind>
         <file>systick.obj</file>
         <name>systick.obj</name>
      </input_file>
      <input_file id="fl-30">
         <path>.\driverlib\</path>
         <kind>object</kind>
         <file>timer.obj</file>
         <name>timer.obj</name>
      </input_file>
      <input_file id="fl-31">
         <path>.\driverlib\</path>
         <kind>object</kind>
         <file>uart.obj</file>
         <name>uart.obj</name>
      </input_file>
      <input_file id="fl-32">
         <path>.\driverlib\</path>
         <kind>object</kind>
         <file>udma.obj</file>
         <name>udma.obj</name>
      </input_file>
      <input_file id="fl-33">
         <path>.\driverlib\</path>
         <kind>object</kind>
         <file>usb.obj</file>
         <name>usb.obj</name>
      </input_file>
      <input_file id="fl-34">
         <path>.\driverlib\</path>
         <kind>object</kind>
         <file>watchdog.obj</file>
         <name>watchdog.obj</name>
      </input_file>
      <input_file id="fl-35">
         <path>.\freertos\</path>
         <kind>object</kind>
         <file>list.obj</file>
         <name>list.obj</name>
      </input_file>
      <input_file id="fl-36">
         <path>.\portable\</path>
         <kind>object</kind>
         <file>port.obj</file>
         <name>port.obj</name>
      </input_file>
      <input_file id="fl-37">
         <path>.\portable\</path>
         <kind>object</kind>
         <file>portasm.obj</file>
         <name>portasm.obj</name>
      </input_file>
      <input_file id="fl-38">
         <path>.\source\</path>
         <kind>object</kind>
         <file>Can.obj</file>
         <name>Can.obj</name>
      </input_file>
      <input_file id="fl-39">
         <path>.\source\</path>
         <kind>object</kind>
         <file>CanIf.obj</file>
         <name>CanIf.obj</name>
      </input_file>
      <input_file id="fl-3a">
         <path>.\source\</path>
         <kind>object</kind>
         <file>CanIf_Cfg.obj</file>
         <name>CanIf_Cfg.obj</name>
      </input_file>
      <input_file id="fl-3b">
         <path>.\source\</path>
         <kind>object</kind>
         <file>CanIf_Sec_cfg.obj</file>
         <name>CanIf_Sec_cfg.obj</name>
      </input_file>
      <input_file id="fl-3c">
         <path>.\source\</path>
         <kind>object</kind>
         <file>CanTpRuntime.obj</file>
         <name>CanTpRuntime.obj</name>
      </input_file>
      <input_file id="fl-3d">
         <path>.\source\</path>
         <kind>object</kind>
         <file>CanTp_Cfg.obj</file>
         <name>CanTp_Cfg.obj</name>
      </input_file>
      <input_file id="fl-3e">
         <path>.\source\</path>
         <kind>object</kind>
         <file>Com.obj</file>
         <name>Com.obj</name>
      </input_file>
      <input_file id="fl-3f">
         <path>.\source\</path>
         <kind>object</kind>
         <file>Com_Asu_Cfg.obj</file>
         <name>Com_Asu_Cfg.obj</name>
      </input_file>
      <input_file id="fl-40">
         <path>.\source\</path>
         <kind>object</kind>
         <file>Com_Buffer.obj</file>
         <name>Com_Buffer.obj</name>
      </input_file>
      <input_file id="fl-41">
         <path>.\source\</path>
         <kind>object</kind>
         <file>Com_Cfg.obj</file>
         <name>Com_Cfg.obj</name>
      </input_file>
      <input_file id="fl-42">
         <path>.\source\</path>
         <kind>object</kind>
         <file>Com_helper.obj</file>
         <name>Com_helper.obj</name>
      </input_file>
      <input_file id="fl-43">
         <path>.\source\</path>
         <kind>object</kind>
         <file>Helper_Functions.obj</file>
         <name>Helper_Functions.obj</name>
      </input_file>
      <input_file id="fl-44">
         <path>.\source\</path>
         <kind>object</kind>
         <file>PDURmy.obj</file>
         <name>PDURmy.obj</name>
      </input_file>
      <input_file id="fl-45">
         <path>.\source\</path>
         <kind>object</kind>
         <file>PduR.obj</file>
         <name>PduR.obj</name>
      </input_file>
      <input_file id="fl-46">
         <path>.\source\</path>
         <kind>object</kind>
         <file>PduR_helper.obj</file>
         <name>PduR_helper.obj</name>
      </input_file>
      <input_file id="fl-47">
         <path>.\source\</path>
         <kind>object</kind>
         <file>cantp.obj</file>
         <name>cantp.obj</name>
      </input_file>
      <input_file id="fl-48">
         <path>.\utils\</path>
         <kind>object</kind>
         <file>uartstdio.obj</file>
         <name>uartstdio.obj</name>
      </input_file>
      <input_file id="fl-4c">
         <kind>object</kind>
         <file>&lt;internal&gt;</file>
         <name>&lt;internal&gt;</name>
      </input_file>
      <input_file id="fl-102">
         <path>C:\ti\ccs920\ccs\tools\compiler\ti-cgt-arm_18.12.4.LTS\lib\</path>
         <kind>archive</kind>
         <file>rtsv7M4_T_le_v4SPD16_eabi.lib</file>
         <name>s_ceil.c.obj</name>
      </input_file>
      <input_file id="fl-103">
         <path>C:\ti\ccs920\ccs\tools\compiler\ti-cgt-arm_18.12.4.LTS\lib\</path>
         <kind>archive</kind>
         <file>rtsv7M4_T_le_v4SPD16_eabi.lib</file>
         <name>fd_add_t2.asm.obj</name>
      </input_file>
      <input_file id="fl-104">
         <path>C:\ti\ccs920\ccs\tools\compiler\ti-cgt-arm_18.12.4.LTS\lib\</path>
         <kind>archive</kind>
         <file>rtsv7M4_T_le_v4SPD16_eabi.lib</file>
         <name>fd_cmp_t2.asm.obj</name>
      </input_file>
      <input_file id="fl-105">
         <path>C:\ti\ccs920\ccs\tools\compiler\ti-cgt-arm_18.12.4.LTS\lib\</path>
         <kind>archive</kind>
         <file>rtsv7M4_T_le_v4SPD16_eabi.lib</file>
         <name>fd_toi_t2.asm.obj</name>
      </input_file>
      <input_file id="fl-106">
         <path>C:\ti\ccs920\ccs\tools\compiler\ti-cgt-arm_18.12.4.LTS\lib\</path>
         <kind>archive</kind>
         <file>rtsv7M4_T_le_v4SPD16_eabi.lib</file>
         <name>fd_tou_t2.asm.obj</name>
      </input_file>
      <input_file id="fl-107">
         <path>C:\ti\ccs920\ccs\tools\compiler\ti-cgt-arm_18.12.4.LTS\lib\</path>
         <kind>archive</kind>
         <file>rtsv7M4_T_le_v4SPD16_eabi.lib</file>
         <name>fs_tod_t2.asm.obj</name>
      </input_file>
      <input_file id="fl-108">
         <path>C:\ti\ccs920\ccs\tools\compiler\ti-cgt-arm_18.12.4.LTS\lib\</path>
         <kind>archive</kind>
         <file>rtsv7M4_T_le_v4SPD16_eabi.lib</file>
         <name>ll_lsl_t2.asm.obj</name>
      </input_file>
      <input_file id="fl-109">
         <path>C:\ti\ccs920\ccs\tools\compiler\ti-cgt-arm_18.12.4.LTS\lib\</path>
         <kind>archive</kind>
         <file>rtsv7M4_T_le_v4SPD16_eabi.lib</file>
         <name>ll_mul_t2.asm.obj</name>
      </input_file>
      <input_file id="fl-10a">
         <path>C:\ti\ccs920\ccs\tools\compiler\ti-cgt-arm_18.12.4.LTS\lib\</path>
         <kind>archive</kind>
         <file>rtsv7M4_T_le_v4SPD16_eabi.lib</file>
         <name>memcpy_t2.asm.obj</name>
      </input_file>
      <input_file id="fl-10b">
         <path>C:\ti\ccs920\ccs\tools\compiler\ti-cgt-arm_18.12.4.LTS\lib\</path>
         <kind>archive</kind>
         <file>rtsv7M4_T_le_v4SPD16_eabi.lib</file>
         <name>u_divt2.asm.obj</name>
      </input_file>
      <input_file id="fl-10c">
         <path>C:\ti\ccs920\ccs\tools\compiler\ti-cgt-arm_18.12.4.LTS\lib\</path>
         <kind>archive</kind>
         <file>rtsv7M4_T_le_v4SPD16_eabi.lib</file>
         <name>memset_t2.asm.obj</name>
      </input_file>
      <input_file id="fl-10d">
         <path>C:\ti\ccs920\ccs\tools\compiler\ti-cgt-arm_18.12.4.LTS\lib\</path>
         <kind>archive</kind>
         <file>rtsv7M4_T_le_v4SPD16_eabi.lib</file>
         <name>copy_zero_init.c.obj</name>
      </input_file>
      <input_file id="fl-10e">
         <path>C:\ti\ccs920\ccs\tools\compiler\ti-cgt-arm_18.12.4.LTS\lib\</path>
         <kind>archive</kind>
         <file>rtsv7M4_T_le_v4SPD16_eabi.lib</file>
         <name>copy_decompress_none.c.obj</name>
      </input_file>
      <input_file id="fl-10f">
         <path>C:\ti\ccs920\ccs\tools\compiler\ti-cgt-arm_18.12.4.LTS\lib\</path>
         <kind>archive</kind>
         <file>rtsv7M4_T_le_v4SPD16_eabi.lib</file>
         <name>copy_decompress_lzss.c.obj</name>
      </input_file>
      <input_file id="fl-110">
         <path>C:\ti\ccs920\ccs\tools\compiler\ti-cgt-arm_18.12.4.LTS\lib\</path>
         <kind>archive</kind>
         <file>rtsv7M4_T_le_v4SPD16_eabi.lib</file>
         <name>boot_cortex_m.c.obj</name>
      </input_file>
      <input_file id="fl-111">
         <path>C:\ti\ccs920\ccs\tools\compiler\ti-cgt-arm_18.12.4.LTS\lib\</path>
         <kind>archive</kind>
         <file>rtsv7M4_T_le_v4SPD16_eabi.lib</file>
         <name>div0.asm.obj</name>
      </input_file>
      <input_file id="fl-112">
         <path>C:\ti\ccs920\ccs\tools\compiler\ti-cgt-arm_18.12.4.LTS\lib\</path>
         <kind>archive</kind>
         <file>rtsv7M4_T_le_v4SPD16_eabi.lib</file>
         <name>autoinit.c.obj</name>
      </input_file>
      <input_file id="fl-113">
         <path>C:\ti\ccs920\ccs\tools\compiler\ti-cgt-arm_18.12.4.LTS\lib\</path>
         <kind>archive</kind>
         <file>rtsv7M4_T_le_v4SPD16_eabi.lib</file>
         <name>pre_init.c.obj</name>
      </input_file>
      <input_file id="fl-114">
         <path>C:\ti\ccs920\ccs\tools\compiler\ti-cgt-arm_18.12.4.LTS\lib\</path>
         <kind>archive</kind>
         <file>rtsv7M4_T_le_v4SPD16_eabi.lib</file>
         <name>cpy_tbl.c.obj</name>
      </input_file>
      <input_file id="fl-115">
         <path>C:\ti\ccs920\ccs\tools\compiler\ti-cgt-arm_18.12.4.LTS\lib\</path>
         <kind>archive</kind>
         <file>rtsv7M4_T_le_v4SPD16_eabi.lib</file>
         <name>exit.c.obj</name>
      </input_file>
      <input_file id="fl-116">
         <path>C:\ti\ccs920\ccs\tools\compiler\ti-cgt-arm_18.12.4.LTS\lib\</path>
         <kind>archive</kind>
         <file>rtsv7M4_T_le_v4SPD16_eabi.lib</file>
         <name>_lock.c.obj</name>
      </input_file>
      <input_file id="fl-117">
         <path>C:\ti\ccs920\ccs\tools\compiler\ti-cgt-arm_18.12.4.LTS\lib\</path>
         <kind>archive</kind>
         <file>rtsv7M4_T_le_v4SPD16_eabi.lib</file>
         <name>args_main.c.obj</name>
      </input_file>
   </input_file_list>
   <object_component_list>
      <object_component id="oc-f">
         <name>.intvecs</name>
         <load_address>0x0</load_address>
         <run_address>0x0</run_address>
         <size>0x26c</size>
         <input_file_ref idref="fl-9"/>
      </object_component>
      <object_component id="oc-d2">
         <name>.text</name>
         <load_address>0x26c</load_address>
         <run_address>0x26c</run_address>
         <size>0x1a6c</size>
         <input_file_ref idref="fl-38"/>
      </object_component>
      <object_component id="oc-16a">
         <name>.text</name>
         <load_address>0x1cd8</load_address>
         <run_address>0x1cd8</run_address>
         <size>0xf80</size>
         <input_file_ref idref="fl-2d"/>
      </object_component>
      <object_component id="oc-1bd">
         <name>.text</name>
         <load_address>0x2c58</load_address>
         <run_address>0x2c58</run_address>
         <size>0xc6c</size>
         <input_file_ref idref="fl-43"/>
      </object_component>
      <object_component id="oc-170">
         <name>.text</name>
         <load_address>0x38c4</load_address>
         <run_address>0x38c4</run_address>
         <size>0xb94</size>
         <input_file_ref idref="fl-21"/>
      </object_component>
      <object_component id="oc-177">
         <name>.text</name>
         <load_address>0x4458</load_address>
         <run_address>0x4458</run_address>
         <size>0xa28</size>
         <input_file_ref idref="fl-17"/>
      </object_component>
      <object_component id="oc-de">
         <name>.text</name>
         <load_address>0x4e80</load_address>
         <run_address>0x4e80</run_address>
         <size>0x980</size>
         <input_file_ref idref="fl-3e"/>
      </object_component>
      <object_component id="oc-d8">
         <name>.text</name>
         <load_address>0x5800</load_address>
         <run_address>0x5800</run_address>
         <size>0x698</size>
         <input_file_ref idref="fl-47"/>
      </object_component>
      <object_component id="oc-e4">
         <name>.text</name>
         <load_address>0x5e98</load_address>
         <run_address>0x5e98</run_address>
         <size>0x664</size>
         <input_file_ref idref="fl-39"/>
      </object_component>
      <object_component id="oc-ea">
         <name>.text</name>
         <load_address>0x64fc</load_address>
         <run_address>0x64fc</run_address>
         <size>0x63c</size>
         <input_file_ref idref="fl-10"/>
      </object_component>
      <object_component id="oc-21f">
         <name>.text</name>
         <load_address>0x6b38</load_address>
         <run_address>0x6b38</run_address>
         <size>0x598</size>
         <input_file_ref idref="fl-c"/>
      </object_component>
      <object_component id="oc-f6">
         <name>.text</name>
         <load_address>0x70d0</load_address>
         <run_address>0x70d0</run_address>
         <size>0x4b4</size>
         <input_file_ref idref="fl-12"/>
      </object_component>
      <object_component id="oc-1d8">
         <name>.text</name>
         <load_address>0x7584</load_address>
         <run_address>0x7584</run_address>
         <size>0x42c</size>
         <input_file_ref idref="fl-40"/>
      </object_component>
      <object_component id="oc-190">
         <name>.text</name>
         <load_address>0x79b0</load_address>
         <run_address>0x79b0</run_address>
         <size>0x3c0</size>
         <input_file_ref idref="fl-24"/>
      </object_component>
      <object_component id="oc-f0">
         <name>.text</name>
         <load_address>0x7d70</load_address>
         <run_address>0x7d70</run_address>
         <size>0x1ec</size>
         <input_file_ref idref="fl-d"/>
      </object_component>
      <object_component id="oc-441">
         <name>.text</name>
         <load_address>0x7f5c</load_address>
         <run_address>0x7f5c</run_address>
         <size>0x1b6</size>
         <input_file_ref idref="fl-103"/>
      </object_component>
      <object_component id="oc-c0">
         <name>.text</name>
         <load_address>0x8114</load_address>
         <run_address>0x8114</run_address>
         <size>0x17c</size>
         <input_file_ref idref="fl-4"/>
      </object_component>
      <object_component id="oc-346">
         <name>.text</name>
         <load_address>0x8290</load_address>
         <run_address>0x8290</run_address>
         <size>0x164</size>
         <input_file_ref idref="fl-46"/>
      </object_component>
      <object_component id="oc-1ea">
         <name>.text</name>
         <load_address>0x83f4</load_address>
         <run_address>0x83f4</run_address>
         <size>0x140</size>
         <input_file_ref idref="fl-45"/>
      </object_component>
      <object_component id="oc-219">
         <name>.text</name>
         <load_address>0x8534</load_address>
         <run_address>0x8534</run_address>
         <size>0x13c</size>
         <input_file_ref idref="fl-36"/>
      </object_component>
      <object_component id="oc-213">
         <name>.text</name>
         <load_address>0x8670</load_address>
         <run_address>0x8670</run_address>
         <size>0x12a</size>
         <input_file_ref idref="fl-35"/>
      </object_component>
      <object_component id="oc-32c">
         <name>.text:ceil</name>
         <load_address>0x879c</load_address>
         <run_address>0x879c</run_address>
         <size>0xf8</size>
         <input_file_ref idref="fl-102"/>
      </object_component>
      <object_component id="oc-98">
         <name>.text</name>
         <load_address>0x8894</load_address>
         <run_address>0x8894</run_address>
         <size>0xf8</size>
         <input_file_ref idref="fl-8"/>
      </object_component>
      <object_component id="oc-361">
         <name>.text</name>
         <load_address>0x898c</load_address>
         <run_address>0x898c</run_address>
         <size>0xda</size>
         <input_file_ref idref="fl-37"/>
      </object_component>
      <object_component id="oc-c6">
         <name>.text</name>
         <load_address>0x8a68</load_address>
         <run_address>0x8a68</run_address>
         <size>0xb0</size>
         <input_file_ref idref="fl-5"/>
      </object_component>
      <object_component id="oc-38">
         <name>.text</name>
         <load_address>0x8b18</load_address>
         <run_address>0x8b18</run_address>
         <size>0x9c</size>
         <input_file_ref idref="fl-10a"/>
      </object_component>
      <object_component id="oc-446">
         <name>.text:__aeabi_cdrcmple</name>
         <load_address>0x8bb4</load_address>
         <run_address>0x8bb4</run_address>
         <size>0x86</size>
         <input_file_ref idref="fl-104"/>
      </object_component>
      <object_component id="oc-162">
         <name>.text</name>
         <load_address>0x8c3a</load_address>
         <run_address>0x8c3a</run_address>
         <size>0x7c</size>
         <input_file_ref idref="fl-2"/>
      </object_component>
      <object_component id="oc-8c">
         <name>.text</name>
         <load_address>0x8cb6</load_address>
         <run_address>0x8cb6</run_address>
         <size>0x7a</size>
         <input_file_ref idref="fl-10c"/>
      </object_component>
      <object_component id="oc-1e4">
         <name>.text</name>
         <load_address>0x8d30</load_address>
         <run_address>0x8d30</run_address>
         <size>0x72</size>
         <input_file_ref idref="fl-42"/>
      </object_component>
      <object_component id="oc-1a2">
         <name>.text</name>
         <load_address>0x8da4</load_address>
         <run_address>0x8da4</run_address>
         <size>0x70</size>
         <input_file_ref idref="fl-7"/>
      </object_component>
      <object_component id="oc-12">
         <name>.text:decompress:lzss:__TI_decompress_lzss</name>
         <load_address>0x8e14</load_address>
         <run_address>0x8e14</run_address>
         <size>0x68</size>
         <input_file_ref idref="fl-10f"/>
      </object_component>
      <object_component id="oc-24b">
         <name>.text</name>
         <load_address>0x8e7c</load_address>
         <run_address>0x8e7c</run_address>
         <size>0x58</size>
         <input_file_ref idref="fl-11"/>
      </object_component>
      <object_component id="oc-312">
         <name>.text</name>
         <load_address>0x8ed4</load_address>
         <run_address>0x8ed4</run_address>
         <size>0x48</size>
         <input_file_ref idref="fl-105"/>
      </object_component>
      <object_component id="oc-12e">
         <name>.text:__TI_auto_init_nobinit_nopinit:__TI_auto_init_nobinit_nopinit</name>
         <load_address>0x8f1c</load_address>
         <run_address>0x8f1c</run_address>
         <size>0x44</size>
         <input_file_ref idref="fl-112"/>
      </object_component>
      <object_component id="oc-1c3">
         <name>.text</name>
         <load_address>0x8f60</load_address>
         <run_address>0x8f60</run_address>
         <size>0x44</size>
         <input_file_ref idref="fl-106"/>
      </object_component>
      <object_component id="oc-2b1">
         <name>.text</name>
         <load_address>0x8fa4</load_address>
         <run_address>0x8fa4</run_address>
         <size>0x3e</size>
         <input_file_ref idref="fl-19"/>
      </object_component>
      <object_component id="oc-327">
         <name>.text</name>
         <load_address>0x8fe2</load_address>
         <run_address>0x8fe2</run_address>
         <size>0x38</size>
         <input_file_ref idref="fl-107"/>
      </object_component>
      <object_component id="oc-56">
         <name>.text:_c_int00_noargs:_c_int00_noargs</name>
         <load_address>0x901c</load_address>
         <run_address>0x901c</run_address>
         <size>0x34</size>
         <input_file_ref idref="fl-110"/>
      </object_component>
      <object_component id="oc-cc">
         <name>.text</name>
         <load_address>0x9050</load_address>
         <run_address>0x9050</run_address>
         <size>0x30</size>
         <input_file_ref idref="fl-3"/>
      </object_component>
      <object_component id="oc-322">
         <name>.text</name>
         <load_address>0x9080</load_address>
         <run_address>0x9080</run_address>
         <size>0x1e</size>
         <input_file_ref idref="fl-108"/>
      </object_component>
      <object_component id="oc-340">
         <name>.text</name>
         <load_address>0x909e</load_address>
         <run_address>0x909e</run_address>
         <size>0x18</size>
         <input_file_ref idref="fl-109"/>
      </object_component>
      <object_component id="oc-fc">
         <name>.text</name>
         <load_address>0x90b8</load_address>
         <run_address>0x90b8</run_address>
         <size>0x14</size>
         <input_file_ref idref="fl-13"/>
      </object_component>
      <object_component id="oc-102">
         <name>.text</name>
         <load_address>0x90cc</load_address>
         <run_address>0x90cc</run_address>
         <size>0x14</size>
         <input_file_ref idref="fl-14"/>
      </object_component>
      <object_component id="oc-18">
         <name>.text:decompress:none:__TI_decompress_none</name>
         <load_address>0x90e0</load_address>
         <run_address>0x90e0</run_address>
         <size>0xe</size>
         <input_file_ref idref="fl-10e"/>
      </object_component>
      <object_component id="oc-4a">
         <name>.text:decompress:ZI:__TI_zero_init</name>
         <load_address>0x90ee</load_address>
         <run_address>0x90ee</run_address>
         <size>0xc</size>
         <input_file_ref idref="fl-10d"/>
      </object_component>
      <object_component id="oc-24">
         <name>.text</name>
         <load_address>0x90fa</load_address>
         <run_address>0x90fa</run_address>
         <size>0xc</size>
         <input_file_ref idref="fl-9"/>
      </object_component>
      <object_component id="oc-2c0">
         <name>.text:SysCtlDelay</name>
         <load_address>0x9106</load_address>
         <run_address>0x9106</run_address>
         <size>0x6</size>
         <input_file_ref idref="fl-2d"/>
      </object_component>
      <object_component id="oc-92">
         <name>.text:_system_pre_init</name>
         <load_address>0x910c</load_address>
         <run_address>0x910c</run_address>
         <size>0x4</size>
         <input_file_ref idref="fl-113"/>
      </object_component>
      <object_component id="oc-122">
         <name>.text:abort:abort</name>
         <load_address>0x9110</load_address>
         <run_address>0x9110</run_address>
         <size>0x4</size>
         <input_file_ref idref="fl-115"/>
      </object_component>
      <object_component id="oc-2bd">
         <name>.const:g_pppui32XTALtoVCO</name>
         <load_address>0x9118</load_address>
         <run_address>0x9118</run_address>
         <size>0x1b0</size>
         <input_file_ref idref="fl-2d"/>
      </object_component>
      <object_component id="oc-108">
         <name>.const:CanContainer</name>
         <load_address>0x92c8</load_address>
         <run_address>0x92c8</run_address>
         <size>0x154</size>
         <input_file_ref idref="fl-38"/>
      </object_component>
      <object_component id="oc-17d">
         <name>.const:MailboxCfg_MAP</name>
         <load_address>0x941c</load_address>
         <run_address>0x941c</run_address>
         <size>0x154</size>
         <input_file_ref idref="fl-38"/>
      </object_component>
      <object_component id="oc-2cb">
         <name>.const:g_ppui32GPIOIntMapSnowflake</name>
         <load_address>0x9570</load_address>
         <run_address>0x9570</run_address>
         <size>0xd8</size>
         <input_file_ref idref="fl-21"/>
      </object_component>
      <object_component id="oc-2c8">
         <name>.const:g_ppui32GPIOIntMapBlizzard</name>
         <load_address>0x9648</load_address>
         <run_address>0x9648</run_address>
         <size>0xc0</size>
         <input_file_ref idref="fl-21"/>
      </object_component>
      <object_component id="oc-2ef">
         <name>.const:g_pui32Regs</name>
         <load_address>0x9708</load_address>
         <run_address>0x9708</run_address>
         <size>0x9c</size>
         <input_file_ref idref="fl-24"/>
      </object_component>
      <object_component id="oc-2ce">
         <name>.const:g_pui32GPIOBaseAddrs</name>
         <load_address>0x97a4</load_address>
         <run_address>0x97a4</run_address>
         <size>0x90</size>
         <input_file_ref idref="fl-21"/>
      </object_component>
      <object_component id="oc-47a">
         <name>.const</name>
         <load_address>0x9834</load_address>
         <run_address>0x9834</run_address>
         <size>0x4</size>
         <input_file_ref idref="fl-36"/>
      </object_component>
      <object_component id="oc-267">
         <name>.const:CanTp_RxNSdu</name>
         <load_address>0x9838</load_address>
         <run_address>0x9838</run_address>
         <size>0x80</size>
         <input_file_ref idref="fl-3d"/>
      </object_component>
      <object_component id="oc-274">
         <name>.const:ComSignal</name>
         <load_address>0x98b8</load_address>
         <run_address>0x98b8</run_address>
         <size>0x70</size>
         <input_file_ref idref="fl-41"/>
      </object_component>
      <object_component id="oc-2b7">
         <name>.const:g_pui32Xtals</name>
         <load_address>0x9928</load_address>
         <run_address>0x9928</run_address>
         <size>0x6c</size>
         <input_file_ref idref="fl-2d"/>
      </object_component>
      <object_component id="oc-26a">
         <name>.const:CanTp_TxNSdu</name>
         <load_address>0x9998</load_address>
         <run_address>0x9998</run_address>
         <size>0x50</size>
         <input_file_ref idref="fl-3d"/>
      </object_component>
      <object_component id="oc-271">
         <name>.const:ComIPdu</name>
         <load_address>0x99e8</load_address>
         <run_address>0x99e8</run_address>
         <size>0x50</size>
         <input_file_ref idref="fl-41"/>
      </object_component>
      <object_component id="oc-114">
         <name>.const</name>
         <load_address>0x9a38</load_address>
         <run_address>0x9a38</run_address>
         <size>0x34</size>
         <input_file_ref idref="fl-b"/>
      </object_component>
      <object_component id="oc-2ae">
         <name>.const:g_sXTALtoMEMTIM</name>
         <load_address>0x9a6c</load_address>
         <run_address>0x9a6c</run_address>
         <size>0x30</size>
         <input_file_ref idref="fl-2d"/>
      </object_component>
      <object_component id="oc-10b">
         <name>.const:CanTp_Config</name>
         <load_address>0x9aa0</load_address>
         <run_address>0x9aa0</run_address>
         <size>0x20</size>
         <input_file_ref idref="fl-3d"/>
      </object_component>
      <object_component id="oc-2ec">
         <name>.const:g_pui32Priority</name>
         <load_address>0x9ac0</load_address>
         <run_address>0x9ac0</run_address>
         <size>0x20</size>
         <input_file_ref idref="fl-24"/>
      </object_component>
      <object_component id="oc-2d3">
         <name>.const:g_ui16CANBitValues</name>
         <load_address>0x9ae0</load_address>
         <run_address>0x9ae0</run_address>
         <size>0x20</size>
         <input_file_ref idref="fl-17"/>
      </object_component>
      <object_component id="oc-262">
         <name>.const:McuPerClockConfigData</name>
         <load_address>0x9b00</load_address>
         <run_address>0x9b00</run_address>
         <size>0x18</size>
         <input_file_ref idref="fl-38"/>
      </object_component>
      <object_component id="oc-2f5">
         <name>.const:g_pui32Dii16Regs</name>
         <load_address>0x9b18</load_address>
         <run_address>0x9b18</run_address>
         <size>0x14</size>
         <input_file_ref idref="fl-24"/>
      </object_component>
      <object_component id="oc-2f2">
         <name>.const:g_pui32EnRegs</name>
         <load_address>0x9b2c</load_address>
         <run_address>0x9b2c</run_address>
         <size>0x14</size>
         <input_file_ref idref="fl-24"/>
      </object_component>
      <object_component id="oc-2f8">
         <name>.const:g_pui32PendRegs</name>
         <load_address>0x9b40</load_address>
         <run_address>0x9b40</run_address>
         <size>0x14</size>
         <input_file_ref idref="fl-24"/>
      </object_component>
      <object_component id="oc-2fb">
         <name>.const:g_pui32UnpendRegs</name>
         <load_address>0x9b54</load_address>
         <run_address>0x9b54</run_address>
         <size>0x14</size>
         <input_file_ref idref="fl-24"/>
      </object_component>
      <object_component id="oc-10e">
         <name>.const:ComConfiguration</name>
         <load_address>0x9b68</load_address>
         <run_address>0x9b68</run_address>
         <size>0xc</size>
         <input_file_ref idref="fl-41"/>
      </object_component>
      <object_component id="oc-3c2">
         <name>.const:ComIPduSignalRefs_Can_Message_1</name>
         <load_address>0x9b74</load_address>
         <run_address>0x9b74</run_address>
         <size>0xc</size>
         <input_file_ref idref="fl-41"/>
      </object_component>
      <object_component id="oc-3c6">
         <name>.const:ComIPduSignalRefs_Can_Message_2</name>
         <load_address>0x9b80</load_address>
         <run_address>0x9b80</run_address>
         <size>0xc</size>
         <input_file_ref idref="fl-41"/>
      </object_component>
      <object_component id="oc-2ba">
         <name>.const:g_pui32VCOFrequencies</name>
         <load_address>0x9b8c</load_address>
         <run_address>0x9b8c</run_address>
         <size>0x8</size>
         <input_file_ref idref="fl-2d"/>
      </object_component>
      <object_component id="oc-512">
         <name>.cinit..data.load</name>
         <load_address>0x9b98</load_address>
         <run_address>0x9b98</run_address>
         <size>0x1b8</size>
      </object_component>
      <object_component id="oc-50f">
         <name>__TI_handler_table</name>
         <load_address>0x9d50</load_address>
         <run_address>0x9d50</run_address>
         <size>0xc</size>
      </object_component>
      <object_component id="oc-513">
         <name>.cinit..bss.load</name>
         <load_address>0x9d60</load_address>
         <run_address>0x9d60</run_address>
         <size>0x8</size>
      </object_component>
      <object_component id="oc-511">
         <name>.cinit..vtable.load</name>
         <load_address>0x9d68</load_address>
         <run_address>0x9d68</run_address>
         <size>0x8</size>
      </object_component>
      <object_component id="oc-510">
         <name>__TI_cinit_table</name>
         <load_address>0x9d70</load_address>
         <run_address>0x9d70</run_address>
         <size>0x18</size>
      </object_component>
      <object_component id="oc-2e9">
         <name>.vtable</name>
         <uninitialized>true</uninitialized>
         <run_address>0x20000000</run_address>
         <size>0x26c</size>
         <input_file_ref idref="fl-24"/>
      </object_component>
      <object_component id="oc-23a">
         <name>.data:EventsInTask</name>
         <load_address>0x20000738</load_address>
         <run_address>0x20000738</run_address>
         <size>0x20</size>
         <input_file_ref idref="fl-b"/>
      </object_component>
      <object_component id="oc-237">
         <name>.data:TaskStruct</name>
         <load_address>0x200005e4</load_address>
         <run_address>0x200005e4</run_address>
         <size>0xa0</size>
         <input_file_ref idref="fl-b"/>
      </object_component>
      <object_component id="oc-370">
         <name>.data:CounterStruct</name>
         <load_address>0x200006d0</load_address>
         <run_address>0x200006d0</run_address>
         <size>0x3c</size>
         <input_file_ref idref="fl-b"/>
      </object_component>
      <object_component id="oc-284">
         <name>.data:AlarmStruct</name>
         <load_address>0x20000270</load_address>
         <run_address>0x20000270</run_address>
         <size>0x120</size>
         <input_file_ref idref="fl-b"/>
      </object_component>
      <object_component id="oc-373">
         <name>.data</name>
         <load_address>0x20000864</load_address>
         <run_address>0x20000864</run_address>
         <size>0x8</size>
         <input_file_ref idref="fl-c"/>
      </object_component>
      <object_component id="oc-234">
         <name>.data</name>
         <load_address>0x2000070c</load_address>
         <run_address>0x2000070c</run_address>
         <size>0x2c</size>
         <input_file_ref idref="fl-10"/>
      </object_component>
      <object_component id="oc-255">
         <name>.data</name>
         <load_address>0x20000884</load_address>
         <run_address>0x20000884</run_address>
         <size>0x6</size>
         <input_file_ref idref="fl-12"/>
      </object_component>
      <object_component id="oc-25a">
         <name>.data</name>
         <load_address>0x20000883</load_address>
         <run_address>0x20000883</run_address>
         <size>0x1</size>
         <input_file_ref idref="fl-13"/>
      </object_component>
      <object_component id="oc-25e">
         <name>.data</name>
         <load_address>0x200008a5</load_address>
         <run_address>0x200008a5</run_address>
         <size>0x1</size>
         <input_file_ref idref="fl-14"/>
      </object_component>
      <object_component id="oc-366">
         <name>.data</name>
         <load_address>0x20000894</load_address>
         <run_address>0x20000894</run_address>
         <size>0x4</size>
         <input_file_ref idref="fl-36"/>
      </object_component>
      <object_component id="oc-183">
         <name>.data:state_transition_flag</name>
         <load_address>0x200008a3</load_address>
         <run_address>0x200008a3</run_address>
         <size>0x2</size>
         <input_file_ref idref="fl-38"/>
      </object_component>
      <object_component id="oc-189">
         <name>.data</name>
         <load_address>0x20000898</load_address>
         <run_address>0x20000898</run_address>
         <size>0x3</size>
         <input_file_ref idref="fl-38"/>
      </object_component>
      <object_component id="oc-1ff">
         <name>.data:canif_cantp_value</name>
         <load_address>0x2000088e</load_address>
         <run_address>0x2000088e</run_address>
         <size>0x4</size>
         <input_file_ref idref="fl-39"/>
      </object_component>
      <object_component id="oc-202">
         <name>.data:canif_PduR_Value</name>
         <load_address>0x200008a6</load_address>
         <run_address>0x200008a6</run_address>
         <size>0x1</size>
         <input_file_ref idref="fl-39"/>
      </object_component>
      <object_component id="oc-205">
         <name>.data:canif_Comfrimation_Value</name>
         <load_address>0x2000088a</load_address>
         <run_address>0x2000088a</run_address>
         <size>0x4</size>
         <input_file_ref idref="fl-39"/>
      </object_component>
      <object_component id="oc-49a">
         <name>.data:try</name>
         <load_address>0x2000087c</load_address>
         <run_address>0x2000087c</run_address>
         <size>0x7</size>
         <input_file_ref idref="fl-3b"/>
      </object_component>
      <object_component id="oc-49d">
         <name>.data:CanIf_hrhRangeConfigTypeInstance</name>
         <load_address>0x2000085c</load_address>
         <run_address>0x2000085c</run_address>
         <size>0x8</size>
         <input_file_ref idref="fl-3b"/>
      </object_component>
      <object_component id="oc-495">
         <name>.data:CanIfHthCfgInstance</name>
         <load_address>0x200007f8</load_address>
         <run_address>0x200007f8</run_address>
         <size>0x10</size>
         <input_file_ref idref="fl-3b"/>
      </object_component>
      <object_component id="oc-492">
         <name>.data:CanIfHrhCfgInstance</name>
         <load_address>0x200007e8</load_address>
         <run_address>0x200007e8</run_address>
         <size>0x10</size>
         <input_file_ref idref="fl-3b"/>
      </object_component>
      <object_component id="oc-4a2">
         <name>.data:CanIfBufferCfgInstance</name>
         <load_address>0x20000790</load_address>
         <run_address>0x20000790</run_address>
         <size>0x18</size>
         <input_file_ref idref="fl-3b"/>
      </object_component>
      <object_component id="oc-3d8">
         <name>.data:CanIf_rxPduConfigTypeInstance</name>
         <load_address>0x200004a4</load_address>
         <run_address>0x200004a4</run_address>
         <size>0xa0</size>
         <input_file_ref idref="fl-3b"/>
      </object_component>
      <object_component id="oc-3db">
         <name>.data:CanIf_txPduConfigTypeInstance</name>
         <load_address>0x20000544</load_address>
         <run_address>0x20000544</run_address>
         <size>0xa0</size>
         <input_file_ref idref="fl-3b"/>
      </object_component>
      <object_component id="oc-3d5">
         <name>.data:CanIfInitHohCfgInstance</name>
         <load_address>0x20000808</load_address>
         <run_address>0x20000808</run_address>
         <size>0x10</size>
         <input_file_ref idref="fl-3b"/>
      </object_component>
      <object_component id="oc-27e">
         <name>.data:CanIf_initConfigTypeInstance</name>
         <load_address>0x20000688</load_address>
         <run_address>0x20000688</run_address>
         <size>0x48</size>
         <input_file_ref idref="fl-3b"/>
      </object_component>
      <object_component id="oc-27b">
         <name>.data:CanIfCtrlCfgInstance</name>
         <load_address>0x200007a8</load_address>
         <run_address>0x200007a8</run_address>
         <size>0x18</size>
         <input_file_ref idref="fl-3b"/>
      </object_component>
      <object_component id="oc-111">
         <name>.data:CanIf_configTypeInstance</name>
         <load_address>0x20000854</load_address>
         <run_address>0x20000854</run_address>
         <size>0x8</size>
         <input_file_ref idref="fl-3b"/>
      </object_component>
      <object_component id="oc-1c8">
         <name>.data:CanTpRunTimeData</name>
         <load_address>0x20000390</load_address>
         <run_address>0x20000390</run_address>
         <size>0x114</size>
         <input_file_ref idref="fl-3c"/>
      </object_component>
      <object_component id="oc-1f0">
         <name>.data:com_pdur</name>
         <load_address>0x200008a1</load_address>
         <run_address>0x200008a1</run_address>
         <size>0x2</size>
         <input_file_ref idref="fl-3e"/>
      </object_component>
      <object_component id="oc-1e1">
         <name>.data</name>
         <load_address>0x20000684</load_address>
         <run_address>0x20000684</run_address>
         <size>0x4</size>
         <input_file_ref idref="fl-3e"/>
      </object_component>
      <object_component id="oc-33b">
         <name>.data:ComAsuConfiguration</name>
         <load_address>0x20000848</load_address>
         <run_address>0x20000848</run_address>
         <size>0xc</size>
         <input_file_ref idref="fl-3f"/>
      </object_component>
      <object_component id="oc-309">
         <name>.data:canif_ids</name>
         <load_address>0x20000892</load_address>
         <run_address>0x20000892</run_address>
         <size>0x2</size>
         <input_file_ref idref="fl-43"/>
      </object_component>
      <object_component id="oc-317">
         <name>.data:cantp_com_copy_tx</name>
         <load_address>0x2000089d</load_address>
         <run_address>0x2000089d</run_address>
         <size>0x2</size>
         <input_file_ref idref="fl-43"/>
      </object_component>
      <object_component id="oc-30f">
         <name>.data:cantp_com_rx_or_copy</name>
         <load_address>0x2000089f</load_address>
         <run_address>0x2000089f</run_address>
         <size>0x2</size>
         <input_file_ref idref="fl-43"/>
      </object_component>
      <object_component id="oc-30c">
         <name>.data:cantp_cainf_FC</name>
         <load_address>0x2000089b</load_address>
         <run_address>0x2000089b</run_address>
         <size>0x2</size>
         <input_file_ref idref="fl-43"/>
      </object_component>
      <object_component id="oc-45a">
         <name>.data:virtual_com</name>
         <load_address>0x200007d4</load_address>
         <run_address>0x200007d4</run_address>
         <size>0x14</size>
         <input_file_ref idref="fl-46"/>
      </object_component>
      <object_component id="oc-45d">
         <name>.data:real_com</name>
         <load_address>0x200007c0</load_address>
         <run_address>0x200007c0</run_address>
         <size>0x14</size>
         <input_file_ref idref="fl-46"/>
      </object_component>
      <object_component id="oc-460">
         <name>.data:virtual_CanIf</name>
         <load_address>0x20000774</load_address>
         <run_address>0x20000774</run_address>
         <size>0x1c</size>
         <input_file_ref idref="fl-46"/>
      </object_component>
      <object_component id="oc-463">
         <name>.data:real_CanIf</name>
         <load_address>0x20000758</load_address>
         <run_address>0x20000758</run_address>
         <size>0x1c</size>
         <input_file_ref idref="fl-46"/>
      </object_component>
      <object_component id="oc-466">
         <name>.data:virtual_CanTp_rx</name>
         <load_address>0x20000838</load_address>
         <run_address>0x20000838</run_address>
         <size>0x10</size>
         <input_file_ref idref="fl-46"/>
      </object_component>
      <object_component id="oc-469">
         <name>.data:real_CanTp_rx</name>
         <load_address>0x20000828</load_address>
         <run_address>0x20000828</run_address>
         <size>0x10</size>
         <input_file_ref idref="fl-46"/>
      </object_component>
      <object_component id="oc-46c">
         <name>.data:virtual_CanTp_tx</name>
         <load_address>0x20000874</load_address>
         <run_address>0x20000874</run_address>
         <size>0x8</size>
         <input_file_ref idref="fl-46"/>
      </object_component>
      <object_component id="oc-46f">
         <name>.data:real_CanTp_tx</name>
         <load_address>0x2000086c</load_address>
         <run_address>0x2000086c</run_address>
         <size>0x8</size>
         <input_file_ref idref="fl-46"/>
      </object_component>
      <object_component id="oc-472">
         <name>.data:Com_type</name>
         <load_address>0x20000818</load_address>
         <run_address>0x20000818</run_address>
         <size>0x10</size>
         <input_file_ref idref="fl-46"/>
      </object_component>
      <object_component id="oc-391">
         <name>.bss:IdleStack</name>
         <uninitialized>true</uninitialized>
         <run_address>0x200008a8</run_address>
         <size>0x200</size>
         <input_file_ref idref="fl-b"/>
      </object_component>
      <object_component id="oc-394">
         <name>.bss:TaskStack1</name>
         <uninitialized>true</uninitialized>
         <run_address>0x20000aa8</run_address>
         <size>0x200</size>
         <input_file_ref idref="fl-b"/>
      </object_component>
      <object_component id="oc-22e">
         <name>.bss:ReadyTasksLists</name>
         <uninitialized>true</uninitialized>
         <run_address>0x20000ca8</run_address>
         <size>0x64</size>
         <input_file_ref idref="fl-10"/>
      </object_component>
      <object_component id="oc-225">
         <name>.bss:DelayedTaskList1</name>
         <uninitialized>true</uninitialized>
         <run_address>0x20000d74</run_address>
         <size>0x14</size>
         <input_file_ref idref="fl-10"/>
      </object_component>
      <object_component id="oc-228">
         <name>.bss:DelayedTaskList2</name>
         <uninitialized>true</uninitialized>
         <run_address>0x20000d88</run_address>
         <size>0x14</size>
         <input_file_ref idref="fl-10"/>
      </object_component>
      <object_component id="oc-22b">
         <name>.bss</name>
         <uninitialized>true</uninitialized>
         <run_address>0x20000de4</run_address>
         <size>0x8</size>
         <input_file_ref idref="fl-10"/>
      </object_component>
      <object_component id="oc-231">
         <name>.bss:SuspendedTaskList</name>
         <uninitialized>true</uninitialized>
         <run_address>0x20000d9c</run_address>
         <size>0x14</size>
         <input_file_ref idref="fl-10"/>
      </object_component>
      <object_component id="oc-19c">
         <name>.bss:Int_enable_in_start_mode</name>
         <uninitialized>true</uninitialized>
         <run_address>0x20000e0b</run_address>
         <size>0x4</size>
         <input_file_ref idref="fl-38"/>
      </object_component>
      <object_component id="oc-19f">
         <name>.bss:Int_disable_in_stop_mode</name>
         <uninitialized>true</uninitialized>
         <run_address>0x20000e07</run_address>
         <size>0x4</size>
         <input_file_ref idref="fl-38"/>
      </object_component>
      <object_component id="oc-186">
         <name>.bss:Can_ControllerMode</name>
         <uninitialized>true</uninitialized>
         <run_address>0x20000d0c</run_address>
         <size>0x4</size>
         <input_file_ref idref="fl-38"/>
      </object_component>
      <object_component id="oc-18d">
         <name>.bss</name>
         <uninitialized>true</uninitialized>
         <run_address>0x20000e0f</run_address>
         <size>0x1</size>
         <input_file_ref idref="fl-38"/>
      </object_component>
      <object_component id="oc-199">
         <name>.bss:IntDisableCount</name>
         <uninitialized>true</uninitialized>
         <run_address>0x20000dff</run_address>
         <size>0x4</size>
         <input_file_ref idref="fl-38"/>
      </object_component>
      <object_component id="oc-196">
         <name>.bss:IntEnableCount</name>
         <uninitialized>true</uninitialized>
         <run_address>0x20000e03</run_address>
         <size>0x4</size>
         <input_file_ref idref="fl-38"/>
      </object_component>
      <object_component id="oc-18c">
         <name>.bss:ErrorState$3</name>
         <uninitialized>true</uninitialized>
         <run_address>0x20000dfb</run_address>
         <size>0x4</size>
         <input_file_ref idref="fl-38"/>
      </object_component>
      <object_component id="oc-34c">
         <name>.bss:info$1</name>
         <uninitialized>true</uninitialized>
         <run_address>0x20000dd8</run_address>
         <size>0xc</size>
         <input_file_ref idref="fl-45"/>
      </object_component>
      <object_component id="oc-376">
         <name>.common:CounterList</name>
         <uninitialized>true</uninitialized>
         <run_address>0x20000db0</run_address>
         <size>0x14</size>
      </object_component>
      <object_component id="oc-379">
         <name>.common:DormantAlarmList</name>
         <uninitialized>true</uninitialized>
         <run_address>0x20000dc4</run_address>
         <size>0x14</size>
      </object_component>
      <object_component id="oc-258">
         <name>.common:controlright</name>
         <uninitialized>true</uninitialized>
         <run_address>0x20000e39</run_address>
         <size>0x1</size>
      </object_component>
      <object_component id="oc-251">
         <name>.common:controlleft</name>
         <uninitialized>true</uninitialized>
         <run_address>0x20000e38</run_address>
         <size>0x1</size>
      </object_component>
      <object_component id="oc-254">
         <name>.common:l</name>
         <uninitialized>true</uninitialized>
         <run_address>0x20000e34</run_address>
         <size>0x4</size>
      </object_component>
      <object_component id="oc-180">
         <name>.common:Message_Confirmation</name>
         <uninitialized>true</uninitialized>
         <run_address>0x20000d50</run_address>
         <size>0x24</size>
      </object_component>
      <object_component id="oc-1f9">
         <name>.common:CanIf_ConfigPtr</name>
         <uninitialized>true</uninitialized>
         <run_address>0x20000e18</run_address>
         <size>0x4</size>
      </object_component>
      <object_component id="oc-1fe">
         <name>.common:CanIfPrivateCfgInst</name>
         <uninitialized>true</uninitialized>
         <run_address>0x20000e10</run_address>
         <size>0x4</size>
      </object_component>
      <object_component id="oc-1fc">
         <name>.common:CanIf_Global</name>
         <uninitialized>true</uninitialized>
         <run_address>0x20000df4</run_address>
         <size>0x7</size>
      </object_component>
      <object_component id="oc-1fd">
         <name>.common:CanIfRxPduCfg_Arr</name>
         <uninitialized>true</uninitialized>
         <run_address>0x20000e14</run_address>
         <size>0x4</size>
      </object_component>
      <object_component id="oc-1de">
         <name>.common:ComConfig</name>
         <uninitialized>true</uninitialized>
         <run_address>0x20000e1c</run_address>
         <size>0x4</size>
      </object_component>
      <object_component id="oc-454">
         <name>.common:Com_Asu_IPdu</name>
         <uninitialized>true</uninitialized>
         <run_address>0x20000d10</run_address>
         <size>0x40</size>
      </object_component>
      <object_component id="oc-3cb">
         <name>.common:ComSignalBuffer_1</name>
         <uninitialized>true</uninitialized>
         <run_address>0x20000e24</run_address>
         <size>0x4</size>
      </object_component>
      <object_component id="oc-3cc">
         <name>.common:ComSignalBuffer_2</name>
         <uninitialized>true</uninitialized>
         <run_address>0x20000e28</run_address>
         <size>0x4</size>
      </object_component>
      <object_component id="oc-3cd">
         <name>.common:ComSignalBuffer_3</name>
         <uninitialized>true</uninitialized>
         <run_address>0x20000e2c</run_address>
         <size>0x4</size>
      </object_component>
      <object_component id="oc-3ce">
         <name>.common:ComSignalBuffer_4</name>
         <uninitialized>true</uninitialized>
         <run_address>0x20000e30</run_address>
         <size>0x4</size>
      </object_component>
      <object_component id="oc-3c1">
         <name>.common:ComIPduBuffer_1</name>
         <uninitialized>true</uninitialized>
         <run_address>0x20000e20</run_address>
         <size>0x4</size>
      </object_component>
      <object_component id="oc-3c5">
         <name>.common:ComIPduBuffer_2</name>
         <uninitialized>true</uninitialized>
         <run_address>0x20000dec</run_address>
         <size>0x8</size>
      </object_component>
      <object_component id="oc-21">
         <name>.stack</name>
         <uninitialized>true</uninitialized>
         <run_address>0x20000e40</run_address>
         <size>0x4</size>
         <input_file_ref idref="fl-110"/>
      </object_component>
      <object_component id="oc-514">
         <name>.stack</name>
         <uninitialized>true</uninitialized>
         <run_address>0x20000e40</run_address>
         <size>0x0</size>
      </object_component>
      <object_component id="oc-164">
         <name>.debug_info</name>
         <load_address>0x0</load_address>
         <run_address>0x0</run_address>
         <size>0x1a6</size>
         <input_file_ref idref="fl-2"/>
      </object_component>
      <object_component id="oc-33">
         <name>.debug_info</name>
         <load_address>0x1a6</load_address>
         <run_address>0x1a6</run_address>
         <size>0x84</size>
         <input_file_ref idref="fl-2"/>
      </object_component>
      <object_component id="oc-af">
         <name>.debug_info</name>
         <load_address>0x22a</load_address>
         <run_address>0x22a</run_address>
         <size>0x304</size>
         <input_file_ref idref="fl-3"/>
      </object_component>
      <object_component id="oc-cd">
         <name>.debug_info</name>
         <load_address>0x52e</load_address>
         <run_address>0x52e</run_address>
         <size>0x15d</size>
         <input_file_ref idref="fl-3"/>
      </object_component>
      <object_component id="oc-6d">
         <name>.debug_info</name>
         <load_address>0x68b</load_address>
         <run_address>0x68b</run_address>
         <size>0x26b</size>
         <input_file_ref idref="fl-3"/>
      </object_component>
      <object_component id="oc-aa">
         <name>.debug_info</name>
         <load_address>0x8f6</load_address>
         <run_address>0x8f6</run_address>
         <size>0x297</size>
         <input_file_ref idref="fl-3"/>
      </object_component>
      <object_component id="oc-2c2">
         <name>.debug_info</name>
         <load_address>0xb8d</load_address>
         <run_address>0xb8d</run_address>
         <size>0xef</size>
         <input_file_ref idref="fl-3"/>
      </object_component>
      <object_component id="oc-72">
         <name>.debug_info</name>
         <load_address>0xc7c</load_address>
         <run_address>0xc7c</run_address>
         <size>0xbb</size>
         <input_file_ref idref="fl-3"/>
      </object_component>
      <object_component id="oc-c1">
         <name>.debug_info</name>
         <load_address>0xd37</load_address>
         <run_address>0xd37</run_address>
         <size>0x2a4</size>
         <input_file_ref idref="fl-4"/>
      </object_component>
      <object_component id="oc-c8">
         <name>.debug_info</name>
         <load_address>0xfdb</load_address>
         <run_address>0xfdb</run_address>
         <size>0x1d5</size>
         <input_file_ref idref="fl-5"/>
      </object_component>
      <object_component id="oc-1a6">
         <name>.debug_info</name>
         <load_address>0x11b0</load_address>
         <run_address>0x11b0</run_address>
         <size>0x17e</size>
         <input_file_ref idref="fl-7"/>
      </object_component>
      <object_component id="oc-28b">
         <name>.debug_info</name>
         <load_address>0x132e</load_address>
         <run_address>0x132e</run_address>
         <size>0xad4</size>
         <input_file_ref idref="fl-8"/>
      </object_component>
      <object_component id="oc-99">
         <name>.debug_info</name>
         <load_address>0x1e02</load_address>
         <run_address>0x1e02</run_address>
         <size>0x324</size>
         <input_file_ref idref="fl-8"/>
      </object_component>
      <object_component id="oc-20e">
         <name>.debug_info</name>
         <load_address>0x2126</load_address>
         <run_address>0x2126</run_address>
         <size>0x1ce</size>
         <input_file_ref idref="fl-8"/>
      </object_component>
      <object_component id="oc-209">
         <name>.debug_info</name>
         <load_address>0x22f4</load_address>
         <run_address>0x22f4</run_address>
         <size>0x8fc</size>
         <input_file_ref idref="fl-8"/>
      </object_component>
      <object_component id="oc-1ce">
         <name>.debug_info</name>
         <load_address>0x2bf0</load_address>
         <run_address>0x2bf0</run_address>
         <size>0x676</size>
         <input_file_ref idref="fl-8"/>
      </object_component>
      <object_component id="oc-1f4">
         <name>.debug_info</name>
         <load_address>0x3266</load_address>
         <run_address>0x3266</run_address>
         <size>0x56f</size>
         <input_file_ref idref="fl-8"/>
      </object_component>
      <object_component id="oc-1b8">
         <name>.debug_info</name>
         <load_address>0x37d5</load_address>
         <run_address>0x37d5</run_address>
         <size>0x175</size>
         <input_file_ref idref="fl-8"/>
      </object_component>
      <object_component id="oc-1a9">
         <name>.debug_info</name>
         <load_address>0x394a</load_address>
         <run_address>0x394a</run_address>
         <size>0x9ad</size>
         <input_file_ref idref="fl-8"/>
      </object_component>
      <object_component id="oc-1d3">
         <name>.debug_info</name>
         <load_address>0x42f7</load_address>
         <run_address>0x42f7</run_address>
         <size>0x306</size>
         <input_file_ref idref="fl-8"/>
      </object_component>
      <object_component id="oc-1b3">
         <name>.debug_info</name>
         <load_address>0x45fd</load_address>
         <run_address>0x45fd</run_address>
         <size>0x1a2</size>
         <input_file_ref idref="fl-8"/>
      </object_component>
      <object_component id="oc-244">
         <name>.debug_info</name>
         <load_address>0x479f</load_address>
         <run_address>0x479f</run_address>
         <size>0xda</size>
         <input_file_ref idref="fl-8"/>
      </object_component>
      <object_component id="oc-350">
         <name>.debug_info</name>
         <load_address>0x4879</load_address>
         <run_address>0x4879</run_address>
         <size>0x6c</size>
         <input_file_ref idref="fl-8"/>
      </object_component>
      <object_component id="oc-2dc">
         <name>.debug_info</name>
         <load_address>0x48e5</load_address>
         <run_address>0x48e5</run_address>
         <size>0x190</size>
         <input_file_ref idref="fl-8"/>
      </object_component>
      <object_component id="oc-3a2">
         <name>.debug_info</name>
         <load_address>0x4a75</load_address>
         <run_address>0x4a75</run_address>
         <size>0x468</size>
         <input_file_ref idref="fl-8"/>
      </object_component>
      <object_component id="oc-37b">
         <name>.debug_info</name>
         <load_address>0x4edd</load_address>
         <run_address>0x4edd</run_address>
         <size>0xc4</size>
         <input_file_ref idref="fl-8"/>
      </object_component>
      <object_component id="oc-39d">
         <name>.debug_info</name>
         <load_address>0x4fa1</load_address>
         <run_address>0x4fa1</run_address>
         <size>0x480</size>
         <input_file_ref idref="fl-8"/>
      </object_component>
      <object_component id="oc-118">
         <name>.debug_info</name>
         <load_address>0x5421</load_address>
         <run_address>0x5421</run_address>
         <size>0x8b</size>
         <input_file_ref idref="fl-8"/>
      </object_component>
      <object_component id="oc-11d">
         <name>.debug_info</name>
         <load_address>0x54ac</load_address>
         <run_address>0x54ac</run_address>
         <size>0x53</size>
         <input_file_ref idref="fl-8"/>
      </object_component>
      <object_component id="oc-36b">
         <name>.debug_info</name>
         <load_address>0x54ff</load_address>
         <run_address>0x54ff</run_address>
         <size>0x2c</size>
         <input_file_ref idref="fl-8"/>
      </object_component>
      <object_component id="oc-3ae">
         <name>.debug_info</name>
         <load_address>0x552b</load_address>
         <run_address>0x552b</run_address>
         <size>0xa1</size>
         <input_file_ref idref="fl-8"/>
      </object_component>
      <object_component id="oc-23e">
         <name>.debug_info</name>
         <load_address>0x55cc</load_address>
         <run_address>0x55cc</run_address>
         <size>0x53</size>
         <input_file_ref idref="fl-8"/>
      </object_component>
      <object_component id="oc-382">
         <name>.debug_info</name>
         <load_address>0x561f</load_address>
         <run_address>0x561f</run_address>
         <size>0x14c</size>
         <input_file_ref idref="fl-8"/>
      </object_component>
      <object_component id="oc-2c">
         <name>.debug_info</name>
         <load_address>0x576b</load_address>
         <run_address>0x576b</run_address>
         <size>0x2b3</size>
         <input_file_ref idref="fl-9"/>
      </object_component>
      <object_component id="oc-10">
         <name>.debug_info</name>
         <load_address>0x5a1e</load_address>
         <run_address>0x5a1e</run_address>
         <size>0xf2</size>
         <input_file_ref idref="fl-9"/>
      </object_component>
      <object_component id="oc-26">
         <name>.debug_info</name>
         <load_address>0x5b10</load_address>
         <run_address>0x5b10</run_address>
         <size>0x26e</size>
         <input_file_ref idref="fl-9"/>
      </object_component>
      <object_component id="oc-289">
         <name>.debug_info</name>
         <load_address>0x5d7e</load_address>
         <run_address>0x5d7e</run_address>
         <size>0x2ae</size>
         <input_file_ref idref="fl-b"/>
      </object_component>
      <object_component id="oc-115">
         <name>.debug_info</name>
         <load_address>0x602c</load_address>
         <run_address>0x602c</run_address>
         <size>0x3c7</size>
         <input_file_ref idref="fl-b"/>
      </object_component>
      <object_component id="oc-23b">
         <name>.debug_info</name>
         <load_address>0x63f3</load_address>
         <run_address>0x63f3</run_address>
         <size>0xe1</size>
         <input_file_ref idref="fl-b"/>
      </object_component>
      <object_component id="oc-392">
         <name>.debug_info</name>
         <load_address>0x64d4</load_address>
         <run_address>0x64d4</run_address>
         <size>0xda</size>
         <input_file_ref idref="fl-b"/>
      </object_component>
      <object_component id="oc-395">
         <name>.debug_info</name>
         <load_address>0x65ae</load_address>
         <run_address>0x65ae</run_address>
         <size>0xdc</size>
         <input_file_ref idref="fl-b"/>
      </object_component>
      <object_component id="oc-238">
         <name>.debug_info</name>
         <load_address>0x668a</load_address>
         <run_address>0x668a</run_address>
         <size>0xdd</size>
         <input_file_ref idref="fl-b"/>
      </object_component>
      <object_component id="oc-371">
         <name>.debug_info</name>
         <load_address>0x6767</load_address>
         <run_address>0x6767</run_address>
         <size>0xe3</size>
         <input_file_ref idref="fl-b"/>
      </object_component>
      <object_component id="oc-285">
         <name>.debug_info</name>
         <load_address>0x684a</load_address>
         <run_address>0x684a</run_address>
         <size>0xdf</size>
         <input_file_ref idref="fl-b"/>
      </object_component>
      <object_component id="oc-377">
         <name>.debug_info</name>
         <load_address>0x6929</load_address>
         <run_address>0x6929</run_address>
         <size>0x5ea</size>
         <input_file_ref idref="fl-c"/>
      </object_component>
      <object_component id="oc-374">
         <name>.debug_info</name>
         <load_address>0x6f13</load_address>
         <run_address>0x6f13</run_address>
         <size>0x131</size>
         <input_file_ref idref="fl-c"/>
      </object_component>
      <object_component id="oc-222">
         <name>.debug_info</name>
         <load_address>0x7044</load_address>
         <run_address>0x7044</run_address>
         <size>0xcf0</size>
         <input_file_ref idref="fl-c"/>
      </object_component>
      <object_component id="oc-24a">
         <name>.debug_info</name>
         <load_address>0x7d34</load_address>
         <run_address>0x7d34</run_address>
         <size>0x44c</size>
         <input_file_ref idref="fl-d"/>
      </object_component>
      <object_component id="oc-f1">
         <name>.debug_info</name>
         <load_address>0x8180</load_address>
         <run_address>0x8180</run_address>
         <size>0x55d</size>
         <input_file_ref idref="fl-d"/>
      </object_component>
      <object_component id="oc-243">
         <name>.debug_info</name>
         <load_address>0x86dd</load_address>
         <run_address>0x86dd</run_address>
         <size>0x634</size>
         <input_file_ref idref="fl-10"/>
      </object_component>
      <object_component id="oc-235">
         <name>.debug_info</name>
         <load_address>0x8d11</load_address>
         <run_address>0x8d11</run_address>
         <size>0x2a9</size>
         <input_file_ref idref="fl-10"/>
      </object_component>
      <object_component id="oc-22f">
         <name>.debug_info</name>
         <load_address>0x8fba</load_address>
         <run_address>0x8fba</run_address>
         <size>0xe6</size>
         <input_file_ref idref="fl-10"/>
      </object_component>
      <object_component id="oc-226">
         <name>.debug_info</name>
         <load_address>0x90a0</load_address>
         <run_address>0x90a0</run_address>
         <size>0xe8</size>
         <input_file_ref idref="fl-10"/>
      </object_component>
      <object_component id="oc-229">
         <name>.debug_info</name>
         <load_address>0x9188</load_address>
         <run_address>0x9188</run_address>
         <size>0xe8</size>
         <input_file_ref idref="fl-10"/>
      </object_component>
      <object_component id="oc-22c">
         <name>.debug_info</name>
         <load_address>0x9270</load_address>
         <run_address>0x9270</run_address>
         <size>0x128</size>
         <input_file_ref idref="fl-10"/>
      </object_component>
      <object_component id="oc-232">
         <name>.debug_info</name>
         <load_address>0x9398</load_address>
         <run_address>0x9398</run_address>
         <size>0xea</size>
         <input_file_ref idref="fl-10"/>
      </object_component>
      <object_component id="oc-eb">
         <name>.debug_info</name>
         <load_address>0x9482</load_address>
         <run_address>0x9482</run_address>
         <size>0xde4</size>
         <input_file_ref idref="fl-10"/>
      </object_component>
      <object_component id="oc-3aa">
         <name>.debug_info</name>
         <load_address>0xa266</load_address>
         <run_address>0xa266</run_address>
         <size>0x508</size>
         <input_file_ref idref="fl-11"/>
      </object_component>
      <object_component id="oc-24e">
         <name>.debug_info</name>
         <load_address>0xa76e</load_address>
         <run_address>0xa76e</run_address>
         <size>0x604</size>
         <input_file_ref idref="fl-11"/>
      </object_component>
      <object_component id="oc-252">
         <name>.debug_info</name>
         <load_address>0xad72</load_address>
         <run_address>0xad72</run_address>
         <size>0x471</size>
         <input_file_ref idref="fl-12"/>
      </object_component>
      <object_component id="oc-256">
         <name>.debug_info</name>
         <load_address>0xb1e3</load_address>
         <run_address>0xb1e3</run_address>
         <size>0x100</size>
         <input_file_ref idref="fl-12"/>
      </object_component>
      <object_component id="oc-f8">
         <name>.debug_info</name>
         <load_address>0xb2e3</load_address>
         <run_address>0xb2e3</run_address>
         <size>0xa7c</size>
         <input_file_ref idref="fl-12"/>
      </object_component>
      <object_component id="oc-25b">
         <name>.debug_info</name>
         <load_address>0xbd5f</load_address>
         <run_address>0xbd5f</run_address>
         <size>0xec</size>
         <input_file_ref idref="fl-13"/>
      </object_component>
      <object_component id="oc-fd">
         <name>.debug_info</name>
         <load_address>0xbe4b</load_address>
         <run_address>0xbe4b</run_address>
         <size>0x1d1</size>
         <input_file_ref idref="fl-13"/>
      </object_component>
      <object_component id="oc-25f">
         <name>.debug_info</name>
         <load_address>0xc01c</load_address>
         <run_address>0xc01c</run_address>
         <size>0xef</size>
         <input_file_ref idref="fl-14"/>
      </object_component>
      <object_component id="oc-105">
         <name>.debug_info</name>
         <load_address>0xc10b</load_address>
         <run_address>0xc10b</run_address>
         <size>0x1dc</size>
         <input_file_ref idref="fl-14"/>
      </object_component>
      <object_component id="oc-2d7">
         <name>.debug_info</name>
         <load_address>0xc2e7</load_address>
         <run_address>0xc2e7</run_address>
         <size>0x340</size>
         <input_file_ref idref="fl-17"/>
      </object_component>
      <object_component id="oc-2d4">
         <name>.debug_info</name>
         <load_address>0xc627</load_address>
         <run_address>0xc627</run_address>
         <size>0xf2</size>
         <input_file_ref idref="fl-17"/>
      </object_component>
      <object_component id="oc-179">
         <name>.debug_info</name>
         <load_address>0xc719</load_address>
         <run_address>0xc719</run_address>
         <size>0x184b</size>
         <input_file_ref idref="fl-17"/>
      </object_component>
      <object_component id="oc-1ae">
         <name>.debug_info</name>
         <load_address>0xdf64</load_address>
         <run_address>0xdf64</run_address>
         <size>0x1b3</size>
         <input_file_ref idref="fl-17"/>
      </object_component>
      <object_component id="oc-2b5">
         <name>.debug_info</name>
         <load_address>0xe117</load_address>
         <run_address>0xe117</run_address>
         <size>0x33f</size>
         <input_file_ref idref="fl-19"/>
      </object_component>
      <object_component id="oc-2d2">
         <name>.debug_info</name>
         <load_address>0xe456</load_address>
         <run_address>0xe456</run_address>
         <size>0x363</size>
         <input_file_ref idref="fl-21"/>
      </object_component>
      <object_component id="oc-2c9">
         <name>.debug_info</name>
         <load_address>0xe7b9</load_address>
         <run_address>0xe7b9</run_address>
         <size>0x103</size>
         <input_file_ref idref="fl-21"/>
      </object_component>
      <object_component id="oc-2cc">
         <name>.debug_info</name>
         <load_address>0xe8bc</load_address>
         <run_address>0xe8bc</run_address>
         <size>0x105</size>
         <input_file_ref idref="fl-21"/>
      </object_component>
      <object_component id="oc-2cf">
         <name>.debug_info</name>
         <load_address>0xe9c1</load_address>
         <run_address>0xe9c1</run_address>
         <size>0xf7</size>
         <input_file_ref idref="fl-21"/>
      </object_component>
      <object_component id="oc-171">
         <name>.debug_info</name>
         <load_address>0xeab8</load_address>
         <run_address>0xeab8</run_address>
         <size>0x3126</size>
         <input_file_ref idref="fl-21"/>
      </object_component>
      <object_component id="oc-2ff">
         <name>.debug_info</name>
         <load_address>0x11bde</load_address>
         <run_address>0x11bde</run_address>
         <size>0x340</size>
         <input_file_ref idref="fl-24"/>
      </object_component>
      <object_component id="oc-2ed">
         <name>.debug_info</name>
         <load_address>0x11f1e</load_address>
         <run_address>0x11f1e</run_address>
         <size>0xf2</size>
         <input_file_ref idref="fl-24"/>
      </object_component>
      <object_component id="oc-2f0">
         <name>.debug_info</name>
         <load_address>0x12010</load_address>
         <run_address>0x12010</run_address>
         <size>0xea</size>
         <input_file_ref idref="fl-24"/>
      </object_component>
      <object_component id="oc-2f3">
[...]
      <symbol id="sm-a24">
         <name>CanIf_txPduConfigTypeInstance</name>
         <value>0x20000544</value>
         <object_component_ref idref="oc-3db"/>
      </symbol>
      <symbol id="sm-a25">
         <name>CanIfBufferCfgInstance</name>
         <value>0x20000790</value>
         <object_component_ref idref="oc-4a2"/>
      </symbol>
      <symbol id="sm-a26">
         <name>CanIf_hrhRangeConfigTypeInstance</name>
         <value>0x2000085c</value>
         <object_component_ref idref="oc-49d"/>
      </symbol>
      <symbol id="sm-a27">
         <name>CanIfInitHohCfgInstance</name>
         <value>0x20000808</value>
         <object_component_ref idref="oc-3d5"/>
      </symbol>
      <symbol id="sm-a28">
         <name>CanIfHrhCfgInstance</name>
         <value>0x200007e8</value>
         <object_component_ref idref="oc-492"/>
      </symbol>
      <symbol id="sm-a29">
         <name>try</name>
         <value>0x2000087c</value>
         <object_component_ref idref="oc-49a"/>
      </symbol>
      <symbol id="sm-a2a">
         <name>CanIf_rxPduConfigTypeInstance</name>
         <value>0x200004a4</value>
         <object_component_ref idref="oc-3d8"/>
      </symbol>
      <symbol id="sm-a2b">
         <name>CanIf_initConfigTypeInstance</name>
         <value>0x20000688</value>
         <object_component_ref idref="oc-27e"/>
      </symbol>
      <symbol id="sm-a2c">
         <name>CanIf_configTypeInstance</name>
         <value>0x20000854</value>
         <object_component_ref idref="oc-111"/>
      </symbol>
      <symbol id="sm-a2d">
         <name>CanIfCtrlCfgInstance</name>
         <value>0x200007a8</value>
         <object_component_ref idref="oc-27b"/>
      </symbol>
      <symbol id="sm-a35">
         <name>CanTpRunTimeData</name>
         <value>0x20000390</value>
         <object_component_ref idref="oc-1c8"/>
      </symbol>
      <symbol id="sm-a4d">
         <name>CanTp_TxNSdu</name>
         <value>0x9998</value>
         <object_component_ref idref="oc-26a"/>
      </symbol>
      <symbol id="sm-a4e">
         <name>CanTp_RxNSdu</name>
         <value>0x9838</value>
         <object_component_ref idref="oc-267"/>
      </symbol>
      <symbol id="sm-a4f">
         <name>CanTp_Config</name>
         <value>0x9aa0</value>
         <object_component_ref idref="oc-10b"/>
      </symbol>
      <symbol id="sm-add">
         <name>ComConfig</name>
         <value>0x20000e1c</value>
      </symbol>
      <symbol id="sm-ade">
         <name>Com_TpRxIndication</name>
         <value>0x56e7</value>
         <object_component_ref idref="oc-de"/>
      </symbol>
      <symbol id="sm-adf">
         <name>Com_MainFunctionRx</name>
         <value>0x502f</value>
         <object_component_ref idref="oc-de"/>
      </symbol>
      <symbol id="sm-ae0">
         <name>Com_MainFunctionTx</name>
         <value>0x517d</value>
         <object_component_ref idref="oc-de"/>
      </symbol>
      <symbol id="sm-ae1">
         <name>Com_StartOfReception</name>
         <value>0x565f</value>
         <object_component_ref idref="oc-de"/>
      </symbol>
      <symbol id="sm-ae2">
         <name>Com_ReceiveSignal</name>
         <value>0x53ad</value>
         <object_component_ref idref="oc-de"/>
      </symbol>
      <symbol id="sm-ae3">
         <name>Com_TriggerIPDUSend</name>
         <value>0x5531</value>
         <object_component_ref idref="oc-de"/>
      </symbol>
      <symbol id="sm-ae4">
         <name>Com_RxIndication</name>
         <value>0x562f</value>
         <object_component_ref idref="oc-de"/>
      </symbol>
      <symbol id="sm-ae5">
         <name>Com_TpTxConfirmation</name>
         <value>0x5747</value>
         <object_component_ref idref="oc-de"/>
      </symbol>
      <symbol id="sm-ae6">
         <name>Com_SendSignal</name>
         <value>0x529b</value>
         <object_component_ref idref="oc-de"/>
      </symbol>
      <symbol id="sm-ae7">
         <name>Com_Init</name>
         <value>0x4e81</value>
         <object_component_ref idref="oc-de"/>
      </symbol>
      <symbol id="sm-ae8">
         <name>Com_CopyTxData</name>
         <value>0x540b</value>
         <object_component_ref idref="oc-de"/>
      </symbol>
      <symbol id="sm-ae9">
         <name>Com_CopyRxData</name>
         <value>0x54a1</value>
         <object_component_ref idref="oc-de"/>
      </symbol>
      <symbol id="sm-aea">
         <name>com_pdur</name>
         <value>0x200008a1</value>
         <object_component_ref idref="oc-1f0"/>
      </symbol>
      <symbol id="sm-af6">
         <name>Com_Asu_IPdu</name>
         <value>0x20000d10</value>
      </symbol>
      <symbol id="sm-af7">
         <name>ComAsuConfiguration</name>
         <value>0x20000848</value>
         <object_component_ref idref="oc-33b"/>
      </symbol>
      <symbol id="sm-b18">
         <name>Com_ReadSignalDataFromPduBuffer</name>
         <value>0x771d</value>
         <object_component_ref idref="oc-1d8"/>
      </symbol>
      <symbol id="sm-b19">
         <name>Com_WriteSignalDataToPduBuffer</name>
         <value>0x764d</value>
         <object_component_ref idref="oc-1d8"/>
      </symbol>
      <symbol id="sm-b1a">
         <name>Com_UnPackSignalsFromPdu</name>
         <value>0x75e9</value>
         <object_component_ref idref="oc-1d8"/>
      </symbol>
      <symbol id="sm-b1b">
         <name>Com_WriteSignalDataToSignalBuffer</name>
         <value>0x790f</value>
         <object_component_ref idref="oc-1d8"/>
      </symbol>
      <symbol id="sm-b1c">
         <name>Com_PackSignalsToPdu</name>
         <value>0x7585</value>
         <object_component_ref idref="oc-1d8"/>
      </symbol>
      <symbol id="sm-b1d">
         <name>Com_ReadSignalDataFromSignalBuffer</name>
         <value>0x795d</value>
         <object_component_ref idref="oc-1d8"/>
      </symbol>
      <symbol id="sm-b41">
         <name>ComSignalBuffer_1</name>
         <value>0x20000e24</value>
      </symbol>
      <symbol id="sm-b42">
         <name>ComSignalBuffer_2</name>
         <value>0x20000e28</value>
      </symbol>
      <symbol id="sm-b43">
         <name>ComSignalBuffer_3</name>
         <value>0x20000e2c</value>
      </symbol>
      <symbol id="sm-b44">
         <name>ComSignalBuffer_4</name>
         <value>0x20000e30</value>
      </symbol>
      <symbol id="sm-b45">
         <name>ComIPduBuffer_1</name>
         <value>0x20000e20</value>
      </symbol>
      <symbol id="sm-b46">
         <name>ComIPduBuffer_2</name>
         <value>0x20000dec</value>
      </symbol>
      <symbol id="sm-b47">
         <name>ComConfiguration</name>
         <value>0x9b68</value>
         <object_component_ref idref="oc-10e"/>
      </symbol>
      <symbol id="sm-b48">
         <name>ComIPduSignalRefs_Can_Message_1</name>
         <value>0x9b74</value>
         <object_component_ref idref="oc-3c2"/>
      </symbol>
      <symbol id="sm-b49">
         <name>ComIPduSignalRefs_Can_Message_2</name>
         <value>0x9b80</value>
         <object_component_ref idref="oc-3c6"/>
      </symbol>
      <symbol id="sm-b4a">
         <name>ComSignal</name>
         <value>0x98b8</value>
         <object_component_ref idref="oc-274"/>
      </symbol>
      <symbol id="sm-b4b">
         <name>ComIPdu</name>
         <value>0x99e8</value>
         <object_component_ref idref="oc-271"/>
      </symbol>
      <symbol id="sm-b5c">
         <name>power</name>
         <value>0x8d4b</value>
         <object_component_ref idref="oc-1e4"/>
      </symbol>
      <symbol id="sm-b5d">
         <name>validateSignalID</name>
         <value>0x8d31</value>
         <object_component_ref idref="oc-1e4"/>
      </symbol>
      <symbol id="sm-bfc">
         <name>cantp_cainf_FC</name>
         <value>0x2000089b</value>
         <object_component_ref idref="oc-30c"/>
      </symbol>
      <symbol id="sm-bfd">
         <name>cantp_com_rx_or_copy</name>
         <value>0x2000089f</value>
         <object_component_ref idref="oc-30f"/>
      </symbol>
      <symbol id="sm-bfe">
         <name>getPduLength</name>
         <value>0x2eb5</value>
         <object_component_ref idref="oc-1bd"/>
      </symbol>
      <symbol id="sm-bff">
         <name>sendFlowControlFrame</name>
         <value>0x35f9</value>
         <object_component_ref idref="oc-1bd"/>
      </symbol>
      <symbol id="sm-c00">
         <name>handleNextTxFrameSent</name>
         <value>0x34cf</value>
         <object_component_ref idref="oc-1bd"/>
      </symbol>
      <symbol id="sm-c01">
         <name>getFrameType</name>
         <value>0x2e17</value>
         <object_component_ref idref="oc-1bd"/>
      </symbol>
      <symbol id="sm-c02">
         <name>copySegmentToPduRRxBuffer</name>
         <value>0x2d51</value>
         <object_component_ref idref="oc-1bd"/>
      </symbol>
      <symbol id="sm-c03">
         <name>copySegmentToLocalRxBuffer</name>
         <value>0x2db5</value>
         <object_component_ref idref="oc-1bd"/>
      </symbol>
      <symbol id="sm-c04">
         <name>handleConsecutiveFrame</name>
         <value>0x32e3</value>
         <object_component_ref idref="oc-1bd"/>
      </symbol>
      <symbol id="sm-c05">
         <name>handleFlowControlFrame</name>
         <value>0x3217</value>
         <object_component_ref idref="oc-1bd"/>
      </symbol>
      <symbol id="sm-c06">
         <name>cantp_com_copy_tx</name>
         <value>0x2000089d</value>
         <object_component_ref idref="oc-317"/>
      </symbol>
      <symbol id="sm-c07">
         <name>sendNextTxFrame</name>
         <value>0x3747</value>
         <object_component_ref idref="oc-1bd"/>
      </symbol>
      <symbol id="sm-c08">
         <name>handleFirstFrame</name>
         <value>0x30ab</value>
         <object_component_ref idref="oc-1bd"/>
      </symbol>
      <symbol id="sm-c09">
         <name>canReceivePaddingHelper</name>
         <value>0x2cd3</value>
         <object_component_ref idref="oc-1bd"/>
      </symbol>
      <symbol id="sm-c0a">
         <name>calcRequiredProtocolFrameType</name>
         <value>0x2f3d</value>
         <object_component_ref idref="oc-1bd"/>
      </symbol>
      <symbol id="sm-c0b">
         <name>handleSingleFrame</name>
         <value>0x2fa5</value>
         <object_component_ref idref="oc-1bd"/>
      </symbol>
      <symbol id="sm-c0c">
         <name>canTansmitPaddingHelper</name>
         <value>0x2c59</value>
         <object_component_ref idref="oc-1bd"/>
      </symbol>
      <symbol id="sm-c0d">
         <name>canif_ids</name>
         <value>0x20000892</value>
         <object_component_ref idref="oc-309"/>
      </symbol>
      <symbol id="sm-c29">
         <name>PduR_ComTransmit</name>
         <value>0x83f5</value>
         <object_component_ref idref="oc-1ea"/>
      </symbol>
      <symbol id="sm-c2a">
         <name>PduR_CanTpRxIndication</name>
         <value>0x8491</value>
         <object_component_ref idref="oc-1ea"/>
      </symbol>
      <symbol id="sm-c2b">
         <name>PduR_CanIfRxIndication</name>
         <value>0x844b</value>
         <object_component_ref idref="oc-1ea"/>
      </symbol>
      <symbol id="sm-c2c">
         <name>PduR_CanTpCopyTxData</name>
         <value>0x84dd</value>
         <object_component_ref idref="oc-1ea"/>
      </symbol>
      <symbol id="sm-c2d">
         <name>PduR_CanTpTxConfirmation</name>
         <value>0x8509</value>
         <object_component_ref idref="oc-1ea"/>
      </symbol>
      <symbol id="sm-c2e">
         <name>PduR_CanTpCopyRxData</name>
         <value>0x8469</value>
         <object_component_ref idref="oc-1ea"/>
      </symbol>
      <symbol id="sm-c2f">
         <name>PduR_CanTpStartOfReception</name>
         <value>0x84b1</value>
         <object_component_ref idref="oc-1ea"/>
      </symbol>
      <symbol id="sm-c93">
         <name>real_com</name>
         <value>0x200007c0</value>
         <object_component_ref idref="oc-45d"/>
      </symbol>
      <symbol id="sm-c94">
         <name>real_CanTp_rx</name>
         <value>0x20000828</value>
         <object_component_ref idref="oc-469"/>
      </symbol>
      <symbol id="sm-c95">
         <name>real_CanTp_tx</name>
         <value>0x2000086c</value>
         <object_component_ref idref="oc-46f"/>
      </symbol>
      <symbol id="sm-c96">
         <name>Com_type</name>
         <value>0x20000818</value>
         <object_component_ref idref="oc-472"/>
      </symbol>
      <symbol id="sm-c97">
         <name>real_CanIf</name>
         <value>0x20000758</value>
         <object_component_ref idref="oc-463"/>
      </symbol>
      <symbol id="sm-c98">
         <name>virtual_CanTp_rx</name>
         <value>0x20000838</value>
         <object_component_ref idref="oc-466"/>
      </symbol>
      <symbol id="sm-c99">
         <name>virtual_CanTp_tx</name>
         <value>0x20000874</value>
         <object_component_ref idref="oc-46c"/>
      </symbol>
      <symbol id="sm-c9a">
         <name>get_type</name>
         <value>0x8387</value>
         <object_component_ref idref="oc-346"/>
      </symbol>
      <symbol id="sm-c9b">
         <name>virtual_CanIf</name>
         <value>0x20000774</value>
         <object_component_ref idref="oc-460"/>
      </symbol>
      <symbol id="sm-c9c">
         <name>virtual_com</name>
         <value>0x200007d4</value>
         <object_component_ref idref="oc-45a"/>
      </symbol>
      <symbol id="sm-c9d">
         <name>get_ID</name>
         <value>0x8291</value>
         <object_component_ref idref="oc-346"/>
      </symbol>
      <symbol id="sm-cf4">
         <name>CanTp_Shutdown</name>
         <value>0x5ba7</value>
         <object_component_ref idref="oc-d8"/>
      </symbol>
      <symbol id="sm-cf5">
         <name>CanTp_Init</name>
         <value>0x5981</value>
         <object_component_ref idref="oc-d8"/>
      </symbol>
      <symbol id="sm-cf6">
         <name>initRx15765RuntimeData</name>
         <value>0x5843</value>
         <object_component_ref idref="oc-d8"/>
      </symbol>
      <symbol id="sm-cf7">
         <name>CanTp_RxIndication</name>
         <value>0x588b</value>
         <object_component_ref idref="oc-d8"/>
      </symbol>
      <symbol id="sm-cf8">
         <name>CanTp_MainFunction</name>
         <value>0x5bbd</value>
         <object_component_ref idref="oc-d8"/>
      </symbol>
      <symbol id="sm-cf9">
         <name>CanTp_TxConfirmation</name>
         <value>0x5e19</value>
         <object_component_ref idref="oc-d8"/>
      </symbol>
      <symbol id="sm-cfa">
         <name>initTx15765RuntimeData</name>
         <value>0x5801</value>
         <object_component_ref idref="oc-d8"/>
      </symbol>
      <symbol id="sm-cfb">
         <name>CanTp_Transmit</name>
         <value>0x5a4d</value>
         <object_component_ref idref="oc-d8"/>
      </symbol>
      <symbol id="sm-d23">
         <name>ceil</name>
         <value>0x879d</value>
         <object_component_ref idref="oc-32c"/>
      </symbol>
      <symbol id="sm-d24">
         <name>ceill</name>
         <value>0x879d</value>
         <object_component_ref idref="oc-32c"/>
      </symbol>
      <symbol id="sm-d3b">
         <name>__aeabi_dsub</name>
         <value>0x7f5d</value>
         <object_component_ref idref="oc-441"/>
      </symbol>
      <symbol id="sm-d3c">
         <name>__aeabi_dadd</name>
         <value>0x7f67</value>
         <object_component_ref idref="oc-441"/>
      </symbol>
      <symbol id="sm-d4e">
         <name>__aeabi_cdrcmple</name>
         <value>0x8bb5</value>
         <object_component_ref idref="oc-446"/>
      </symbol>
      <symbol id="sm-d58">
         <name>__aeabi_d2iz</name>
         <value>0x8ed5</value>
         <object_component_ref idref="oc-312"/>
      </symbol>
      <symbol id="sm-d62">
         <name>__aeabi_d2uiz</name>
         <value>0x8f61</value>
         <object_component_ref idref="oc-1c3"/>
      </symbol>
      <symbol id="sm-d6d">
         <name>__aeabi_f2d</name>
         <value>0x8fe3</value>
         <object_component_ref idref="oc-327"/>
      </symbol>
      <symbol id="sm-d76">
         <name>__aeabi_llsl</name>
         <value>0x9081</value>
         <object_component_ref idref="oc-322"/>
      </symbol>
      <symbol id="sm-d7f">
         <name>__aeabi_lmul</name>
         <value>0x909f</value>
         <object_component_ref idref="oc-340"/>
      </symbol>
      <symbol id="sm-d9a">
         <name>memcpy</name>
         <value>0x8b19</value>
         <object_component_ref idref="oc-38"/>
      </symbol>
      <symbol id="sm-d9b">
         <name>__aeabi_memcpy</name>
         <value>0x8b19</value>
         <object_component_ref idref="oc-38"/>
      </symbol>
      <symbol id="sm-d9c">
         <name>__aeabi_memcpy8</name>
         <value>0x8b19</value>
         <object_component_ref idref="oc-38"/>
      </symbol>
      <symbol id="sm-d9d">
         <name>__aeabi_memcpy4</name>
         <value>0x8b19</value>
         <object_component_ref idref="oc-38"/>
      </symbol>
      <symbol id="sm-dad">
         <name>__aeabi_memset</name>
         <value>0x8cb9</value>
         <object_component_ref idref="oc-8c"/>
      </symbol>
      <symbol id="sm-dae">
         <name>memset</name>
         <value>0x8cbf</value>
         <object_component_ref idref="oc-8c"/>
      </symbol>
      <symbol id="sm-daf">
         <name>__aeabi_memset8</name>
         <value>0x8cb9</value>
         <object_component_ref idref="oc-8c"/>
      </symbol>
      <symbol id="sm-db0">
         <name>__aeabi_memset4</name>
         <value>0x8cb9</value>
         <object_component_ref idref="oc-8c"/>
      </symbol>
      <symbol id="sm-db1">
         <name>__aeabi_memclr8</name>
         <value>0x8cb7</value>
         <object_component_ref idref="oc-8c"/>
      </symbol>
      <symbol id="sm-db2">
         <name>__aeabi_memclr4</name>
         <value>0x8cb7</value>
         <object_component_ref idref="oc-8c"/>
      </symbol>
      <symbol id="sm-db3">
         <name>__aeabi_memclr</name>
         <value>0x8cb7</value>
         <object_component_ref idref="oc-8c"/>
      </symbol>
      <symbol id="sm-dca">
         <name>__TI_zero_init</name>
         <value>0x90ef</value>
         <object_component_ref idref="oc-4a"/>
      </symbol>
      <symbol id="sm-de1">
         <name>__TI_decompress_none</name>
         <value>0x90e1</value>
         <object_component_ref idref="oc-18"/>
      </symbol>
      <symbol id="sm-e04">
         <name>__TI_decompress_lzss</name>
         <value>0x8e15</value>
         <object_component_ref idref="oc-12"/>
      </symbol>
      <symbol id="sm-e17">
         <name>__stack</name>
         <value>0x20000e40</value>
         <object_component_ref idref="oc-21"/>
      </symbol>
      <symbol id="sm-e18">
         <name>_c_int00_noargs</name>
         <value>0x901d</value>
         <object_component_ref idref="oc-56"/>
      </symbol>
      <symbol id="sm-e41">
         <name>__TI_auto_init_nobinit_nopinit</name>
         <value>0x8f1d</value>
         <object_component_ref idref="oc-12e"/>
      </symbol>
      <symbol id="sm-e4b">
         <name>_system_pre_init</name>
         <value>0x910d</value>
         <object_component_ref idref="oc-92"/>
      </symbol>
      <symbol id="sm-e57">
         <name>C$$EXIT</name>
         <value>0x9111</value>
         <object_component_ref idref="oc-122"/>
      </symbol>
      <symbol id="sm-e58">
         <name>abort</name>
         <value>0x9111</value>
         <object_component_ref idref="oc-122"/>
      </symbol>
      <symbol id="sm-e5b">
         <name>__TI_static_base__</name>
         <value>0x0</value>
      </symbol>
      <symbol id="sm-e5e">
         <name>__mpu_init</name>
         <value>0x0</value>
      </symbol>
      <symbol id="sm-e5f">
         <name>_system_post_cinit</name>
         <value>0x0</value>
      </symbol>
   </symbol_table>
   <title>Link successful</title>
</link_info>
